Component: ARM Compiler 5.06 update 5 (build 528) Tool: armlink [4d35e2]

==============================================================================

Section Cross References

    stm32f0xx_it.o(i.HardFault_Handler) refers to rtcc.o(i.rtccMinutesGet) for rtccMinutesGet
    stm32f0xx_it.o(i.HardFault_Handler) refers to rtcc.o(i.rtccHourGet) for rtccHourGet
    stm32f0xx_it.o(i.HardFault_Handler) refers to rtcc.o(i.rtccYearGet) for rtccYearGet
    stm32f0xx_it.o(i.HardFault_Handler) refers to rtcc.o(i.rtccMonthGet) for rtccMonthGet
    stm32f0xx_it.o(i.HardFault_Handler) refers to rtcc.o(i.rtccDayGet) for rtccDayGet
    stm32f0xx_it.o(i.HardFault_Handler) refers to historico.o(i.historicoAdd) for historicoAdd
    stm32f0xx_it.o(i.RTC_IRQHandler) refers to stm32f0xx_rtc.o(i.RTC_GetITStatus) for RTC_GetITStatus
    stm32f0xx_it.o(i.RTC_IRQHandler) refers to rtcc.o(i.rtccSecondsTick) for rtccSecondsTick
    stm32f0xx_it.o(i.RTC_IRQHandler) refers to stm32f0xx_rtc.o(i.RTC_ClearITPendingBit) for RTC_ClearITPendingBit
    stm32f0xx_it.o(i.RTC_IRQHandler) refers to stm32f0xx_exti.o(i.EXTI_ClearITPendingBit) for EXTI_ClearITPendingBit
    stm32f0xx_it.o(i.SysTick_Handler) refers to systick.o(i.sysTickTick) for sysTickTick
    m25p.o(i.m25pBulkErase) refers to spi2.o(i.spiIINCHIP_CSoff_m25p) for spiIINCHIP_CSoff_m25p
    m25p.o(i.m25pBulkErase) refers to spi2.o(i.spiIINCHIP_SpiSendData) for spiIINCHIP_SpiSendData
    m25p.o(i.m25pBulkErase) refers to spi2.o(i.spiIINCHIP_CSon_m25p) for spiIINCHIP_CSon_m25p
    m25p.o(i.m25pReadBytes) refers to spi2.o(i.spiIINCHIP_CSoff_m25p) for spiIINCHIP_CSoff_m25p
    m25p.o(i.m25pReadBytes) refers to spi2.o(i.spiIINCHIP_SpiSendData) for spiIINCHIP_SpiSendData
    m25p.o(i.m25pReadBytes) refers to spi2.o(i.spiIINCHIP_SpiRecvData) for spiIINCHIP_SpiRecvData
    m25p.o(i.m25pReadBytes) refers to spi2.o(i.spiIINCHIP_CSon_m25p) for spiIINCHIP_CSon_m25p
    m25p.o(i.m25pSectorErase) refers to spi2.o(i.spiIINCHIP_CSoff_m25p) for spiIINCHIP_CSoff_m25p
    m25p.o(i.m25pSectorErase) refers to spi2.o(i.spiIINCHIP_SpiSendData) for spiIINCHIP_SpiSendData
    m25p.o(i.m25pSectorErase) refers to spi2.o(i.spiIINCHIP_CSon_m25p) for spiIINCHIP_CSon_m25p
    m25p.o(i.m25pStatusRead) refers to spi2.o(i.spiIINCHIP_CSoff_m25p) for spiIINCHIP_CSoff_m25p
    m25p.o(i.m25pStatusRead) refers to spi2.o(i.spiIINCHIP_SpiSendData) for spiIINCHIP_SpiSendData
    m25p.o(i.m25pStatusRead) refers to spi2.o(i.spiIINCHIP_SpiRecvData) for spiIINCHIP_SpiRecvData
    m25p.o(i.m25pStatusRead) refers to spi2.o(i.spiIINCHIP_CSon_m25p) for spiIINCHIP_CSon_m25p
    m25p.o(i.m25pWriteBytes) refers to spi2.o(i.spiIINCHIP_CSoff_m25p) for spiIINCHIP_CSoff_m25p
    m25p.o(i.m25pWriteBytes) refers to spi2.o(i.spiIINCHIP_SpiSendData) for spiIINCHIP_SpiSendData
    m25p.o(i.m25pWriteBytes) refers to spi2.o(i.spiIINCHIP_CSon_m25p) for spiIINCHIP_CSon_m25p
    m25p.o(i.m25pWriteDisable) refers to spi2.o(i.spiIINCHIP_CSoff_m25p) for spiIINCHIP_CSoff_m25p
    m25p.o(i.m25pWriteDisable) refers to spi2.o(i.spiIINCHIP_SpiSendData) for spiIINCHIP_SpiSendData
    m25p.o(i.m25pWriteDisable) refers to spi2.o(i.spiIINCHIP_CSon_m25p) for spiIINCHIP_CSon_m25p
    m25p.o(i.m25pWriteEnable) refers to spi2.o(i.spiIINCHIP_CSoff_m25p) for spiIINCHIP_CSoff_m25p
    m25p.o(i.m25pWriteEnable) refers to spi2.o(i.spiIINCHIP_SpiSendData) for spiIINCHIP_SpiSendData
    m25p.o(i.m25pWriteEnable) refers to spi2.o(i.spiIINCHIP_CSon_m25p) for spiIINCHIP_CSon_m25p
    main.o(i.main) refers to stm32f0xx_rcc.o(i.RCC_APB2PeriphResetCmd) for RCC_APB2PeriphResetCmd
    main.o(i.main) refers to stm32f0xx_syscfg.o(i.SYSCFG_MemoryRemapConfig) for SYSCFG_MemoryRemapConfig
    main.o(i.main) refers to wdt.o(i.wdtInit) for wdtInit
    main.o(i.main) refers to board.o(i.boardInit) for boardInit
    main.o(i.main) refers to systick.o(i.sysTickDelay) for sysTickDelay
    main.o(i.main) refers to config.o(i.configInit) for configInit
    main.o(i.main) refers to rtcc.o(i.rtccInit) for rtccInit
    main.o(i.main) refers to embeddedbootloader.o(i.embeddedBootloaderInit) for embeddedBootloaderInit
    main.o(i.main) refers to ethtransceiver.o(i.macInit) for macInit
    main.o(i.main) refers to ethtransceiver.o(i.ethTransceiverInit) for ethTransceiverInit
    main.o(i.main) refers to historico.o(i.historicoInit) for historicoInit
    main.o(i.main) refers to test.o(i.testInit) for testInit
    main.o(i.main) refers to temp.o(i.tempInit) for tempInit
    main.o(i.main) refers to dali.o(i.daliAccessHandlerAllowAllModules) for daliAccessHandlerAllowAllModules
    main.o(i.main) refers to sensores.o(i.sensoresInit) for sensoresInit
    main.o(i.main) refers to embeddedbootloader.o(i.eBootloaderTransceiver_Check) for eBootloaderTransceiver_Check
    main.o(i.main) refers to normalink62386p209.o(i.circInit) for circInit
    main.o(i.main) refers to wdt.o(i.wdtDoTask) for wdtDoTask
    main.o(i.main) refers to ethframming.o(i.ethDoTask) for ethDoTask
[...]
    0x080011d6   0x080011d6   0x0000001a   Code   RO         6562    .text               mc_p.l(atoi.o)
    0x080011f0   0x080011f0   0x00000070   Code   RO         6585    .text               mc_p.l(strtol.o)
    0x08001260   0x08001260   0x00000024   Code   RO         6587    .text               mc_p.l(init.o)
    0x08001284   0x08001284   0x00000008   Code   RO         6589    .text               mc_p.l(ctype_o.o)
    0x0800128c   0x0800128c   0x000000a6   Code   RO         6617    .text               mc_p.l(_strtoul.o)
    0x08001332   0x08001332   0x0000001e   Code   RO         6619    .text               mc_p.l(_chval.o)
    0x08001350   0x08001350   0x0000003a   Code   RO         6629    .text               mc_p.l(__dczerorl.o)
    0x0800138a   0x0800138a   0x00000002   PAD
    0x0800138c   0x0800138c   0x0000000c   Code   RO         5584    i.EXTI_ClearITPendingBit  stm32f0xx_exti.o
    0x08001398   0x08001398   0x0000006c   Code   RO         5589    i.EXTI_Init         stm32f0xx_exti.o
    0x08001404   0x08001404   0x00000070   Code   RO         5435    i.GPIO_Init         stm32f0xx_gpio.o
    0x08001474   0x08001474   0x00000020   Code   RO         5436    i.GPIO_PinAFConfig  stm32f0xx_gpio.o
    0x08001494   0x08001494   0x0000000e   Code   RO         5439    i.GPIO_ReadInputDataBit  stm32f0xx_gpio.o
    0x080014a2   0x080014a2   0x00000004   Code   RO         5442    i.GPIO_ResetBits    stm32f0xx_gpio.o
    0x080014a6   0x080014a6   0x00000004   Code   RO         5443    i.GPIO_SetBits      stm32f0xx_gpio.o
    0x080014aa   0x080014aa   0x00000034   Code   RO            2    i.HardFault_Handler  stm32f0xx_it.o
    0x080014de   0x080014de   0x00000014   Code   RO         5851    i.I2C_Cmd           stm32f0xx_i2c.o
    0x080014f2   0x080014f2   0x00000014   Code   RO         5858    i.I2C_GenerateSTOP  stm32f0xx_i2c.o
    0x08001506   0x08001506   0x0000000e   Code   RO         5860    i.I2C_GetFlagStatus  stm32f0xx_i2c.o
    0x08001514   0x08001514   0x00000064   Code   RO         5866    i.I2C_Init          stm32f0xx_i2c.o
    0x08001578   0x08001578   0x00000006   Code   RO         5872    i.I2C_ReceiveData   stm32f0xx_i2c.o
    0x0800157e   0x0800157e   0x00000004   Code   RO         5875    i.I2C_SendData      stm32f0xx_i2c.o
    0x08001582   0x08001582   0x00000002   PAD
    0x08001584   0x08001584   0x00000020   Code   RO         5884    i.I2C_TransferHandling  stm32f0xx_i2c.o
    0x080015a4   0x080015a4   0x0000002a   Code   RO          299    i.IINCHIP_READ      w5100.o
    0x080015ce   0x080015ce   0x0000002c   Code   RO          300    i.IINCHIP_WRITE     w5100.o
    0x080015fa   0x080015fa   0x00000002   PAD
    0x080015fc   0x080015fc   0x00000010   Code   RO         6483    i.IWDG_Enable       stm32f0xx_iwdg.o
    0x0800160c   0x0800160c   0x00000010   Code   RO         6485    i.IWDG_ReloadCounter  stm32f0xx_iwdg.o
    0x0800161c   0x0800161c   0x0000000c   Code   RO         6486    i.IWDG_SetPrescaler  stm32f0xx_iwdg.o
    0x08001628   0x08001628   0x0000000c   Code   RO         6487    i.IWDG_SetReload    stm32f0xx_iwdg.o
    0x08001634   0x08001634   0x0000000c   Code   RO         6489    i.IWDG_WriteAccessCmd  stm32f0xx_iwdg.o
    0x08001640   0x08001640   0x00000002   Code   RO            3    i.NMI_Handler       stm32f0xx_it.o
    0x08001642   0x08001642   0x00000002   PAD
    0x08001644   0x08001644   0x00000050   Code   RO         5400    i.NVIC_Init         stm32f0xx_misc.o
    0x08001694   0x08001694   0x00000018   Code   RO         6413    i.PWR_BackupAccessCmd  stm32f0xx_pwr.o
    0x080016ac   0x080016ac   0x00000002   Code   RO            4    i.PendSV_Handler    stm32f0xx_it.o
    0x080016ae   0x080016ae   0x00000002   PAD
    0x080016b0   0x080016b0   0x00000028   Code   RO         4133    i.QuerySensorEnabledCb  sensorscanning.o
    0x080016d8   0x080016d8   0x00000028   Code   RO         4134    i.QuerySensorModeCb  sensorscanning.o
    0x08001700   0x08001700   0x0000002c   Code   RO         4135    i.QuerySensorSerial1Cb  sensorscanning.o
    0x0800172c   0x0800172c   0x0000002c   Code   RO         4136    i.QuerySensorSerial2Cb  sensorscanning.o
    0x08001758   0x08001758   0x0000002c   Code   RO         4137    i.QuerySensorSerial3Cb  sensorscanning.o
    0x08001784   0x08001784   0x0000002c   Code   RO         4138    i.QuerySensorSerial4Cb  sensorscanning.o
    0x080017b0   0x080017b0   0x00000028   Code   RO         4139    i.QuerySensorTypeCb  sensorscanning.o
    0x080017d8   0x080017d8   0x00000018   Code   RO         5092    i.RCC_AHBPeriphClockCmd  stm32f0xx_rcc.o
    0x080017f0   0x080017f0   0x00000018   Code   RO         5094    i.RCC_APB1PeriphClockCmd  stm32f0xx_rcc.o
    0x08001808   0x08001808   0x00000018   Code   RO         5095    i.RCC_APB1PeriphResetCmd  stm32f0xx_rcc.o
    0x08001820   0x08001820   0x00000018   Code   RO         5096    i.RCC_APB2PeriphClockCmd  stm32f0xx_rcc.o
    0x08001838   0x08001838   0x00000018   Code   RO         5097    i.RCC_APB2PeriphResetCmd  stm32f0xx_rcc.o
    0x08001850   0x08001850   0x0000005c   Code   RO         5105    i.RCC_DeInit        stm32f0xx_rcc.o
    0x080018ac   0x080018ac   0x00000034   Code   RO         5107    i.RCC_GetFlagStatus  stm32f0xx_rcc.o
    0x080018e0   0x080018e0   0x00000018   Code   RO         5115    i.RCC_I2CCLKConfig  stm32f0xx_rcc.o
    0x080018f8   0x080018f8   0x00000020   Code   RO         5117    i.RCC_LSEConfig     stm32f0xx_rcc.o
    0x08001918   0x08001918   0x0000001c   Code   RO         5122    i.RCC_PLLCmd        stm32f0xx_rcc.o
    0x08001934   0x08001934   0x0000001c   Code   RO         5123    i.RCC_PLLConfig     stm32f0xx_rcc.o
    0x08001950   0x08001950   0x0000001c   Code   RO         5125    i.RCC_RTCCLKCmd     stm32f0xx_rcc.o
    0x0800196c   0x0800196c   0x00000010   Code   RO         5126    i.RCC_RTCCLKConfig  stm32f0xx_rcc.o
    0x0800197c   0x0800197c   0x00000014   Code   RO         5127    i.RCC_SYSCLKConfig  stm32f0xx_rcc.o
    0x08001990   0x08001990   0x00000050   Code   RO         6108    i.RTC_AlarmCmd      stm32f0xx_rtc.o
    0x080019e0   0x080019e0   0x00000014   Code   RO         6109    i.RTC_AlarmStructInit  stm32f0xx_rtc.o
    0x080019f4   0x080019f4   0x00000010   Code   RO         6111    i.RTC_Bcd2ToByte    stm32f0xx_rtc.o
    0x08001a04   0x08001a04   0x00000018   Code   RO         6113    i.RTC_ByteToBcd2    stm32f0xx_rtc.o
    0x08001a1c   0x08001a1c   0x00000028   Code   RO         6114    i.RTC_CalibOutputCmd  stm32f0xx_rtc.o
    0x08001a44   0x08001a44   0x0000001c   Code   RO         6117    i.RTC_ClearITPendingBit  stm32f0xx_rtc.o
    0x08001a60   0x08001a60   0x0000003c   Code   RO         6121    i.RTC_EnterInitMode  stm32f0xx_rtc.o
    0x08001a9c   0x08001a9c   0x00000010   Code   RO         6122    i.RTC_ExitInitMode  stm32f0xx_rtc.o
    0x08001aac   0x08001aac   0x00000048   Code   RO         6125    i.RTC_GetDate       stm32f0xx_rtc.o
    0x08001af4   0x08001af4   0x0000003c   Code   RO         6127    i.RTC_GetITStatus   stm32f0xx_rtc.o
    0x08001b30   0x08001b30   0x00000050   Code   RO         6130    i.RTC_GetTime       stm32f0xx_rtc.o
    0x08001b80   0x08001b80   0x00000024   Code   RO            5    i.RTC_IRQHandler    stm32f0xx_it.o
    0x08001ba4   0x08001ba4   0x0000003c   Code   RO         6133    i.RTC_ITConfig      stm32f0xx_rtc.o
    0x08001be0   0x08001be0   0x00000048   Code   RO         6134    i.RTC_Init          stm32f0xx_rtc.o
    0x08001c28   0x08001c28   0x00000014   Code   RO         6137    i.RTC_ReadBackupRegister  stm32f0xx_rtc.o
    0x08001c3c   0x08001c3c   0x00000088   Code   RO         6139    i.RTC_SetAlarm      stm32f0xx_rtc.o
    0x08001cc4   0x08001cc4   0x00000094   Code   RO         6140    i.RTC_SetDate       stm32f0xx_rtc.o
    0x08001d58   0x08001d58   0x00000090   Code   RO         6141    i.RTC_SetTime       stm32f0xx_rtc.o
    0x08001de8   0x08001de8   0x00000050   Code   RO         6154    i.RTC_WaitForSynchro  stm32f0xx_rtc.o
    0x08001e38   0x08001e38   0x00000014   Code   RO         6155    i.RTC_WriteBackupRegister  stm32f0xx_rtc.o
    0x08001e4c   0x08001e4c   0x00000012   Code   RO         5650    i.SPI_Cmd           stm32f0xx_spi.o
    0x08001e5e   0x08001e5e   0x0000000a   Code   RO         5654    i.SPI_GetReceptionFIFOStatus  stm32f0xx_spi.o
    0x08001e68   0x08001e68   0x00000040   Code   RO         5658    i.SPI_I2S_DeInit    stm32f0xx_spi.o
    0x08001ea8   0x08001ea8   0x0000000e   Code   RO         5659    i.SPI_I2S_GetFlagStatus  stm32f0xx_spi.o
    0x08001eb6   0x08001eb6   0x00000002   PAD
    0x08001eb8   0x08001eb8   0x00000054   Code   RO         5664    i.SPI_Init          stm32f0xx_spi.o
    0x08001f0c   0x08001f0c   0x00000004   Code   RO         5668    i.SPI_ReceiveData8  stm32f0xx_spi.o
    0x08001f10   0x08001f10   0x00000014   Code   RO         5669    i.SPI_RxFIFOThresholdConfig  stm32f0xx_spi.o
    0x08001f24   0x08001f24   0x00000004   Code   RO         5671    i.SPI_SendData8     stm32f0xx_spi.o
    0x08001f28   0x08001f28   0x00000002   Code   RO            6    i.SVC_Handler       stm32f0xx_it.o
    0x08001f2a   0x08001f2a   0x00000002   PAD
    0x08001f2c   0x08001f2c   0x00000014   Code   RO         5532    i.SYSCFG_MemoryRemapConfig  stm32f0xx_syscfg.o
    0x08001f40   0x08001f40   0x0000003c   Code   RO         4140    i.SendQuerySensorEnabled  sensorscanning.o
    0x08001f7c   0x08001f7c   0x0000003c   Code   RO         4141    i.SendQuerySensorMode  sensorscanning.o
    0x08001fb8   0x08001fb8   0x0000003c   Code   RO         4142    i.SendQuerySensorSerial1  sensorscanning.o
    0x08001ff4   0x08001ff4   0x0000003c   Code   RO         4143    i.SendQuerySensorSerial2  sensorscanning.o
    0x08002030   0x08002030   0x0000003c   Code   RO         4144    i.SendQuerySensorSerial3  sensorscanning.o
    0x0800206c   0x0800206c   0x0000003c   Code   RO         4145    i.SendQuerySensorSerial4  sensorscanning.o
    0x080020a8   0x080020a8   0x0000003c   Code   RO         4146    i.SendQuerySensorType  sensorscanning.o
    0x080020e4   0x080020e4   0x00000060   Code   RO          267    i.SetSysClock       system_stm32f0xx.o
    0x08002144   0x08002144   0x00000008   Code   RO            7    i.SysTick_Handler   stm32f0xx_it.o
    0x0800214c   0x0800214c   0x00000060   Code   RO          269    i.SystemInit        system_stm32f0xx.o
    0x080021ac   0x080021ac   0x000000c8   Code   RO         2148    i.Update_Groups     normalink62386p102.o
    0x08002274   0x08002274   0x0000001a   Code   RO         1083    i.__ARM_common_switch8  dali.o
    0x0800228e   0x0800228e   0x00000002   PAD
    0x08002290   0x08002290   0x00000008   Code   RO         6578    i.__aeabi_errno_addr  mc_p.l(errno.o)
    0x08002298   0x08002298   0x0000000e   Code   RO         6623    i.__scatterload_copy  mc_p.l(handlers.o)
    0x080022a6   0x080022a6   0x00000002   Code   RO         6624    i.__scatterload_null  mc_p.l(handlers.o)
    0x080022a8   0x080022a8   0x0000000e   Code   RO         6625    i.__scatterload_zeroinit  mc_p.l(handlers.o)
    0x080022b6   0x080022b6   0x00000002   PAD
    0x080022b8   0x080022b8   0x0000006c   Code   RO         2503    i._ping_request     ethping.o
    0x08002324   0x08002324   0x00000008   Code   RO         3744    i._sensoresDALIcomandoArcoDirectoEnviar  sensores.o
    0x0800232c   0x0800232c   0x00000008   Code   RO         3746    i._sensoresDALIdownEnviar  sensores.o
    0x08002334   0x08002334   0x0000000a   Code   RO         3747    i._sensoresDALIgoToSceneEnviar  sensores.o
    0x0800233e   0x0800233e   0x00000008   Code   RO         3749    i._sensoresDALIoffEnviar  sensores.o
    0x08002346   0x08002346   0x0000000a   Code   RO         3750    i._sensoresDALIonAndStepUpEnviar  sensores.o
    0x08002350   0x08002350   0x00000008   Code   RO         3751    i._sensoresDALIquerySensorStatusEnviar  sensores.o
    0x08002358   0x08002358   0x00000008   Code   RO         3753    i._sensoresDALIrecallMaxLevelEnviar  sensores.o
    0x08002360   0x08002360   0x0000000a   Code   RO         3754    i._sensoresDALItcStepDownEnviar  sensores.o
    0x0800236a   0x0800236a   0x0000000a   Code   RO         3755    i._sensoresDALItcStepUpEnviar  sensores.o
    0x08002374   0x08002374   0x00000008   Code   RO         3757    i._sensoresDALIupEnviar  sensores.o
    0x0800237c   0x0800237c   0x0000005c   Code   RO         2923    i._sensoresGruposAccionDAPCSet  sensoresgrupos.o
    0x080023d8   0x080023d8   0x00000014   Code   RO         2924    i._sensoresGruposAccionDownSet  sensoresgrupos.o
    0x080023ec   0x080023ec   0x00000014   Code   RO         2925    i._sensoresGruposAccionGoToSceneSet  sensoresgrupos.o
    0x08002400   0x08002400   0x00000028   Code   RO         2926    i._sensoresGruposAccionOffSet  sensoresgrupos.o
    0x08002428   0x08002428   0x0000000c   Code   RO         2927    i._sensoresGruposAccionOnAndStepUpSet  sensoresgrupos.o
    0x08002434   0x08002434   0x00000014   Code   RO         2928    i._sensoresGruposAccionQuerySensorStatusSet  sensoresgrupos.o
    0x08002448   0x08002448   0x00000028   Code   RO         2929    i._sensoresGruposAccionRecallMaxLevelSet  sensoresgrupos.o
    0x08002470   0x08002470   0x00000014   Code   RO         2930    i._sensoresGruposAccionTcStepDownSet  sensoresgrupos.o
    0x08002484   0x08002484   0x00000014   Code   RO         2931    i._sensoresGruposAccionTcStepUpSet  sensoresgrupos.o
    0x08002498   0x08002498   0x00000014   Code   RO         2932    i._sensoresGruposAccionUpSet  sensoresgrupos.o
    0x080024ac   0x080024ac   0x0000001c   Code   RO         2933    i._sensoresGruposAlgunEquipoApagadoGet  sensoresgrupos.o
    0x080024c8   0x080024c8   0x00000018   Code   RO         2934    i._sensoresGruposAlgunoOperativoClear  sensoresgrupos.o
    0x080024e0   0x080024e0   0x00000014   Code   RO         2935    i._sensoresGruposAlgunoOperativoGet  sensoresgrupos.o
    0x080024f4   0x080024f4   0x00000018   Code   RO         2936    i._sensoresGruposAlgunoOperativoSet  sensoresgrupos.o
    0x0800250c   0x0800250c   0x0000000a   Code   RO         2938    i._sensoresGruposForMeGet  sensoresgrupos.o
    0x08002516   0x08002516   0x00000060   Code   RO         2939    i._sensoresGruposOffActionCall  sensoresgrupos.o
    0x08002576   0x08002576   0x00000060   Code   RO         2940    i._sensoresGruposOnActionCall  sensoresgrupos.o
    0x080025d6   0x080025d6   0x00000002   PAD
    0x080025d8   0x080025d8   0x0000022c   Code   RO         2603    i._webserverPrintIp  webserver.o
    0x08002804   0x08002804   0x0000013c   Code   RO         2604    i._webserverUtilsStringFromBufferGet  webserver.o
    0x08002940   0x08002940   0x000000d8   Code   RO         2605    i._webserverUtilsStringToIp  webserver.o
    0x08002a18   0x08002a18   0x00000028   Code   RO         4844    i.actualLevelAddressPerteneceGrupoGet  actuallevel.o
    0x08002a40   0x08002a40   0x00000098   Code   RO         4845    i.actualLevelCmdNotify  actuallevel.o
    0x08002ad8   0x08002ad8   0x00000020   Code   RO         4846    i.actualLevelDestTipoGet  actuallevel.o
    0x08002af8   0x08002af8   0x00000082   Code   RO         4847    i.actualLevelGrupoGet  actuallevel.o
    0x08002b7a   0x08002b7a   0x0000004e   Code   RO         4848    i.actualLevelGruposAfectadosGet  actuallevel.o
    0x08002bc8   0x08002bc8   0x00000048   Code   RO         4849    i.actualLevelGruposPerteneceGet  actuallevel.o
    0x08002c10   0x08002c10   0x00000022   Code   RO         4850    i.actualLevelLvlToStoreGet  actuallevel.o
    0x08002c32   0x08002c32   0x00000062   Code   RO         4851    i.actualLevel_GrupoValoresGet  actuallevel.o
    0x08002c94   0x08002c94   0x0000002c   Code   RO          301    i.applySUBR         w5100.o
    0x08002cc0   0x08002cc0   0x0000001a   Code   RO         4067    i.arrayPop          utils.o
    0x08002cda   0x08002cda   0x0000001a   Code   RO         4068    i.arrayPush         utils.o
    0x08002cf4   0x08002cf4   0x0000004c   Code   RO         1604    i.belongsGroupGet   config.o
    0x08002d40   0x08002d40   0x00000060   Code   RO         1605    i.belongsGroupSet   config.o
    0x08002da0   0x08002da0   0x000002d8   Code   RO         1911    i.boardInit         board.o
    0x08003078   0x08003078   0x0000000e   Code   RO         1912    i.board_AvrBootClear  board.o
    0x08003086   0x08003086   0x0000000e   Code   RO         1913    i.board_AvrBootSet  board.o
    0x08003094   0x08003094   0x00000010   Code   RO         1914    i.board_LedRojoOff  board.o
    0x080030a4   0x080030a4   0x00000010   Code   RO         1915    i.board_LedRojoOn   board.o
    0x080030b4   0x080030b4   0x00000010   Code   RO         1916    i.board_LedVerdeOff  board.o
    0x080030c4   0x080030c4   0x00000010   Code   RO         1917    i.board_LedVerdeOn  board.o
    0x080030d4   0x080030d4   0x000000bc   Code   RO         2234    i.botoneraDoTask    botonera.o
    0x08003190   0x08003190   0x0000000c   Code   RO         2235    i.botoneraFailLedApagar  botonera.o
    0x0800319c   0x0800319c   0x00000010   Code   RO         2236    i.botoneraFailLedBlink  botonera.o
    0x080031ac   0x080031ac   0x0000000c   Code   RO         2237    i.botoneraFailLedEncender  botonera.o
    0x080031b8   0x080031b8   0x00000010   Code   RO         2238    i.botoneraLinkLedBlink  botonera.o
    0x080031c8   0x080031c8   0x0000000c   Code   RO         2239    i.botoneraTestOff   botonera.o
    0x080031d4   0x080031d4   0x00000010   Code   RO         2240    i.botoneraTestOn    botonera.o
    0x080031e4   0x080031e4   0x00000058   Code   RO         2241    i.botoneraTick      botonera.o
    0x0800323c   0x0800323c   0x0000000c   Code   RO         4069    i.bytePop           utils.o
    0x08003248   0x08003248   0x0000000a   Code   RO         4070    i.bytePush          utils.o
    0x08003252   0x08003252   0x00000038   Code   RO         2504    i.checksum          ethping.o
    0x0800328a   0x0800328a   0x00000002   PAD
    0x0800328c   0x0800328c   0x00000084   Code   RO         4961    i.circActualizar    normalink62386p209.o
    0x08003310   0x08003310   0x0000002c   Code   RO         4962    i.circDoTask        normalink62386p209.o
    0x0800333c   0x0800333c   0x00000020   Code   RO         4963    i.circGruposInhibidosClear  normalink62386p209.o
    0x0800335c   0x0800335c   0x00000020   Code   RO         4964    i.circGruposInhibidosSet  normalink62386p209.o
    0x0800337c   0x0800337c   0x00000018   Code   RO         4966    i.circInit          normalink62386p209.o
    0x08003394   0x08003394   0x00000048   Code   RO          302    i.clearSUBR         w5100.o
    0x080033dc   0x080033dc   0x0000002c   Code   RO          654    i.close             socket.o
    0x08003408   0x08003408   0x00000018   Code   RO         4702    i.cmd_DTR_cb        sensorstoring.o
    0x08003420   0x08003420   0x0000001c   Code   RO         4703    i.cmd_ENABLE_DISABLE_cb  sensorstoring.o
    0x0800343c   0x0800343c   0x00000018   Code   RO         4704    i.cmd_FINISH_CONFIG_cb  sensorstoring.o
    0x08003454   0x08003454   0x0000001c   Code   RO         4705    i.cmd_QUERY_ENABLE_DISABLE_cb  sensorstoring.o
    0x08003470   0x08003470   0x00000074   Code   RO         4706    i.cmd_QUERY_MODE_cb  sensorstoring.o
    0x080034e4   0x080034e4   0x0000001c   Code   RO         4707    i.cmd_QUERY_SETPOINT_cb  sensorstoring.o
    0x08003500   0x08003500   0x0000001c   Code   RO         4708    i.cmd_SET_MODE_cb   sensorstoring.o
    0x0800351c   0x0800351c   0x00000018   Code   RO         4709    i.cmd_SET_SETPOINT_cb  sensorstoring.o
    0x08003534   0x08003534   0x00000018   Code   RO         4710    i.cmd_START_CONFIG_cb  sensorstoring.o
    0x0800354c   0x0800354c   0x00000018   Code   RO         1606    i.configAdminPassGet  config.o
    0x08003564   0x08003564   0x00000020   Code   RO         1607    i.configAdminPassSet  config.o
    0x08003584   0x08003584   0x00000020   Code   RO         1608    i.configDaliLoopDeviceTypeGet  config.o
    0x080035a4   0x080035a4   0x00000028   Code   RO         1610    i.configDaliLoopDeviceTypeSet  config.o
    0x080035cc   0x080035cc   0x00000020   Code   RO         1612    i.configDaliLoopGroupHighSet  config.o
    0x080035ec   0x080035ec   0x00000020   Code   RO         1614    i.configDaliLoopGroupLowSet  config.o
    0x0800360c   0x0800360c   0x00000018   Code   RO         1616    i.configDaliLoopInstalledGet  config.o
    0x08003624   0x08003624   0x00000020   Code   RO         1618    i.configDaliLoopInstalledSet  config.o
    0x08003644   0x08003644   0x00000018   Code   RO         1619    i.configGatewayAddressGet  config.o
    0x0800365c   0x0800365c   0x00000020   Code   RO         1620    i.configGatewayAddressSet  config.o
    0x0800367c   0x0800367c   0x000000d8   Code   RO         1621    i.configInit        config.o
    0x08003754   0x08003754   0x00000030   Code   RO         1622    i.configInterfacesConfiguracionGet  config.o
    0x08003784   0x08003784   0x00000038   Code   RO         1623    i.configInterfacesConfiguracionSet  config.o
    0x080037bc   0x080037bc   0x00000018   Code   RO         1624    i.configInterfacesFinalizarConfiguracion  config.o
    0x080037d4   0x080037d4   0x00000030   Code   RO         1625    i.configInterfacesIniciarConfiguracion  config.o
    0x08003804   0x08003804   0x00000018   Code   RO         1626    i.configIpAddressGet  config.o
    0x0800381c   0x0800381c   0x00000020   Code   RO         1627    i.configIpAddressSet  config.o
    0x0800383c   0x0800383c   0x00000018   Code   RO         1628    i.configMantenedorPassGet  config.o
    0x08003854   0x08003854   0x00000020   Code   RO         1629    i.configMantenedorPassSet  config.o
    0x08003874   0x08003874   0x00000018   Code   RO         1630    i.configNombreEdificioGet  config.o
    0x0800388c   0x0800388c   0x00000020   Code   RO         1631    i.configNombreEdificioSet  config.o
    0x080038ac   0x080038ac   0x00000018   Code   RO         1632    i.configNombreLineaGet  config.o
    0x080038c4   0x080038c4   0x00000020   Code   RO         1633    i.configNombreLineaSet  config.o
    0x080038e4   0x080038e4   0x00000090   Code   RO         1634    i.configResetNetworkSettings  config.o
    0x08003974   0x08003974   0x00000030   Code   RO         1636    i.configSensoresConfiguracionGet  config.o
    0x080039a4   0x080039a4   0x0000004c   Code   RO         1637    i.configSensoresConfiguracionSet  config.o
    0x080039f0   0x080039f0   0x00000018   Code   RO         1638    i.configSensoresFinalizarConfiguracion  config.o
    0x08003a08   0x08003a08   0x00000028   Code   RO         1639    i.configSensoresGruposConfiguracionGet  config.o
    0x08003a30   0x08003a30   0x00000038   Code   RO         1640    i.configSensoresGruposConfiguracionSet  config.o
    0x08003a68   0x08003a68   0x00000028   Code   RO         1642    i.configSensoresIniciarConfiguracion  config.o
    0x08003a90   0x08003a90   0x000001fc   Code   RO         1643    i.configStoreInFlash  config.o
    0x08003c8c   0x08003c8c   0x00000018   Code   RO         1644    i.configSubmaskAddressGet  config.o
    0x08003ca4   0x08003ca4   0x00000020   Code   RO         1645    i.configSubmaskAddressSet  config.o
    0x08003cc4   0x08003cc4   0x00000060   Code   RO         1646    i.configTempGet     config.o
    0x08003d24   0x08003d24   0x0000002a   Code   RO         1647    i.configTempInit    config.o
    0x08003d4e   0x08003d4e   0x00000002   PAD
    0x08003d50   0x08003d50   0x00000058   Code   RO         1649    i.configTempSet     config.o
    0x08003da8   0x08003da8   0x00000044   Code   RO         1650    i.configTestGet     config.o
    0x08003dec   0x08003dec   0x0000002a   Code   RO         1651    i.configTestInit    config.o
    0x08003e16   0x08003e16   0x00000002   PAD
    0x08003e18   0x08003e18   0x00000048   Code   RO         1653    i.configTestSet     config.o
    0x08003e60   0x08003e60   0x0000002c   Code   RO          725    i.dACompareCb       daliaddressing.o
    0x08003e8c   0x08003e8c   0x00000054   Code   RO          726    i.dACompareSend     daliaddressing.o
    0x08003ee0   0x08003ee0   0x00000044   Code   RO         4335    i.dADSADoTask       dadsa.o
    0x08003f24   0x08003f24   0x0000000c   Code   RO         4336    i.dADSADoneFlagClear  dadsa.o
    0x08003f30   0x08003f30   0x00000038   Code   RO         4337    i.dADSAStart        dadsa.o
    0x08003f68   0x08003f68   0x00000018   Code   RO          727    i.dADTRCb           daliaddressing.o
    0x08003f80   0x08003f80   0x00000040   Code   RO          728    i.dADTRSend         daliaddressing.o
    0x08003fc0   0x08003fc0   0x00000018   Code   RO          729    i.dAInitializeCb    daliaddressing.o
    0x08003fd8   0x08003fd8   0x00000054   Code   RO          730    i.dAInitializeSend  daliaddressing.o
    0x0800402c   0x0800402c   0x000000d0   Code   RO         4364    i.dALSDoTask        dals.o
    0x080040fc   0x080040fc   0x00000038   Code   RO         4366    i.dALSStart         dals.o
    0x08004134   0x08004134   0x00000134   Code   RO         4404    i.dANIDoTask        dani.o
    0x08004268   0x08004268   0x0000001c   Code   RO         4405    i.dANIGotoStage     dani.o
    0x08004284   0x08004284   0x0000003c   Code   RO         4407    i.dANIStart         dani.o
    0x080042c0   0x080042c0   0x000001dc   Code   RO         4443    i.dAPSADoTask       dapsa.o
    0x0800449c   0x0800449c   0x0000000c   Code   RO         4444    i.dAPSADoneFlagClear  dapsa.o
    0x080044a8   0x080044a8   0x00000044   Code   RO         4445    i.dAPSAGotoStage    dapsa.o
    0x080044ec   0x080044ec   0x0000006c   Code   RO         4447    i.dAPSAStart        dapsa.o
    0x08004558   0x08004558   0x00000018   Code   RO          731    i.dAProgramSAddrCb  daliaddressing.o
    0x08004570   0x08004570   0x00000054   Code   RO          732    i.dAProgramSAddrSend  daliaddressing.o
    0x080045c4   0x080045c4   0x00000048   Code   RO         4489    i.dAQCGLDoTask      daqcgl.o
    0x0800460c   0x0800460c   0x0000000c   Code   RO         4490    i.dAQCGLDoneFlagClear  daqcgl.o
    0x08004618   0x08004618   0x00000048   Code   RO         4492    i.dAQCGLStart       daqcgl.o
    0x08004660   0x08004660   0x00000060   Code   RO         4524    i.dAQDTLDoTask      daqdtl.o
    0x080046c0   0x080046c0   0x0000000c   Code   RO         4525    i.dAQDTLDoneFlagClear  daqdtl.o
    0x080046cc   0x080046cc   0x00000048   Code   RO         4526    i.dAQDTLStart       daqdtl.o
    0x08004714   0x08004714   0x00000028   Code   RO          733    i.dAQGroupsHighCb   daliaddressing.o
    0x0800473c   0x0800473c   0x0000003c   Code   RO          734    i.dAQGroupsHighSend  daliaddressing.o
    0x08004778   0x08004778   0x00000028   Code   RO          735    i.dAQGroupsLowCb    daliaddressing.o
    0x080047a0   0x080047a0   0x0000003c   Code   RO          736    i.dAQGroupsLowSend  daliaddressing.o
    0x080047dc   0x080047dc   0x00000058   Code   RO          737    i.dAQueryCGLoopCb   daliaddressing.o
    0x08004834   0x08004834   0x00000048   Code   RO          738    i.dAQueryCGLoopSend  daliaddressing.o
    0x0800487c   0x0800487c   0x0000008c   Code   RO          739    i.dAQueryDTCb       daliaddressing.o
    0x08004908   0x08004908   0x00000040   Code   RO          740    i.dAQueryDTSend     daliaddressing.o
    0x08004948   0x08004948   0x0000002c   Code   RO          741    i.dAQueryMissingSAddrCb  daliaddressing.o
    0x08004974   0x08004974   0x00000024   Code   RO          743    i.dAQueryShortAddrCb  daliaddressing.o
    0x08004998   0x08004998   0x00000058   Code   RO          744    i.dAQueryShortAddrSend  daliaddressing.o
    0x080049f0   0x080049f0   0x00000018   Code   RO          745    i.dARandomizeCb     daliaddressing.o
    0x08004a08   0x08004a08   0x00000054   Code   RO          746    i.dARandomizeSend   daliaddressing.o
    0x08004a5c   0x08004a5c   0x000000d8   Code   RO         4555    i.dASEDoTask        dase.o
    0x08004b34   0x08004b34   0x0000001c   Code   RO         4556    i.dASEGotoStage     dase.o
    0x08004b50   0x08004b50   0x00000038   Code   RO         4558    i.dASEStart         dase.o
    0x08004b88   0x08004b88   0x0000054c   Code   RO         4594    i.dASRADoTask       dasra.o
    0x080050d4   0x080050d4   0x0000000c   Code   RO         4595    i.dASRADoneFlagClear  dasra.o
    0x080050e0   0x080050e0   0x0000000c   Code   RO         4596    i.dASRAEncontradosHGet  dasra.o
    0x080050ec   0x080050ec   0x00000010   Code   RO         4597    i.dASRAEncontradosLGet  dasra.o
    0x080050fc   0x080050fc   0x00000010   Code   RO         4598    i.dASRAEncontradosMGet  dasra.o
    0x0800510c   0x0800510c   0x00000054   Code   RO         4599    i.dASRAGotoStage    dasra.o
    0x08005160   0x08005160   0x0000006c   Code   RO         4601    i.dASRAStart        dasra.o
    0x080051cc   0x080051cc   0x00000018   Code   RO          747    i.dASearchAddrHCb   daliaddressing.o
    0x080051e4   0x080051e4   0x00000054   Code   RO          748    i.dASearchAddrHSend  daliaddressing.o
    0x08005238   0x08005238   0x00000018   Code   RO          749    i.dASearchAddrLCb   daliaddressing.o
    0x08005250   0x08005250   0x00000054   Code   RO          750    i.dASearchAddrLSend  daliaddressing.o
    0x080052a4   0x080052a4   0x00000018   Code   RO          751    i.dASearchAddrMCb   daliaddressing.o
    0x080052bc   0x080052bc   0x00000054   Code   RO          752    i.dASearchAddrMSend  daliaddressing.o
    0x08005310   0x08005310   0x00000018   Code   RO          753    i.dAStoreDTRAsAddrCb  daliaddressing.o
    0x08005328   0x08005328   0x00000040   Code   RO          754    i.dAStoreDTRAsAddrSend  daliaddressing.o
    0x08005368   0x08005368   0x00000018   Code   RO          755    i.dATerminateCb     daliaddressing.o
    0x08005380   0x08005380   0x00000054   Code   RO          756    i.dATerminateSend   daliaddressing.o
    0x080053d4   0x080053d4   0x00000018   Code   RO          757    i.dAWithdrawCb      daliaddressing.o
    0x080053ec   0x080053ec   0x00000054   Code   RO          758    i.dAWithdrawSend    daliaddressing.o
    0x08005440   0x08005440   0x00000024   Code   RO         1015    i.daliAccessHandlerAddrLock  dali.o
    0x08005464   0x08005464   0x00000020   Code   RO         1016    i.daliAccessHandlerAddrUnlock  dali.o
    0x08005484   0x08005484   0x00000020   Code   RO         1017    i.daliAccessHandlerAllowAllModules  dali.o
    0x080054a4   0x080054a4   0x0000005c   Code   RO         1018    i.daliAccessHandlerAllowOnlyThisModule  dali.o
    0x08005500   0x08005500   0x000000a6   Code   RO          759    i.daliAddressingDaliNotifyCb  daliaddressing.o
    0x080055a6   0x080055a6   0x00000002   PAD
    0x080055a8   0x080055a8   0x00000050   Code   RO          760    i.daliAddressingDebug  daliaddressing.o
    0x080055f8   0x080055f8   0x00000028   Code   RO          762    i.daliAddressingDoTask  daliaddressing.o
    0x08005620   0x08005620   0x00000004   Code   RO          763    i.daliAddressingGroupScanStart  daliaddressing.o
    0x08005624   0x08005624   0x0000004c   Code   RO          764    i.daliAddressingLineScanStart  daliaddressing.o
    0x08005670   0x08005670   0x00000060   Code   RO          765    i.daliAddressingNewInitialisationStart  daliaddressing.o
    0x080056d0   0x080056d0   0x00000048   Code   RO          766    i.daliAddressingNotify  daliaddressing.o
    0x08005718   0x08005718   0x00000054   Code   RO          769    i.daliAddressingSystemExtensionStart  daliaddressing.o
    0x0800576c   0x0800576c   0x00000054   Code   RO         1019    i.daliBufferSend    dali.o
    0x080057c0   0x080057c0   0x0000006c   Code   RO         1099    i.daliBufferTransceiverSend  dalitransceiver.o
    0x0800582c   0x0800582c   0x000002f8   Code   RO         1021    i.daliDoTask        dali.o
    0x08005b24   0x08005b24   0x0000004c   Code   RO         1165    i.daliLoopActualLevelApplyGet  daliloop.o
    0x08005b70   0x08005b70   0x0000000c   Code   RO         1166    i.daliLoopActualLevelDiscard  daliloop.o
    0x08005b7c   0x08005b7c   0x00000054   Code   RO         1167    i.daliLoopActualLevelGet  daliloop.o
    0x08005bd0   0x08005bd0   0x00000020   Code   RO         1168    i.daliLoopActualLevelSet  daliloop.o
    0x08005bf0   0x08005bf0   0x0000000c   Code   RO         1170    i.daliLoopActualLevelValidGet  daliloop.o
    0x08005bfc   0x08005bfc   0x00000120   Code   RO         1173    i.daliLoopBatchFrameProcess  daliloop.o
    0x08005d1c   0x08005d1c   0x00000010   Code   RO         1174    i.daliLoopDeviceBitFromByteArrayGet  daliloop.o
    0x08005d2c   0x08005d2c   0x00000042   Code   RO         1175    i.daliLoopDeviceTypeGet  daliloop.o
    0x08005d6e   0x08005d6e   0x00000060   Code   RO         1178    i.daliLoopDeviceTypeMatchArrayByteGet  daliloop.o
    0x08005dce   0x08005dce   0x00000002   PAD
    0x08005dd0   0x08005dd0   0x00000180   Code   RO         1179    i.daliLoopDoTask    daliloop.o
    0x08005f50   0x08005f50   0x00000060   Code   RO         1180    i.daliLoopEmergencyModeGet  daliloop.o
    0x08005fb0   0x08005fb0   0x00000030   Code   RO         1181    i.daliLoopErrorComCntDecrease  daliloop.o
    0x08005fe0   0x08005fe0   0x00000030   Code   RO         1182    i.daliLoopErrorComCntIncrease  daliloop.o
    0x08006010   0x08006010   0x0000000c   Code   RO         1183    i.daliLoopErrorComGet  daliloop.o
    0x0800601c   0x0800601c   0x00000060   Code   RO         1184    i.daliLoopFailureStatusGet  daliloop.o
    0x0800607c   0x0800607c   0x00000048   Code   RO         1186    i.daliLoopInstalledArrayByteGet  daliloop.o
    0x080060c4   0x080060c4   0x0000001c   Code   RO         1187    i.daliLoopInstalledGet  daliloop.o
    0x080060e0   0x080060e0   0x00000014   Code   RO         1188    i.daliLoopRtccTick  daliloop.o
    0x080060f4   0x080060f4   0x00000050   Code   RO         1189    i.daliLoopStatusGet  daliloop.o
    0x08006144   0x08006144   0x0000014c   Code   RO         1191    i.daliLoopValidByteGet  daliloop.o
    0x08006290   0x08006290   0x00000074   Code   RO         1022    i.daliSend          dali.o
    0x08006304   0x08006304   0x00000020   Code   RO         1023    i.daliSendInProgressGet  dali.o
    0x08006324   0x08006324   0x0000005c   Code   RO         3933    i.daliSensoresComandoArcoDirectoEnviar  dalisensores.o
    0x08006380   0x08006380   0x000001cc   Code   RO         3934    i.daliSensoresDaliNotifyCb  dalisensores.o
    0x0800654c   0x0800654c   0x00000058   Code   RO         3935    i.daliSensoresDownEnviar  dalisensores.o
    0x080065a4   0x080065a4   0x0000005c   Code   RO         3936    i.daliSensoresGoToSceneEnviar  dalisensores.o
    0x08006600   0x08006600   0x00000024   Code   RO         3937    i.daliSensoresModoInterfazRecibidoProcesar  dalisensores.o
    0x08006624   0x08006624   0x0000000c   Code   RO         3938    i.daliSensoresNivelLuzRecibidoProcesar  dalisensores.o
    0x08006630   0x08006630   0x00000058   Code   RO         3939    i.daliSensoresOffEnviar  dalisensores.o
    0x08006688   0x08006688   0x00000048   Code   RO         3940    i.daliSensoresOnAndStepUpEnviar  dalisensores.o
    0x080066d0   0x080066d0   0x00000008   Code   RO         3941    i.daliSensoresPollingEndTmpDisable  dalisensores.o
    0x080066d8   0x080066d8   0x00000008   Code   RO         3942    i.daliSensoresPollingTmpDisable  dalisensores.o
    0x080066e0   0x080066e0   0x00000044   Code   RO         3943    i.daliSensoresQueryBackupSensorNivelEnviar  dalisensores.o
    0x08006724   0x08006724   0x00000044   Code   RO         3944    i.daliSensoresQueryBackupSensorStatusEnviar  dalisensores.o
    0x08006768   0x08006768   0x00000044   Code   RO         3945    i.daliSensoresQuerySensorNivelEnviar  dalisensores.o
    0x080067ac   0x080067ac   0x00000044   Code   RO         3946    i.daliSensoresQuerySensorStatusEnviar  dalisensores.o
    0x080067f0   0x080067f0   0x00000008   Code   RO         3947    i.daliSensoresQuiereComunicar  dalisensores.o
    0x080067f8   0x080067f8   0x00000058   Code   RO         3948    i.daliSensoresRecallMaxLevelEnviar  dalisensores.o
    0x08006850   0x08006850   0x00000026   Code   RO         3949    i.daliSensoresSensorStatusProcesar  dalisensores.o
    0x08006876   0x08006876   0x00000002   PAD
    0x08006878   0x08006878   0x0000002c   Code   RO         3950    i.daliSensoresSysTick  dalisensores.o
    0x080068a4   0x080068a4   0x0000006c   Code   RO         3951    i.daliSensoresTcStepDownEnviar  dalisensores.o
    0x08006910   0x08006910   0x0000006c   Code   RO         3952    i.daliSensoresTcStepUpEnviar  dalisensores.o
    0x0800697c   0x0800697c   0x00000054   Code   RO         3953    i.daliSensoresUpEnviar  dalisensores.o
    0x080069d0   0x080069d0   0x00000024   Code   RO         1024    i.daliStop          dali.o
    0x080069f4   0x080069f4   0x000001d0   Code   RO         1100    i.daliTransceiverDoTask  dalitransceiver.o
    0x08006bc4   0x08006bc4   0x00000028   Code   RO         1101    i.daliTransceiverGetFwVer  dalitransceiver.o
    0x08006bec   0x08006bec   0x00000050   Code   RO         1102    i.daliTransceiverIncomingFrameGet  dalitransceiver.o
    0x08006c3c   0x08006c3c   0x00000044   Code   RO         1103    i.daliTransceiverIncomingFrameStore  dalitransceiver.o
    0x08006c80   0x08006c80   0x000000ec   Code   RO         1104    i.daliTransceiverSend  dalitransceiver.o
    0x08006d6c   0x08006d6c   0x0000000c   Code   RO         1105    i.daliTransceiverStatusGet  dalitransceiver.o
    0x08006d78   0x08006d78   0x00000038   Code   RO         1106    i.daliTransceiverStop  dalitransceiver.o
    0x08006db0   0x08006db0   0x0000000c   Code   RO         2736    i.daliUtilsBlinkGet  daliutils.o
    0x08006dbc   0x08006dbc   0x00000090   Code   RO         2737    i.daliUtilsBlinkSend  daliutils.o
    0x08006e4c   0x08006e4c   0x00000048   Code   RO         2738    i.daliUtilsBlinkTerminate  daliutils.o
    0x08006e94   0x08006e94   0x0000004e   Code   RO         2739    i.daliUtilsBootloaderModelHGet  daliutils.o
    0x08006ee2   0x08006ee2   0x0000005a   Code   RO         2740    i.daliUtilsBootloaderModelHSet  daliutils.o
    0x08006f3c   0x08006f3c   0x0000004e   Code   RO         2741    i.daliUtilsBootloaderModelLGet  daliutils.o
    0x08006f8a   0x08006f8a   0x0000005a   Code   RO         2742    i.daliUtilsBootloaderModelLSet  daliutils.o
    0x08006fe4   0x08006fe4   0x0000004e   Code   RO         2743    i.daliUtilsBootloaderStatusGet  daliutils.o
    0x08007032   0x08007032   0x0000005a   Code   RO         2744    i.daliUtilsBootloaderStatusSet  daliutils.o
    0x0800708c   0x0800708c   0x0000004e   Code   RO         2745    i.daliUtilsBootloaderVersionGet  daliutils.o
    0x080070da   0x080070da   0x0000005a   Code   RO         2746    i.daliUtilsBootloaderVersionSet  daliutils.o
    0x08007134   0x08007134   0x00000038   Code   RO         2747    i.daliUtilsBootloaderWritePage  daliutils.o
    0x0800716c   0x0800716c   0x00000014   Code   RO         2748    i.daliUtilsDaliNotifyCb  daliutils.o
    0x08007180   0x08007180   0x00000048   Code   RO         2749    i.daliUtilsDaliSend  daliutils.o
    0x080071c8   0x080071c8   0x00000010   Code   RO         2750    i.daliUtilsDoTask   daliutils.o
    0x080071d8   0x080071d8   0x00000058   Code   RO         2751    i.daliUtilsRebootSend  daliutils.o
    0x08007230   0x08007230   0x000000a4   Code   RO         2752    i.daliUtilsTick     daliutils.o
    0x080072d4   0x080072d4   0x00000020   Code   RO          656    i.disconnect        socket.o
    0x080072f4   0x080072f4   0x000000dc   Code   RO         4251    i.eBootloaderTransceiver_Check  embeddedbootloader.o
    0x080073d0   0x080073d0   0x00000034   Code   RO         4252    i.eBootloaderTransceiver_Go  embeddedbootloader.o
    0x08007404   0x08007404   0x0000002c   Code   RO         4253    i.eBootloaderTransceiver_Read  embeddedbootloader.o
    0x08007430   0x08007430   0x00000010   Code   RO         4254    i.eBootloaderTransceiver_ReadStart  embeddedbootloader.o
    0x08007440   0x08007440   0x00000038   Code   RO         4255    i.eBootloaderTransceiver_Write  embeddedbootloader.o
    0x08007478   0x08007478   0x00000030   Code   RO         4256    i.eBootloaderTransceiver_WriteStart  embeddedbootloader.o
    0x080074a8   0x080074a8   0x00000034   Code   RO         4257    i.embeddedBootloaderGo  embeddedbootloader.o
    0x080074dc   0x080074dc   0x00000038   Code   RO         4258    i.embeddedBootloaderInit  embeddedbootloader.o
    0x08007514   0x08007514   0x0000002c   Code   RO         4259    i.embeddedBootloaderRead  embeddedbootloader.o
    0x08007540   0x08007540   0x00000010   Code   RO         4260    i.embeddedBootloaderReadStart  embeddedbootloader.o
    0x08007550   0x08007550   0x00000038   Code   RO         4261    i.embeddedBootloaderWrite  embeddedbootloader.o
    0x08007588   0x08007588   0x00000030   Code   RO         4262    i.embeddedBootloaderWriteStart  embeddedbootloader.o
    0x080075b8   0x080075b8   0x0000011c   Code   RO         1452    i.ethDoTask         ethframming.o
    0x080076d4   0x080076d4   0x00000038   Code   RO         2505    i.ethICMPDoTask     ethping.o
    0x0800770c   0x0800770c   0x00000048   Code   RO         2506    i.ethICMPPingSend   ethping.o
    0x08007754   0x08007754   0x0000000c   Code   RO         2507    i.ethICMPPongReceivedGet  ethping.o
    0x08007760   0x08007760   0x0000000c   Code   RO         2508    i.ethICMPPongTimeoutGet  ethping.o
    0x0800776c   0x0800776c   0x00000018   Code   RO         2509    i.ethICMPTick       ethping.o
    0x08007784   0x08007784   0x0000010c   Code   RO         1453    i.ethProcessFrame   ethframming.o
    0x08007890   0x08007890   0x00000030   Code   RO         1454    i.ethSendACK        ethframming.o
    0x080078c0   0x080078c0   0x00000040   Code   RO         1455    i.ethSendBlinkNotif  ethframming.o
    0x08007900   0x08007900   0x00000048   Code   RO         1456    i.ethSendFrame      ethframming.o
    0x08007948   0x08007948   0x0000002c   Code   RO         1501    i.ethTransceiverConTestActiveGet  ethtransceiver.o
    0x08007974   0x08007974   0x00000108   Code   RO         1502    i.ethTransceiverDoTask  ethtransceiver.o
    0x08007a7c   0x08007a7c   0x00000010   Code   RO         1503    i.ethTransceiverInit  ethtransceiver.o
    0x08007a8c   0x08007a8c   0x00000010   Code   RO         1504    i.ethTransceiverLAN_test  ethtransceiver.o
    0x08007a9c   0x08007a9c   0x0000002c   Code   RO         1505    i.ethTransceiverRTCC_Tick  ethtransceiver.o
    0x08007ac8   0x08007ac8   0x00000010   Code   RO         1506    i.ethTransceiverReset  ethtransceiver.o
    0x08007ad8   0x08007ad8   0x00000020   Code   RO         1507    i.ethTransceiverTick  ethtransceiver.o
    0x08007af8   0x08007af8   0x0000000c   Code   RO         1508    i.ethTransceiverTiempoSinRecibirCntRst  ethtransceiver.o
    0x08007b04   0x08007b04   0x000000a4   Code   RO         1509    i.ethTransceiverW5100Init  ethtransceiver.o
    0x08007ba8   0x08007ba8   0x000000b8   Code   RO         2568    i.fallosComunicacion  fallos.o
    0x08007c60   0x08007c60   0x0000004c   Code   RO         2569    i.fallosDoTask      fallos.o
    0x08007cac   0x08007cac   0x0000000c   Code   RO         2570    i.fallosFalloResetSet  fallos.o
    0x08007cb8   0x08007cb8   0x000003d4   Code   RO         2571    i.fallosProcesar    fallos.o
    0x0800808c   0x0800808c   0x00000014   Code   RO         1654    i.fillBuffer        config.o
    0x080080a0   0x080080a0   0x0000000c   Code   RO          305    i.getIINCHIP_RxBASE  w5100.o
    0x080080ac   0x080080ac   0x0000000c   Code   RO          306    i.getIINCHIP_RxMASK  w5100.o
    0x080080b8   0x080080b8   0x0000000c   Code   RO          307    i.getIINCHIP_RxMAX  w5100.o
    0x080080c4   0x080080c4   0x0000000c   Code   RO          308    i.getIINCHIP_TxBASE  w5100.o
    0x080080d0   0x080080d0   0x0000000c   Code   RO          309    i.getIINCHIP_TxMASK  w5100.o
    0x080080dc   0x080080dc   0x0000000c   Code   RO          310    i.getIINCHIP_TxMAX  w5100.o
    0x080080e8   0x080080e8   0x00000026   Code   RO          314    i.getSIPR           w5100.o
    0x0800810e   0x0800810e   0x00000002   PAD
    0x08008110   0x08008110   0x00000040   Code   RO          320    i.getSn_RX_RSR      w5100.o
    0x08008150   0x08008150   0x00000014   Code   RO          321    i.getSn_SR          w5100.o
    0x08008164   0x08008164   0x0000003e   Code   RO          322    i.getSn_TX_FSR      w5100.o
    0x080081a2   0x080081a2   0x00000002   PAD
    0x080081a4   0x080081a4   0x00000074   Code   RO         4367    i.groupsDoTask      dals.o
    0x08008218   0x08008218   0x00000014   Code   RO         4368    i.groupsTick        dals.o
    0x0800822c   0x0800822c   0x000000b0   Code   RO         2308    i.historicoAdd      historico.o
    0x080082dc   0x080082dc   0x0000002a   Code   RO         2309    i.historicoDataGet  historico.o
    0x08008306   0x08008306   0x00000002   PAD
    0x08008308   0x08008308   0x0000002c   Code   RO         2310    i.historicoFlashMemPosGet  historico.o
    0x08008334   0x08008334   0x000000d8   Code   RO         2311    i.historicoInit     historico.o
    0x0800840c   0x0800840c   0x00000070   Code   RO         2312    i.historicoMapPtrUsedSet  historico.o
    0x0800847c   0x0800847c   0x0000005c   Code   RO         2313    i.historicoPtrInc   historico.o
    0x080084d8   0x080084d8   0x0000007c   Code   RO         2314    i.historicoRead     historico.o
    0x08008554   0x08008554   0x00000044   Code   RO         2315    i.historicoReadableEventsCntGet  historico.o
    0x08008598   0x08008598   0x0000003c   Code   RO         2316    i.historicoReset    historico.o
    0x080085d4   0x080085d4   0x000000f8   Code   RO         4930    i.historicoTest_PeticionManual  historicotest.o
    0x080086cc   0x080086cc   0x000000dc   Code   RO         4931    i.historicoTest_ProcesaEstaEmergencia  historicotest.o
    0x080087a8   0x080087a8   0x000000c4   Code   RO         4932    i.historicoTest_Send  historicotest.o
    0x0800886c   0x0800886c   0x00000024   Code   RO         2317    i.historicoTick     historico.o
    0x08008890   0x08008890   0x0000000a   Code   RO         2510    i.htons             ethping.o
    0x0800889a   0x0800889a   0x00000002   Code   RO         4898    i.iEDDoTask         ied.o
    0x0800889c   0x0800889c   0x0000000a   Code   RO          323    i.iinchip_init      w5100.o
    0x080088a6   0x080088a6   0x00000092   Code   RO         3577    i.interfacesConfiguracionGet  interfaces.o
    0x08008938   0x08008938   0x0000001e   Code   RO         3578    i.interfacesConfiguracionSet  interfaces.o
    0x08008956   0x08008956   0x00000002   PAD
    0x08008958   0x08008958   0x0000002c   Code   RO         3579    i.interfacesDoTask  interfaces.o
    0x08008984   0x08008984   0x000001a8   Code   RO         3580    i.interfacesIDNG4PEventoGet  interfaces.o
    0x08008b2c   0x08008b2c   0x00000110   Code   RO         3581    i.interfacesIDNGEADEventoGet  interfaces.o
    0x08008c3c   0x08008c3c   0x00000038   Code   RO         3582    i.interfacesInit    interfaces.o
    0x08008c74   0x08008c74   0x0000000c   Code   RO         3583    i.interfacesInstaladosCntGet  interfaces.o
    0x08008c80   0x08008c80   0x0000003a   Code   RO         3584    i.interfacesNotificar  interfaces.o
    0x08008cba   0x08008cba   0x00000002   PAD
    0x08008cbc   0x08008cbc   0x0000005c   Code   RO         3585    i.interfacesRtcTick  interfaces.o
    0x08008d18   0x08008d18   0x000000a4   Code   RO         3586    i.interfacesSolicitar  interfaces.o
    0x08008dbc   0x08008dbc   0x00000014   Code   RO         3587    i.interfacesStore   interfaces.o
    0x08008dd0   0x08008dd0   0x00000002   Code   RO         3588    i.interfacesSysTick  interfaces.o
    0x08008dd2   0x08008dd2   0x00000002   PAD
    0x08008dd4   0x08008dd4   0x00000034   Code   RO          658    i.listen            socket.o
    0x08008e08   0x08008e08   0x00000040   Code   RO          146    i.m25pReadBytes     m25p.o
    0x08008e48   0x08008e48   0x0000002a   Code   RO          147    i.m25pSectorErase   m25p.o
    0x08008e72   0x08008e72   0x0000001a   Code   RO          148    i.m25pStatusRead    m25p.o
    0x08008e8c   0x08008e8c   0x00000040   Code   RO          149    i.m25pWriteBytes    m25p.o
    0x08008ecc   0x08008ecc   0x00000012   Code   RO          151    i.m25pWriteEnable   m25p.o
    0x08008ede   0x08008ede   0x00000002   PAD
    0x08008ee0   0x08008ee0   0x00000110   Code   RO         1510    i.macInit           ethtransceiver.o
    0x08008ff0   0x08008ff0   0x000000bc   Code   RO          215    i.main              main.o
    0x080090ac   0x080090ac   0x0000044c   Code   RO         4967    i.normaLink62386209T4  normalink62386p209.o
    0x080094f8   0x080094f8   0x0000081c   Code   RO         2149    i.normaLink62386P102T1  normalink62386p102.o
    0x08009d14   0x08009d14   0x00000114   Code   RO         2150    i.normaLink62386P102T3  normalink62386p102.o
    0x08009e28   0x08009e28   0x0000016c   Code   RO         2380    i.normaLink62386P202T1  normalink62386p202.o
    0x08009f94   0x08009f94   0x00000590   Code   RO         2176    i.normaLinkCfgInfoPasarelaT0  normalinkcfginfopasarela.o
    0x0800a524   0x0800a524   0x000002a8   Code   RO         2177    i.normaLinkCfgInfoPasarelaT4  normalinkcfginfopasarela.o
    0x0800a7cc   0x0800a7cc   0x00000074   Code   RO         2214    i.normaLinkCmdPasarelaT0  normalinkcmdpasarela.o
    0x0800a840   0x0800a840   0x00000118   Code   RO         2215    i.normaLinkCmdPasarelaT5  normalinkcmdpasarela.o
    0x0800a958   0x0800a958   0x00000014   Code   RO         2077    i.normaLinkDaliAccesoExclusivoABusDisable  normalink.o
    0x0800a96c   0x0800a96c   0x0000003c   Code   RO         2078    i.normaLinkDaliAccesoExclusivoABusEnable  normalink.o
    0x0800a9a8   0x0800a9a8   0x000000ec   Code   RO         2708    i.normaLinkDaliUtilsT1  normalinkdaliutils.o
    0x0800aa94   0x0800aa94   0x00000074   Code   RO         2709    i.normaLinkDaliUtilsT3  normalinkdaliutils.o
    0x0800ab08   0x0800ab08   0x00000114   Code   RO         2710    i.normaLinkDaliUtilsT4  normalinkdaliutils.o
    0x0800ac1c   0x0800ac1c   0x0000001c   Code   RO         2081    i.normaLinkDestCorrecto  normalink.o
    0x0800ac38   0x0800ac38   0x00000020   Code   RO         2082    i.normaLinkMasterPing  normalink.o
    0x0800ac58   0x0800ac58   0x0000046c   Code   RO         3676    i.normaLinkSensores  normalinksensores.o
    0x0800b0c4   0x0800b0c4   0x00000034   Code   RO         3677    i.normaLinkSensoresBuscarInterfacesSend  normalinksensores.o
    0x0800b0f8   0x0800b0f8   0x0000000c   Code   RO         3679    i.normaLinkSensoresDebugTransceptorLiberado  normalinksensores.o
    0x0800b104   0x0800b104   0x000002a0   Code   RO         3680    i.normaLinkSensoresDoTask  normalinksensores.o
    0x0800b3a4   0x0800b3a4   0x0000002c   Code   RO         3681    i.normaLinkSensoresEnviar  normalinksensores.o
    0x0800b3d0   0x0800b3d0   0x00000030   Code   RO         3683    i.normaLinkSensoresSysTick  normalinksensores.o
    0x0800b400   0x0800b400   0x00000534   Code   RO         2195    i.normaLinkSingleLoopT0  normalinksingleloop.o
    0x0800b934   0x0800b934   0x00000348   Code   RO         2196    i.normaLinkSingleLoopT4  normalinksingleloop.o
    0x0800bc7c   0x0800bc7c   0x00000054   Code   RO         2083    i.normaLinkTick     normalink.o
    0x0800bcd0   0x0800bcd0   0x000000a8   Code   RO         2084    i.normalinkBufferDaliSend  normalink.o
    0x0800bd78   0x0800bd78   0x00000064   Code   RO         2085    i.normalinkDaliNotifyCb  normalink.o
    0x0800bddc   0x0800bddc   0x000000ac   Code   RO         2086    i.normalinkDaliSend  normalink.o
    0x0800be88   0x0800be88   0x00000054   Code   RO         3758    i.numeroSerieIdCoincideGet  sensores.o
    0x0800bedc   0x0800bedc   0x00000014   Code   RO         1364    i.polling_BusyClear  polling.o
    0x0800bef0   0x0800bef0   0x0000004c   Code   RO         1365    i.polling_CntInc    polling.o
    0x0800bf3c   0x0800bf3c   0x00000128   Code   RO         1366    i.polling_DaliNotifyCb  polling.o
    0x0800c064   0x0800c064   0x00000174   Code   RO         1367    i.polling_DoTask    polling.o
    0x0800c1d8   0x0800c1d8   0x00000010   Code   RO         1368    i.polling_EndTmpDisable  polling.o
    0x0800c1e8   0x0800c1e8   0x00000030   Code   RO         1369    i.polling_IncompleteCheck  polling.o
    0x0800c218   0x0800c218   0x00000038   Code   RO         1370    i.polling_IncompleteSet  polling.o
    0x0800c250   0x0800c250   0x00000020   Code   RO         1371    i.polling_PollActualLevel  polling.o
    0x0800c270   0x0800c270   0x0000001c   Code   RO         1372    i.polling_PollEmergencyMode  polling.o
    0x0800c28c   0x0800c28c   0x0000002c   Code   RO         1373    i.polling_PollEmergencyStatus  polling.o
    0x0800c2b8   0x0800c2b8   0x0000003c   Code   RO         1375    i.polling_Tick      polling.o
    0x0800c2f4   0x0800c2f4   0x00000014   Code   RO         1376    i.polling_TmpDisable  polling.o
    0x0800c308   0x0800c308   0x00000018   Code   RO         4658    i.qSNDTR1Cb         qsn.o
    0x0800c320   0x0800c320   0x00000018   Code   RO         4659    i.qSNDTRCb          qsn.o
    0x0800c338   0x0800c338   0x000001d4   Code   RO         4660    i.qSNDoTask         qsn.o
    0x0800c50c   0x0800c50c   0x00000044   Code   RO         4661    i.qSNRead           qsn.o
    0x0800c550   0x0800c550   0x0000002c   Code   RO         4662    i.qSNReadMemoryLocationCb  qsn.o
    0x0800c57c   0x0800c57c   0x00000034   Code   RO         4663    i.qSNReadMemoryLocationSend  qsn.o
    0x0800c5b0   0x0800c5b0   0x00000052   Code   RO          325    i.read_data         w5100.o
    0x0800c602   0x0800c602   0x00000002   PAD
    0x0800c604   0x0800c604   0x00000034   Code   RO          659    i.recv              socket.o
    0x0800c638   0x0800c638   0x0000004c   Code   RO          326    i.recv_data_processing  w5100.o
    0x0800c684   0x0800c684   0x00000010   Code   RO         1966    i.rtccDayGet        rtcc.o
    0x0800c694   0x0800c694   0x0000001a   Code   RO         1967    i.rtccDaySet        rtcc.o
    0x0800c6ae   0x0800c6ae   0x00000010   Code   RO         1968    i.rtccHourGet       rtcc.o
    0x0800c6be   0x0800c6be   0x0000001a   Code   RO         1969    i.rtccHourSet       rtcc.o
    0x0800c6d8   0x0800c6d8   0x000000c4   Code   RO         1970    i.rtccInit          rtcc.o
    0x0800c79c   0x0800c79c   0x00000010   Code   RO         1971    i.rtccMinutesGet    rtcc.o
    0x0800c7ac   0x0800c7ac   0x0000001a   Code   RO         1972    i.rtccMinutesSet    rtcc.o
    0x0800c7c6   0x0800c7c6   0x00000014   Code   RO         1973    i.rtccMinutesTick   rtcc.o
    0x0800c7da   0x0800c7da   0x00000010   Code   RO         1974    i.rtccMonthGet      rtcc.o
    0x0800c7ea   0x0800c7ea   0x0000001a   Code   RO         1975    i.rtccMonthSet      rtcc.o
    0x0800c804   0x0800c804   0x00000010   Code   RO         1976    i.rtccSecondsGet    rtcc.o
    0x0800c814   0x0800c814   0x0000001a   Code   RO         1977    i.rtccSecondsSet    rtcc.o
    0x0800c82e   0x0800c82e   0x0000002c   Code   RO         1978    i.rtccSecondsTick   rtcc.o
    0x0800c85a   0x0800c85a   0x00000010   Code   RO         1979    i.rtccWeekdayGet    rtcc.o
    0x0800c86a   0x0800c86a   0x0000001a   Code   RO         1980    i.rtccWeekdaySet    rtcc.o
    0x0800c884   0x0800c884   0x00000010   Code   RO         1981    i.rtccYearGet       rtcc.o
    0x0800c894   0x0800c894   0x0000001a   Code   RO         1982    i.rtccYearSet       rtcc.o
    0x0800c8ae   0x0800c8ae   0x00000002   PAD
    0x0800c8b0   0x0800c8b0   0x00000094   Code   RO          661    i.send              socket.o
    0x0800c944   0x0800c944   0x0000000c   Code   RO         1515    i.sendKeepAlive     ethtransceiver.o
    0x0800c950   0x0800c950   0x0000003c   Code   RO         4711    i.send_cmd_DTR      sensorstoring.o
    0x0800c98c   0x0800c98c   0x00000044   Code   RO         4712    i.send_cmd_ENABLE_DISABLE  sensorstoring.o
    0x0800c9d0   0x0800c9d0   0x0000003c   Code   RO         4713    i.send_cmd_FINISH_CONFIG  sensorstoring.o
    0x0800ca0c   0x0800ca0c   0x0000003c   Code   RO         4714    i.send_cmd_QUERY_ENABLE_DISABLE  sensorstoring.o
    0x0800ca48   0x0800ca48   0x0000003c   Code   RO         4715    i.send_cmd_QUERY_MODE  sensorstoring.o
    0x0800ca84   0x0800ca84   0x0000003c   Code   RO         4716    i.send_cmd_QUERY_SETPOINT  sensorstoring.o
    0x0800cac0   0x0800cac0   0x00000044   Code   RO         4717    i.send_cmd_SET_MODE  sensorstoring.o
    0x0800cb04   0x0800cb04   0x0000003c   Code   RO         4718    i.send_cmd_SET_SETPOINT  sensorstoring.o
    0x0800cb40   0x0800cb40   0x0000003c   Code   RO         4719    i.send_cmd_START_CONFIG  sensorstoring.o
    0x0800cb7c   0x0800cb7c   0x0000004c   Code   RO          327    i.send_data_processing  w5100.o
    0x0800cbc8   0x0800cbc8   0x000000ec   Code   RO          662    i.sendto            socket.o
    0x0800ccb4   0x0800ccb4   0x000001a8   Code   RO         4147    i.sensorScanningDoTask  sensorscanning.o
    0x0800ce5c   0x0800ce5c   0x00000024   Code   RO         4148    i.sensorScanningGotoStage  sensorscanning.o
    0x0800ce80   0x0800ce80   0x00000044   Code   RO         4149    i.sensorScanningNotify  sensorscanning.o
    0x0800cec4   0x0800cec4   0x0000005c   Code   RO         4150    i.sensorScanningStart  sensorscanning.o
    0x0800cf20   0x0800cf20   0x00000178   Code   RO         4720    i.sensorStoringDoTask  sensorstoring.o
    0x0800d098   0x0800d098   0x00000028   Code   RO         4721    i.sensorStoringQuerySetpoint  sensorstoring.o
    0x0800d0c0   0x0800d0c0   0x00000024   Code   RO         4722    i.sensorStoringSetSetpoint  sensorstoring.o
    0x0800d0e4   0x0800d0e4   0x00000078   Code   RO         4723    i.sensorStoringStart  sensorstoring.o
    0x0800d15c   0x0800d15c   0x00000010   Code   RO         3759    i.sensoresCambioActualLevelNotificar  sensores.o
    0x0800d16c   0x0800d16c   0x000000d8   Code   RO         3760    i.sensoresConfiguracionGet  sensores.o
    0x0800d244   0x0800d244   0x00000008   Code   RO         3761    i.sensoresConfiguracionSet  sensores.o
    0x0800d24c   0x0800d24c   0x00000010   Code   RO         3762    i.sensoresDoTask    sensores.o
    0x0800d25c   0x0800d25c   0x00000018   Code   RO         3763    i.sensoresFinalizarConfiguracion  sensores.o
    0x0800d274   0x0800d274   0x000000a8   Code   RO         2942    i.sensoresGruposConfiguracionGet  sensoresgrupos.o
    0x0800d31c   0x0800d31c   0x00000008   Code   RO         2943    i.sensoresGruposConfiguracionSet  sensoresgrupos.o
    0x0800d324   0x0800d324   0x000000ac   Code   RO         3115    i.sensoresGruposDetectoresPreseciaModoNivelEstadoActualizar  sensoresgruposdetectorespresencia.o
    0x0800d3d0   0x0800d3d0   0x00000050   Code   RO         3116    i.sensoresGruposDetectoresPresenciaAccionSolicitar  sensoresgruposdetectorespresencia.o
    0x0800d420   0x0800d420   0x00000104   Code   RO         3117    i.sensoresGruposDetectoresPresenciaDoTask  sensoresgruposdetectorespresencia.o
    0x0800d524   0x0800d524   0x00000014   Code   RO         3118    i.sensoresGruposDetectoresPresenciaEstadoGet  sensoresgruposdetectorespresencia.o
    0x0800d538   0x0800d538   0x000000f0   Code   RO         3120    i.sensoresGruposDetectoresPresenciaInit  sensoresgruposdetectorespresencia.o
    0x0800d628   0x0800d628   0x000000b4   Code   RO         3121    i.sensoresGruposDetectoresPresenciaModoFlancoEstadoActualizar  sensoresgruposdetectorespresencia.o
    0x0800d6dc   0x0800d6dc   0x000000a0   Code   RO         3122    i.sensoresGruposDetectoresPresenciaNotificar  sensoresgruposdetectorespresencia.o
    0x0800d77c   0x0800d77c   0x0000000c   Code   RO         3126    i.sensoresGruposDetectoresPresenciaReiteracionPeriodoCntReinicializar  sensoresgruposdetectorespresencia.o
    0x0800d788   0x0800d788   0x0000000c   Code   RO         3128    i.sensoresGruposDetectoresPresenciaRtcTick  sensoresgruposdetectorespresencia.o
    0x0800d794   0x0800d794   0x00000002   Code   RO         3129    i.sensoresGruposDetectoresPresenciaSysTick  sensoresgruposdetectorespresencia.o
    0x0800d796   0x0800d796   0x00000002   PAD
    0x0800d798   0x0800d798   0x00000110   Code   RO         2944    i.sensoresGruposDoTask  sensoresgrupos.o
    0x0800d8a8   0x0800d8a8   0x00000020   Code   RO         2945    i.sensoresGruposInit  sensoresgrupos.o
    0x0800d8c8   0x0800d8c8   0x000000f4   Code   RO         2946    i.sensoresGruposNotificar  sensoresgrupos.o
    0x0800d9bc   0x0800d9bc   0x000000dc   Code   RO         3234    i.sensoresGruposPulsadoresAccionBasculanteAccionSolicitar  sensoresgrupospulsadoresaccionbasculante.o
    0x0800da98   0x0800da98   0x00000002   Code   RO         3235    i.sensoresGruposPulsadoresAccionBasculanteDoTask  sensoresgrupospulsadoresaccionbasculante.o
    0x0800da9a   0x0800da9a   0x00000002   Code   RO         3236    i.sensoresGruposPulsadoresAccionBasculanteInit  sensoresgrupospulsadoresaccionbasculante.o
    0x0800da9c   0x0800da9c   0x0000006a   Code   RO         3237    i.sensoresGruposPulsadoresAccionBasculanteNotificar  sensoresgrupospulsadoresaccionbasculante.o
    0x0800db06   0x0800db06   0x00000002   Code   RO         3238    i.sensoresGruposPulsadoresAccionBasculanteRtcTick  sensoresgrupospulsadoresaccionbasculante.o
    0x0800db08   0x0800db08   0x00000002   Code   RO         3239    i.sensoresGruposPulsadoresAccionBasculanteSysTick  sensoresgrupospulsadoresaccionbasculante.o
    0x0800db0a   0x0800db0a   0x0000013e   Code   RO         3288    i.sensoresGruposPulsadoresAccionFijaAccionSolicitar  sensoresgrupospulsadoresaccionfija.o
    0x0800dc48   0x0800dc48   0x00000002   Code   RO         3289    i.sensoresGruposPulsadoresAccionFijaDoTask  sensoresgrupospulsadoresaccionfija.o
    0x0800dc4a   0x0800dc4a   0x00000002   Code   RO         3290    i.sensoresGruposPulsadoresAccionFijaInit  sensoresgrupospulsadoresaccionfija.o
    0x0800dc4c   0x0800dc4c   0x0000005c   Code   RO         3291    i.sensoresGruposPulsadoresAccionFijaNotificar  sensoresgrupospulsadoresaccionfija.o
    0x0800dca8   0x0800dca8   0x00000002   Code   RO         3292    i.sensoresGruposPulsadoresAccionFijaRtcTick  sensoresgrupospulsadoresaccionfija.o
    0x0800dcaa   0x0800dcaa   0x00000002   Code   RO         3293    i.sensoresGruposPulsadoresAccionFijaSysTick  sensoresgrupospulsadoresaccionfija.o
    0x0800dcac   0x0800dcac   0x000000ea   Code   RO         3339    i.sensoresGruposPulsadoresAccionRegulacionAccionSolicitar  sensoresgrupospulsadoresaccionregulacion.o
    0x0800dd96   0x0800dd96   0x00000002   PAD
    0x0800dd98   0x0800dd98   0x00000054   Code   RO         3340    i.sensoresGruposPulsadoresAccionRegulacionActualizarNivel  sensoresgrupospulsadoresaccionregulacion.o
    0x0800ddec   0x0800ddec   0x0000007c   Code   RO         3341    i.sensoresGruposPulsadoresAccionRegulacionDoTask  sensoresgrupospulsadoresaccionregulacion.o
    0x0800de68   0x0800de68   0x0000000c   Code   RO         3342    i.sensoresGruposPulsadoresAccionRegulacionEstadoGet  sensoresgrupospulsadoresaccionregulacion.o
    0x0800de74   0x0800de74   0x0000003c   Code   RO         3343    i.sensoresGruposPulsadoresAccionRegulacionInit  sensoresgrupospulsadoresaccionregulacion.o
    0x0800deb0   0x0800deb0   0x00000098   Code   RO         3344    i.sensoresGruposPulsadoresAccionRegulacionNotificar  sensoresgrupospulsadoresaccionregulacion.o
    0x0800df48   0x0800df48   0x00000002   Code   RO         3345    i.sensoresGruposPulsadoresAccionRegulacionRtcTick  sensoresgrupospulsadoresaccionregulacion.o
    0x0800df4a   0x0800df4a   0x00000002   PAD
    0x0800df4c   0x0800df4c   0x0000000c   Code   RO         3346    i.sensoresGruposPulsadoresAccionRegulacionSysTick  sensoresgrupospulsadoresaccionregulacion.o
    0x0800df58   0x0800df58   0x00000078   Code   RO         3405    i.sensoresGruposPulsadoresAccionTemporizadaAccionSolicitar  sensoresgrupospulsadoresacciontemporizada.o
    0x0800dfd0   0x0800dfd0   0x0000009c   Code   RO         3406    i.sensoresGruposPulsadoresAccionTemporizadaDoTask  sensoresgrupospulsadoresacciontemporizada.o
    0x0800e06c   0x0800e06c   0x0000000c   Code   RO         3407    i.sensoresGruposPulsadoresAccionTemporizadaEstadoGet  sensoresgrupospulsadoresacciontemporizada.o
    0x0800e078   0x0800e078   0x00000050   Code   RO         3410    i.sensoresGruposPulsadoresAccionTemporizadaInit  sensoresgrupospulsadoresacciontemporizada.o
    0x0800e0c8   0x0800e0c8   0x0000006c   Code   RO         3411    i.sensoresGruposPulsadoresAccionTemporizadaNotificar  sensoresgrupospulsadoresacciontemporizada.o
    0x0800e134   0x0800e134   0x0000000c   Code   RO         3415    i.sensoresGruposPulsadoresAccionTemporizadaRtcTick  sensoresgrupospulsadoresacciontemporizada.o
    0x0800e140   0x0800e140   0x00000002   Code   RO         3416    i.sensoresGruposPulsadoresAccionTemporizadaSysTick  sensoresgrupospulsadoresacciontemporizada.o
    0x0800e142   0x0800e142   0x0000001e   Code   RO         5030    i.sensoresGruposPulsadoresTWAccionSolicitar  sensoresgrupospulsadorestw.o
    0x0800e160   0x0800e160   0x00000054   Code   RO         5031    i.sensoresGruposPulsadoresTWActualizarNivel  sensoresgrupospulsadorestw.o
    0x0800e1b4   0x0800e1b4   0x0000007c   Code   RO         5032    i.sensoresGruposPulsadoresTWDoTask  sensoresgrupospulsadorestw.o
    0x0800e230   0x0800e230   0x00000024   Code   RO         5034    i.sensoresGruposPulsadoresTWInit  sensoresgrupospulsadorestw.o
    0x0800e254   0x0800e254   0x00000088   Code   RO         5035    i.sensoresGruposPulsadoresTWNotificar  sensoresgrupospulsadorestw.o
    0x0800e2dc   0x0800e2dc   0x00000002   Code   RO         5036    i.sensoresGruposPulsadoresTWRtcTick  sensoresgrupospulsadorestw.o
    0x0800e2de   0x0800e2de   0x00000002   PAD
    0x0800e2e0   0x0800e2e0   0x0000000c   Code   RO         5037    i.sensoresGruposPulsadoresTWSysTick  sensoresgrupospulsadorestw.o
    0x0800e2ec   0x0800e2ec   0x000000c4   Code   RO         3490    i.sensoresGruposReguladoresLuzAccionSolicitar  sensoresgruposreguladoresluz.o
    0x0800e3b0   0x0800e3b0   0x00000068   Code   RO         3491    i.sensoresGruposReguladoresLuzDoTask  sensoresgruposreguladoresluz.o
    0x0800e418   0x0800e418   0x00000168   Code   RO         3492    i.sensoresGruposReguladoresLuzEstadoActualizar  sensoresgruposreguladoresluz.o
    0x0800e580   0x0800e580   0x0000000c   Code   RO         3493    i.sensoresGruposReguladoresLuzEstadoGet  sensoresgruposreguladoresluz.o
    0x0800e58c   0x0800e58c   0x0000000c   Code   RO         3495    i.sensoresGruposReguladoresLuzInhibir  sensoresgruposreguladoresluz.o
    0x0800e598   0x0800e598   0x00000058   Code   RO         3496    i.sensoresGruposReguladoresLuzInit  sensoresgruposreguladoresluz.o
    0x0800e5f0   0x0800e5f0   0x00000074   Code   RO         3499    i.sensoresGruposReguladoresLuzNotificar  sensoresgruposreguladoresluz.o
    0x0800e664   0x0800e664   0x0000000c   Code   RO         3500    i.sensoresGruposReguladoresLuzRtcTick  sensoresgruposreguladoresluz.o
    0x0800e670   0x0800e670   0x00000002   Code   RO         3501    i.sensoresGruposReguladoresLuzSysTick  sensoresgruposreguladoresluz.o
    0x0800e672   0x0800e672   0x00000020   Code   RO         2947    i.sensoresGruposRtcTick  sensoresgrupos.o
    0x0800e692   0x0800e692   0x00000020   Code   RO         2948    i.sensoresGruposSysTick  sensoresgrupos.o
    0x0800e6b2   0x0800e6b2   0x00000094   Code   RO         3764    i.sensoresGruposToMatrizGruposGet  sensores.o
    0x0800e746   0x0800e746   0x0000000c   Code   RO         3765    i.sensoresIniciarConfiguracion  sensores.o
    0x0800e752   0x0800e752   0x00000002   PAD
    0x0800e754   0x0800e754   0x00000080   Code   RO         3766    i.sensoresInit      sensores.o
    0x0800e7d4   0x0800e7d4   0x00000094   Code   RO         3767    i.sensoresMatrizGruposToGrupoGet  sensores.o
    0x0800e868   0x0800e868   0x00000094   Code   RO         3768    i.sensoresNotificar  sensores.o
    0x0800e8fc   0x0800e8fc   0x0000000c   Code   RO         3770    i.sensoresRtcTick   sensores.o
    0x0800e908   0x0800e908   0x00000014   Code   RO         3771    i.sensoresSysTick   sensores.o
    0x0800e91c   0x0800e91c   0x00000026   Code   RO          328    i.setGAR            w5100.o
    0x0800e942   0x0800e942   0x0000000e   Code   RO          330    i.setMR             w5100.o
    0x0800e950   0x0800e950   0x00000036   Code   RO          333    i.setSHAR           w5100.o
    0x0800e986   0x0800e986   0x00000026   Code   RO          334    i.setSIPR           w5100.o
    0x0800e9ac   0x0800e9ac   0x00000018   Code   RO          335    i.setSUBR           w5100.o
    0x0800e9c4   0x0800e9c4   0x00000014   Code   RO          341    i.setSn_PROTO       w5100.o
    0x0800e9d8   0x0800e9d8   0x0000008c   Code   RO          663    i.socket            socket.o
    0x0800ea64   0x0800ea64   0x0000007c   Code   RO         1337    i.spi1Read          spi1.o
    0x0800eae0   0x0800eae0   0x0000002c   Code   RO         1338    i.spi1Send          spi1.o
    0x0800eb0c   0x0800eb0c   0x0000002e   Code   RO         1339    i.spi1Write         spi1.o
    0x0800eb3a   0x0800eb3a   0x00000002   PAD
    0x0800eb3c   0x0800eb3c   0x00000020   Code   RO          609    i.spiIINCHIP_CSoff_m25p  spi2.o
    0x0800eb5c   0x0800eb5c   0x00000020   Code   RO          610    i.spiIINCHIP_CSoff_w5100  spi2.o
    0x0800eb7c   0x0800eb7c   0x00000020   Code   RO          611    i.spiIINCHIP_CSon_m25p  spi2.o
    0x0800eb9c   0x0800eb9c   0x00000020   Code   RO          612    i.spiIINCHIP_CSon_w5100  spi2.o
    0x0800ebbc   0x0800ebbc   0x00000058   Code   RO          613    i.spiIINCHIP_SpiRecvData  spi2.o
    0x0800ec14   0x0800ec14   0x0000002c   Code   RO          614    i.spiIINCHIP_SpiSendData  spi2.o
    0x0800ec40   0x0800ec40   0x0000001c   Code   RO         2872    i.storageDoTask     storage.o
    0x0800ec5c   0x0800ec5c   0x0000001e   Code   RO         2873    i.storageIdGet      storage.o
    0x0800ec7a   0x0800ec7a   0x00000002   PAD
    0x0800ec7c   0x0800ec7c   0x00000038   Code   RO         2874    i.storageRead       storage.o
    0x0800ecb4   0x0800ecb4   0x00000020   Code   RO         2875    i.storageReadStart  storage.o
    0x0800ecd4   0x0800ecd4   0x0000004c   Code   RO         2876    i.storageReadWriteFinish  storage.o
    0x0800ed20   0x0800ed20   0x0000008c   Code   RO         2877    i.storageWrite      storage.o
    0x0800edac   0x0800edac   0x00000038   Code   RO         2878    i.storageWriteStart  storage.o
    0x0800ede4   0x0800ede4   0x00000032   Code   RO         2606    i.strindex          webserver.o
    0x0800ee16   0x0800ee16   0x00000002   PAD
    0x0800ee18   0x0800ee18   0x0000001c   Code   RO         2849    i.sysTickDelay      systick.o
    0x0800ee34   0x0800ee34   0x00000034   Code   RO         2850    i.sysTickTick       systick.o
    0x0800ee68   0x0800ee68   0x00000114   Code   RO          343    i.sysinit           w5100.o
    0x0800ef7c   0x0800ef7c   0x00000054   Code   RO         2439    i.tempCheck         temp.o
    0x0800efd0   0x0800efd0   0x0000002c   Code   RO         2440    i.tempDaliNotifyCb  temp.o
    0x0800effc   0x0800effc   0x00000098   Code   RO         2441    i.tempDoTask        temp.o
    0x0800f094   0x0800f094   0x0000005a   Code   RO         2442    i.tempGet           temp.o
    0x0800f0ee   0x0800f0ee   0x00000002   Code   RO         2443    i.tempInit          temp.o
    0x0800f0f0   0x0800f0f0   0x00000010   Code   RO         2444    i.tempPacketIdGet   temp.o
    0x0800f100   0x0800f100   0x00000044   Code   RO         2445    i.tempSet           temp.o
    0x0800f144   0x0800f144   0x0000000c   Code   RO         2446    i.tempTick          temp.o
    0x0800f150   0x0800f150   0x0000006c   Code   RO         2393    i.testDaliNotifyCb  test.o
    0x0800f1bc   0x0800f1bc   0x000000a0   Code   RO         2394    i.testDoTask        test.o
    0x0800f25c   0x0800f25c   0x00000044   Code   RO         2395    i.testGet           test.o
    0x0800f2a0   0x0800f2a0   0x00000050   Code   RO         2396    i.testInit          test.o
    0x0800f2f0   0x0800f2f0   0x000000a4   Code   RO         2397    i.testRTCC_Tick     test.o
    0x0800f394   0x0800f394   0x00000030   Code   RO         2398    i.testSet           test.o
    0x0800f3c4   0x0800f3c4   0x00000012   Code   RO         4071    i.uint16Pop         utils.o
    0x0800f3d6   0x0800f3d6   0x0000000e   Code   RO         4072    i.uint16Push        utils.o
    0x0800f3e4   0x0800f3e4   0x00000014   Code   RO         4074    i.utils_BitFromByteArrayClear  utils.o
    0x0800f3f8   0x0800f3f8   0x00000010   Code   RO         4075    i.utils_BitFromByteArrayGet  utils.o
    0x0800f408   0x0800f408   0x00000014   Code   RO         4076    i.utils_BitFromByteArraySet  utils.o
    0x0800f41c   0x0800f41c   0x00000014   Code   RO         2659    i.wdtDoTask         wdt.o
    0x0800f430   0x0800f430   0x00000030   Code   RO         2660    i.wdtInit           wdt.o
    0x0800f460   0x0800f460   0x0000000c   Code   RO         2661    i.wdtReboot         wdt.o
    0x0800f46c   0x0800f46c   0x00000014   Code   RO         2662    i.wdtReload         wdt.o
    0x0800f480   0x0800f480   0x0000000c   Code   RO         2663    i.wdtReloadEnable   wdt.o
    0x0800f48c   0x0800f48c   0x00000014   Code   RO         2664    i.wdtTick           wdt.o
    0x0800f4a0   0x0800f4a0   0x000006d0   Code   RO         2607    i.webServerDoTask   webserver.o
    0x0800fb70   0x0800fb70   0x0000003a   Code   RO          344    i.wiz_read_buf      w5100.o
    0x0800fbaa   0x0800fbaa   0x0000003a   Code   RO          345    i.wiz_write_buf     w5100.o
    0x0800fbe4   0x0800fbe4   0x00000052   Code   RO          346    i.write_data        w5100.o
    0x0800fc36   0x0800fc36   0x00000002   PAD
    0x0800fc38   0x0800fc38   0x0000008c   Data   RO         1656    .constdata          config.o
    0x0800fcc4   0x0800fcc4   0x00000014   Data   RO         2452    .constdata          temp.o
    0x0800fcd8   0x0800fcd8   0x00000100   Data   RO         3503    .constdata          sensoresgruposreguladoresluz.o
    0x0800fdd8   0x0800fdd8   0x00000081   Data   RO         6590    .constdata          mc_p.l(ctype_o.o)
    0x0800fe59   0x0800fe59   0x00000003   PAD
    0x0800fe5c   0x0800fe5c   0x00000004   Data   RO         6591    .constdata          mc_p.l(ctype_o.o)
    0x0800fe60   0x0800fe60   0x0000009d   Data   RO         2608    .conststring        webserver.o
    0x0800fefd   0x0800fefd   0x00000003   PAD
    0x0800ff00   0x0800ff00   0x00000020   Data   RO         6621    Region$$Table       anon$$obj.o


    Execution Region RW_IRAM2 (Exec base: 0x200000c0, Load base: 0x0800ff20, Size: 0x00001e98, Max: 0x00001f40, ABSOLUTE, COMPRESSED[0x00000028])

    Exec Addr    Load Addr    Size         Type   Attr      Idx    E Section Name        Object

    0x200000c0   COMPRESSED   0x00000014   Data   RW          270    .data               system_stm32f0xx.o
    0x200000d4   COMPRESSED   0x0000000c   Data   RW          348    .data               w5100.o
    0x200000e0   COMPRESSED   0x00000004   Data   RW          664    .data               socket.o
    0x200000e4   COMPRESSED   0x0000001c   Data   RW          772    .data               daliaddressing.o
    0x20000100   COMPRESSED   0x00000064   Data   RW         1026    .data               dali.o
    0x20000164   COMPRESSED   0x00000014   Data   RW         1109    .data               dalitransceiver.o
    0x20000178   COMPRESSED   0x00000003   Data   RW         1193    .data               daliloop.o
    0x2000017b   COMPRESSED   0x00000001   PAD
    0x2000017c   COMPRESSED   0x0000001a   Data   RW         1378    .data               polling.o
    0x20000196   COMPRESSED   0x00000002   PAD
    0x20000198   COMPRESSED   0x00000004   Data   RW         1458    .data               ethframming.o
    0x2000019c   COMPRESSED   0x00000014   Data   RW         1459    .data               ethframming.o
    0x200001b0   COMPRESSED   0x0000001a   Data   RW         1516    .data               ethtransceiver.o
    0x200001ca   COMPRESSED   0x00000010   Data   RW         1657    .data               config.o
    0x200001da   COMPRESSED   0x00000002   PAD
    0x200001dc   COMPRESSED   0x00000018   Data   RW         2087    .data               normalink.o
    0x200001f4   COMPRESSED   0x00000007   Data   RW         2243    .data               botonera.o
    0x200001fb   COMPRESSED   0x00000001   Data   RW         2246    .data               botonera.o
    0x200001fc   COMPRESSED   0x0000000c   Data   RW         2318    .data               historico.o
    0x20000208   COMPRESSED   0x00000001   Data   RW         2400    .data               test.o
    0x20000209   COMPRESSED   0x00000003   PAD
    0x2000020c   COMPRESSED   0x00000008   Data   RW         2453    .data               temp.o
    0x20000214   COMPRESSED   0x0000000c   Data   RW         2513    .data               ethping.o
    0x20000220   COMPRESSED   0x00000001   Data   RW         2573    .data               fallos.o
    0x20000221   COMPRESSED   0x00000001   Data   RW         2609    .data               webserver.o
    0x20000222   COMPRESSED   0x00000002   Data   RW         2665    .data               wdt.o
    0x20000224   COMPRESSED   0x00000018   Data   RW         2753    .data               daliutils.o
    0x2000023c   COMPRESSED   0x00000004   Data   RW         2851    .data               systick.o
    0x20000240   COMPRESSED   0x0000000c   Data   RW         2879    .data               storage.o
    0x2000024c   COMPRESSED   0x00000001   Data   RW         3133    .data               sensoresgruposdetectorespresencia.o
    0x2000024d   COMPRESSED   0x00000001   Data   RW         3348    .data               sensoresgrupospulsadoresaccionregulacion.o
    0x2000024e   COMPRESSED   0x00000001   Data   RW         3418    .data               sensoresgrupospulsadoresacciontemporizada.o
    0x2000024f   COMPRESSED   0x00000001   Data   RW         3504    .data               sensoresgruposreguladoresluz.o
    0x20000250   COMPRESSED   0x0000000d   Data   RW         3593    .data               interfaces.o
    0x2000025d   COMPRESSED   0x0000000c   Data   RW         3684    .data               normalinksensores.o
    0x20000269   COMPRESSED   0x00000002   Data   RW         3954    .data               dalisensores.o
    0x2000026b   COMPRESSED   0x0000001a   Data   RW         4151    .data               sensorscanning.o
    0x20000285   COMPRESSED   0x00000003   PAD
    0x20000288   COMPRESSED   0x00000014   Data   RW         4263    .data               embeddedbootloader.o
    0x2000029c   COMPRESSED   0x00000001   Data   RW         4338    .data               dadsa.o
    0x2000029d   COMPRESSED   0x00000003   PAD
    0x200002a0   COMPRESSED   0x0000000c   Data   RW         4369    .data               dals.o
    0x200002ac   COMPRESSED   0x00000006   Data   RW         4409    .data               dani.o
    0x200002b2   COMPRESSED   0x00000008   Data   RW         4450    .data               dapsa.o
    0x200002ba   COMPRESSED   0x00000005   Data   RW         4494    .data               daqcgl.o
    0x200002bf   COMPRESSED   0x00000002   Data   RW         4528    .data               daqdtl.o
    0x200002c1   COMPRESSED   0x00000001   PAD
    0x200002c2   COMPRESSED   0x00000006   Data   RW         4560    .data               dase.o
    0x200002c8   COMPRESSED   0x00000018   Data   RW         4604    .data               dasra.o
    0x200002e0   COMPRESSED   0x00000012   Data   RW         4664    .data               qsn.o
    0x200002f2   COMPRESSED   0x00000021   Data   RW         4725    .data               sensorstoring.o
    0x20000313   COMPRESSED   0x00000020   Data   RW         4933    .data               historicotest.o
    0x20000333   COMPRESSED   0x00000001   PAD
    0x20000334   COMPRESSED   0x00000008   Data   RW         4969    .data               normalink62386p209.o
    0x2000033c   COMPRESSED   0x00000001   Data   RW         5039    .data               sensoresgrupospulsadorestw.o
    0x2000033d   COMPRESSED   0x00000003   PAD
    0x20000340   COMPRESSED   0x00000004   Data   RW         6581    .data               mc_p.l(errno.o)
    0x20000344        -       0x00000060   Zero   RW          347    .bss                w5100.o
    0x200003a4        -       0x00000140   Zero   RW         1025    .bss                dali.o
    0x200004e4        -       0x00000040   Zero   RW         1107    .bss                dalitransceiver.o
    0x20000524        -       0x00000300   Zero   RW         1192    .bss                daliloop.o
    0x20000824        -       0x0000000a   Zero   RW         1377    .bss                polling.o
    0x2000082e        -       0x00000140   Zero   RW         1457    .bss                ethframming.o
    0x2000096e        -       0x000002b0   Zero   RW         1655    .bss                config.o
    0x20000c1e        -       0x00000040   Zero   RW         2399    .bss                test.o
    0x20000c5e   COMPRESSED   0x00000002   PAD
    0x20000c60        -       0x00000050   Zero   RW         2449    .bss                temp.o
    0x20000cb0        -       0x00000028   Zero   RW         2511    .bss                ethping.o
    0x20000cd8        -       0x00000180   Zero   RW         2572    .bss                fallos.o
    0x20000e58        -       0x000000f0   Zero   RW         2949    .bss                sensoresgrupos.o
    0x20000f48        -       0x00000150   Zero   RW         3132    .bss                sensoresgruposdetectorespresencia.o
    0x20001098        -       0x00000050   Zero   RW         3347    .bss                sensoresgrupospulsadoresaccionregulacion.o
    0x200010e8        -       0x00000050   Zero   RW         3417    .bss                sensoresgrupospulsadoresacciontemporizada.o
    0x20001138        -       0x00000050   Zero   RW         3502    .bss                sensoresgruposreguladoresluz.o
    0x20001188        -       0x00000080   Zero   RW         3590    .bss                interfaces.o
    0x20001208        -       0x00000010   Zero   RW         3591    .bss                interfaces.o
    0x20001218        -       0x00000010   Zero   RW         3592    .bss                interfaces.o
    0x20001228        -       0x00000180   Zero   RW         3772    .bss                sensores.o
    0x200013a8        -       0x00000040   Zero   RW         3773    .bss                sensores.o
    0x200013e8        -       0x00000040   Zero   RW         4449    .bss                dapsa.o
    0x20001428        -       0x00000040   Zero   RW         4493    .bss                daqcgl.o
    0x20001468        -       0x00000040   Zero   RW         4527    .bss                daqdtl.o
    0x200014a8        -       0x00000100   Zero   RW         4603    .bss                dasra.o
    0x200015a8        -       0x0000000e   Zero   RW         4724    .bss                sensorstoring.o
    0x200015b6        -       0x00000010   Zero   RW         4968    .bss                normalink62386p209.o
    0x200015c6        -       0x00000050   Zero   RW         5038    .bss                sensoresgrupospulsadorestw.o
    0x20001616   COMPRESSED   0x00000002   PAD
    0x20001618        -       0x00000940   Zero   RW         6534    STACK               startup_stm32f0xx.o



  Load Region LR$$.ARM.__AT_0x20000000 (Base: 0x20000000, Size: 0x00000000, Max: 0x000000c0, ABSOLUTE)

    Execution Region ER$$.ARM.__AT_0x20000000 (Exec base: 0x20000000, Load base: 0x20000000, Size: 0x000000c0, Max: 0x000000c0, ABSOLUTE, UNINIT)

    Exec Addr    Load Addr    Size         Type   Attr      Idx    E Section Name        Object

    0x20000000        -       0x000000c0   Zero   RW          216    .ARM.__AT_0x20000000  main.o


==============================================================================

Image component sizes


      Code (inc. data)   RO Data    RW Data    ZI Data      Debug   Object Name

       636         22          0          0          0       7874   actuallevel.o
       820         58          0          0          0      10308   board.o
       360         46          0          8          0       5891   botonera.o
      2512        224        140         16        688      31084   config.o
       136         28          0          1          0       1925   dadsa.o
      1246         66          0        100        320       9441   dali.o
      2518        314          0         28          0      30253   daliaddressing.o
      1898        132          0          3        768      18062   daliloop.o
      1706        168          0          2          0      19756   dalisensores.o
      1064         52          0         20         64       9378   dalitransceiver.o
      1316         52          0         24          0      13374   daliutils.o
       400         46          0         12          0       2929   dals.o
       396         50          0          6          0       3589   dani.o
       664         92          0          8         64       4894   dapsa.o
       156         24          0          5         64       2868   daqcgl.o
       180         26          0          2         64       2930   daqdtl.o
       300         36          0          6          0       3430   dase.o
      1604        138          0         24        256       8484   dasra.o
       708         68          0         20          0       8666   embeddedbootloader.o
       736         52          0         24        320       5524   ethframming.o
       350         40          0         12         40       6141   ethping.o
       892         78          0         26          0       7998   ethtransceiver.o
      1252         36          0          1        384       4431   fallos.o
       970         66          0         12          0       8668   historico.o
       664         18          0         32          0       3704   historicotest.o
         2          0          0          0          0        428   ied.o
      1320         30          0         13        160      18485   interfaces.o
       214          0          0          0          0      90574   m25p.o
       188         10          0          0        192       2001   main.o
       664         48          0         24          0       7758   normalink.o
      2552         32          0          0          0       5206   normalink62386p102.o
       364         10          0          0          0       1119   normalink62386p202.o
      1364         52          0          8         16       7596   normalink62386p209.o
      2104         36          0          0          0       4490   normalinkcfginfopasarela.o
       396         26          0          0          0       1738   normalinkcmdpasarela.o
       628         42          0          0          0       2897   normalinkdaliutils.o
      1960         90          0         12          0      13900   normalinksensores.o
      2172         42          0          0          0       3824   normalinksingleloop.o
      1068         90          0         26         10      13545   polling.o
       680         46          0         18          0       5097   qsn.o
       554          4          0          0          0      10057   rtcc.o
      1068         16          0          0        448      23504   sensores.o
      1390         94          0          0        240      27621   sensoresgrupos.o
      1138         46          0          1        336      20997   sensoresgruposdetectorespresencia.o
       334          0          0          0          0      12072   sensoresgrupospulsadoresaccionbasculante.o
       418          0          0          0          0      11586   sensoresgrupospulsadoresaccionfija.o
       680         30          0          1         80      17084   sensoresgrupospulsadoresaccionregulacion.o
       490         30          0          1         80       8687   sensoresgrupospulsadoresacciontemporizada.o
       424         24          0          1         80       8066   sensoresgrupospulsadorestw.o
       902         48        256          1         80       9907   sensoresgruposreguladoresluz.o
      1336        110          0         26          0      14146   sensorscanning.o
      1452        152          0         33         14      18199   sensorstoring.o
       704         38          0          4          0       7182   socket.o
       214          8          0          0          0       2242   spi1.o
       260         34          0          0          0       3182   spi2.o
        28          8        192          0       2368        776   startup_stm32f0xx.o
       120         12          0          0          0       4545   stm32f0xx_exti.o
       166          0          0          0          0       8739   stm32f0xx_gpio.o
       196         12          0          0          0      11984   stm32f0xx_i2c.o
       102          0          0          0          0     123000   stm32f0xx_it.o
        68         34          0          0          0       2986   stm32f0xx_iwdg.o
        80         10          0          0          0       2364   stm32f0xx_misc.o
        24          4          0          0          0        638   stm32f0xx_pwr.o
       440         88          0          0          0       9271   stm32f0xx_rcc.o
      1176         94          0          0          0      27664   stm32f0xx_rtc.o
       218         24          0          0          0      15146   stm32f0xx_spi.o
        20          6          0          0          0        659   stm32f0xx_syscfg.o
       418         48          0         12          0       4827   storage.o
       192         20          0         20          0       1857   system_stm32f0xx.o
        80         12          0          4          0       1721   systick.o
       468         30         20          8         80       6516   temp.o
       628         36          0          1         64       5566   test.o
       162          0          0          0          0       5687   utils.o
      1364         72          0         12         96      19418   w5100.o
       132         30          0          2          0       3467   wdt.o
      2882        882        157          1          0       6776   webserver.o

    ----------------------------------------------------------------------
     59552       4542        800        640       7380     868399   Object Totals
         0          0         32          0          0          0   (incl. Generated)
        64          0          3         19          4          0   (incl. Padding)

    ----------------------------------------------------------------------

      Code (inc. data)   RO Data    RW Data    ZI Data      Debug   Library Member Name

        58          0          0          0          0          0   __dczerorl.o
        30          0          0          0          0         60   _chval.o
       166          0          0          0          0         84   _strtoul.o
        26          0          0          0          0         72   atoi.o
         8          4        133          0          0         60   ctype_o.o
         0          0          0          0          0          0   entry.o
         0          0          0          0          0          0   entry10a.o
         0          0          0          0          0          0   entry11a.o
         8          4          0          0          0          0   entry2.o
         4          0          0          0          0          0   entry5.o
         0          0          0          0          0          0   entry7b.o
         0          0          0          0          0          0   entry8b.o
         8          4          0          0          0          0   entry9a.o
         8          4          0          4          0         60   errno.o
        30          0          0          0          0          0   handlers.o
        36          8          0          0          0         68   init.o
        36          0          0          0          0         60   memcpya.o
        36          0          0          0          0        100   memseta.o
        24          0          0          0          0         60   strcat.o
        28          0          0          0          0         68   strcmp.o
        18          0          0          0          0         60   strcpy.o
        14          0          0          0          0         60   strlen.o
        30          0          0          0          0         72   strncmp.o
       112          4          0          0          0         76   strtol.o
        44          0          0          0          0         72   uidiv.o

    ----------------------------------------------------------------------
       728         28        136          4          0       1032   Library Totals
         4          0          3          0          0          0   (incl. Padding)

    ----------------------------------------------------------------------

      Code (inc. data)   RO Data    RW Data    ZI Data      Debug   Library Name

       724         28        133          4          0       1032   mc_p.l

    ----------------------------------------------------------------------
       728         28        136          4          0       1032   Library Totals

    ----------------------------------------------------------------------

==============================================================================


      Code (inc. data)   RO Data    RW Data    ZI Data      Debug   

     60280       4570        936        644       7380     840835   Grand Totals
     60280       4570        936         40       7380     840835   ELF Image Totals (compressed)
     60280       4570        936         40          0          0   ROM Totals

==============================================================================

    Total RO  Size (Code + RO Data)                61216 (  59.78kB)
    Total RW  Size (RW Data + ZI Data)              8024 (   7.84kB)
    Total ROM Size (Code + RO Data + RW Data)      61256 (  59.82kB)

==============================================================================

