<!doctype html public "-//w3c//dtd html 4.0 transitional//en">
<html><head>
<title>Static Call Graph - [.\IO_Toggle\IO_Toggle.axf]</title></head>
<body><HR>
<H1>Static Call Graph for image .\IO_Toggle\IO_Toggle.axf</H1><HR>
<BR><P>#&#060CALLGRAPH&#062# ARM Linker, 5060528: Last Updated: Fri Sep 13 11:32:20 2024
<BR><P>
<H3>Maximum Stack Usage =       2408 bytes + Unknown(Cycles, Untraceable Function Pointers)</H3><H3>
Call chain for Maximum Stack Depth:</H3>
main &rArr; ethTransceiverDoTask &rArr; webServerDoTask &rArr; configSubmaskAddressSet &rArr; configStoreInFlash &rArr; m25pWriteBytes &rArr; spiIINCHIP_SpiSendData
<P>
<H3>
Mutually Recursive functions
</H3> <LI><a href="#[12]">ADC1_COMP_IRQHandler</a>&nbsp;&nbsp;&nbsp;&rArr;&nbsp;&nbsp;&nbsp;<a href="#[12]">ADC1_COMP_IRQHandler</a><BR>
</UL>
<P>
<H3>
Function Pointers
</H3><UL>
 <LI><a href="#[12]">ADC1_COMP_IRQHandler</a> from startup_stm32f0xx.o(.text) referenced from startup_stm32f0xx.o(RESET)
 <LI><a href="#[22]">CEC_IRQHandler</a> from startup_stm32f0xx.o(.text) referenced from startup_stm32f0xx.o(RESET)
 <LI><a href="#[f]">DMA1_Channel1_IRQHandler</a> from startup_stm32f0xx.o(.text) referenced from startup_stm32f0xx.o(RESET)
 <LI><a href="#[10]">DMA1_Channel2_3_IRQHandler</a> from startup_stm32f0xx.o(.text) referenced from startup_stm32f0xx.o(RESET)
 <LI><a href="#[11]">DMA1_Channel4_5_IRQHandler</a> from startup_stm32f0xx.o(.text) referenced from startup_stm32f0xx.o(RESET)
 <LI><a href="#[b]">EXTI0_1_IRQHandler</a> from startup_stm32f0xx.o(.text) referenced from startup_stm32f0xx.o(RESET)
 <LI><a href="#[c]">EXTI2_3_IRQHandler</a> from startup_stm32f0xx.o(.text) referenced from startup_stm32f0xx.o(RESET)
 <LI><a href="#[d]">EXTI4_15_IRQHandler</a> from startup_stm32f0xx.o(.text) referenced from startup_stm32f0xx.o(RESET)
 <LI><a href="#[9]">FLASH_IRQHandler</a> from startup_stm32f0xx.o(.text) referenced from startup_stm32f0xx.o(RESET)
 <LI><a href="#[2]">HardFault_Handler</a> from stm32f0xx_it.o(i.HardFault_Handler) referenced from startup_stm32f0xx.o(RESET)
 <LI><a href="#[1c]">I2C1_IRQHandler</a> from startup_stm32f0xx.o(.text) referenced from startup_stm32f0xx.o(RESET)
 <LI><a href="#[1d]">I2C2_IRQHandler</a> from startup_stm32f0xx.o(.text) referenced from startup_stm32f0xx.o(RESET)
 <LI><a href="#[1]">NMI_Handler</a> from stm32f0xx_it.o(i.NMI_Handler) referenced from startup_stm32f0xx.o(RESET)
 <LI><a href="#[7]">PVD_IRQHandler</a> from startup_stm32f0xx.o(.text) referenced from startup_stm32f0xx.o(RESET)
 <LI><a href="#[4]">PendSV_Handler</a> from stm32f0xx_it.o(i.PendSV_Handler) referenced from startup_stm32f0xx.o(RESET)
 <LI><a href="#[a]">RCC_IRQHandler</a> from startup_stm32f0xx.o(.text) referenced from startup_stm32f0xx.o(RESET)
 <LI><a href="#[8]">RTC_IRQHandler</a> from stm32f0xx_it.o(i.RTC_IRQHandler) referenced from startup_stm32f0xx.o(RESET)
 <LI><a href="#[0]">Reset_Handler</a> from startup_stm32f0xx.o(.text) referenced from startup_stm32f0xx.o(RESET)
 <LI><a href="#[1e]">SPI1_IRQHandler</a> from startup_stm32f0xx.o(.text) referenced from startup_stm32f0xx.o(RESET)
 <LI><a href="#[1f]">SPI2_IRQHandler</a> from startup_stm32f0xx.o(.text) referenced from startup_stm32f0xx.o(RESET)
 <LI><a href="#[3]">SVC_Handler</a> from stm32f0xx_it.o(i.SVC_Handler) referenced from startup_stm32f0xx.o(RESET)
 <LI><a href="#[5]">SysTick_Handler</a> from stm32f0xx_it.o(i.SysTick_Handler) referenced from startup_stm32f0xx.o(RESET)
 <LI><a href="#[24]">SystemInit</a> from system_stm32f0xx.o(i.SystemInit) referenced from startup_stm32f0xx.o(.text)
 <LI><a href="#[18]">TIM14_IRQHandler</a> from startup_stm32f0xx.o(.text) referenced from startup_stm32f0xx.o(RESET)
 <LI><a href="#[19]">TIM15_IRQHandler</a> from startup_stm32f0xx.o(.text) referenced from startup_stm32f0xx.o(RESET)
 <LI><a href="#[1a]">TIM16_IRQHandler</a> from startup_stm32f0xx.o(.text) referenced from startup_stm32f0xx.o(RESET)
 <LI><a href="#[1b]">TIM17_IRQHandler</a> from startup_stm32f0xx.o(.text) referenced from startup_stm32f0xx.o(RESET)
 <LI><a href="#[13]">TIM1_BRK_UP_TRG_COM_IRQHandler</a> from startup_stm32f0xx.o(.text) referenced from startup_stm32f0xx.o(RESET)
 <LI><a href="#[14]">TIM1_CC_IRQHandler</a> from startup_stm32f0xx.o(.text) referenced from startup_stm32f0xx.o(RESET)
 <LI><a href="#[15]">TIM2_IRQHandler</a> from startup_stm32f0xx.o(.text) referenced from startup_stm32f0xx.o(RESET)
 <LI><a href="#[16]">TIM3_IRQHandler</a> from startup_stm32f0xx.o(.text) referenced from startup_stm32f0xx.o(RESET)
 <LI><a href="#[17]">TIM6_DAC_IRQHandler</a> from startup_stm32f0xx.o(.text) referenced from startup_stm32f0xx.o(RESET)
 <LI><a href="#[e]">TS_IRQHandler</a> from startup_stm32f0xx.o(.text) referenced from startup_stm32f0xx.o(RESET)
 <LI><a href="#[20]">USART1_IRQHandler</a> from startup_stm32f0xx.o(.text) referenced from startup_stm32f0xx.o(RESET)
 <LI><a href="#[21]">USART2_IRQHandler</a> from startup_stm32f0xx.o(.text) referenced from startup_stm32f0xx.o(RESET)
 <LI><a href="#[6]">WWDG_IRQHandler</a> from startup_stm32f0xx.o(.text) referenced from startup_stm32f0xx.o(RESET)
 <LI><a href="#[25]">__main</a> from entry.o(.ARM.Collect$$$$00000000) referenced from startup_stm32f0xx.o(.text)
 <LI><a href="#[23]">main</a> from main.o(i.main) referenced from entry9a.o(.ARM.Collect$$$$0000000B)
</UL>
<P>
<H3>
Global Symbols
</H3>
<P><STRONG><a name="[25]"></a>__main</STRONG> (Thumb, 0 bytes, Stack size unknown bytes, entry.o(.ARM.Collect$$$$00000000))
<BR>[Address Reference Count : 1]<UL><LI> startup_stm32f0xx.o(.text)
</UL>
<P><STRONG><a name="[2bd]"></a>_main_stk</STRONG> (Thumb, 0 bytes, Stack size unknown bytes, entry2.o(.ARM.Collect$$$$00000001))

<P><STRONG><a name="[26]"></a>_main_scatterload</STRONG> (Thumb, 0 bytes, Stack size unknown bytes, entry5.o(.ARM.Collect$$$$00000004))
<BR><BR>[Calls]<UL><LI><a href="#[27]">&gt;&gt;</a>&nbsp;&nbsp;&nbsp;__scatterload
</UL>

<P><STRONG><a name="[30]"></a>__main_after_scatterload</STRONG> (Thumb, 0 bytes, Stack size unknown bytes, entry5.o(.ARM.Collect$$$$00000004))
<BR><BR>[Called By]<UL><LI><a href="#[27]">&gt;&gt;</a>&nbsp;&nbsp;&nbsp;__scatterload
</UL>

<P><STRONG><a name="[2be]"></a>_main_clock</STRONG> (Thumb, 0 bytes, Stack size unknown bytes, entry7b.o(.ARM.Collect$$$$00000008))

<P><STRONG><a name="[2bf]"></a>_main_cpp_init</STRONG> (Thumb, 0 bytes, Stack size unknown bytes, entry8b.o(.ARM.Collect$$$$0000000A))

<P><STRONG><a name="[2c0]"></a>_main_init</STRONG> (Thumb, 0 bytes, Stack size unknown bytes, entry9a.o(.ARM.Collect$$$$0000000B))

<P><STRONG><a name="[2c1]"></a>__rt_final_cpp</STRONG> (Thumb, 0 bytes, Stack size unknown bytes, entry10a.o(.ARM.Collect$$$$0000000D))

<P><STRONG><a name="[2c2]"></a>__rt_final_exit</STRONG> (Thumb, 0 bytes, Stack size unknown bytes, entry11a.o(.ARM.Collect$$$$0000000F))

<P><STRONG><a name="[0]"></a>Reset_Handler</STRONG> (Thumb, 8 bytes, Stack size 0 bytes, startup_stm32f0xx.o(.text))
<BR>[Address Reference Count : 1]<UL><LI> startup_stm32f0xx.o(RESET)
</UL>
<P><STRONG><a name="[12]"></a>ADC1_COMP_IRQHandler</STRONG> (Thumb, 0 bytes, Stack size 0 bytes, startup_stm32f0xx.o(.text))
<BR><BR>[Calls]<UL><LI><a href="#[12]">&gt;&gt;</a>&nbsp;&nbsp;&nbsp;ADC1_COMP_IRQHandler
</UL>
<BR>[Called By]<UL><LI><a href="#[12]">&gt;&gt;</a>&nbsp;&nbsp;&nbsp;ADC1_COMP_IRQHandler
</UL>
<BR>[Address Reference Count : 1]<UL><LI> startup_stm32f0xx.o(RESET)
</UL>
<P><STRONG><a name="[22]"></a>CEC_IRQHandler</STRONG> (Thumb, 0 bytes, Stack size 0 bytes, startup_stm32f0xx.o(.text))
<BR>[Address Reference Count : 1]<UL><LI> startup_stm32f0xx.o(RESET)
</UL>
<P><STRONG><a name="[f]"></a>DMA1_Channel1_IRQHandler</STRONG> (Thumb, 0 bytes, Stack size 0 bytes, startup_stm32f0xx.o(.text))
<BR>[Address Reference Count : 1]<UL><LI> startup_stm32f0xx.o(RESET)
</UL>
<P><STRONG><a name="[10]"></a>DMA1_Channel2_3_IRQHandler</STRONG> (Thumb, 0 bytes, Stack size 0 bytes, startup_stm32f0xx.o(.text))
<BR>[Address Reference Count : 1]<UL><LI> startup_stm32f0xx.o(RESET)
</UL>
<P><STRONG><a name="[11]"></a>DMA1_Channel4_5_IRQHandler</STRONG> (Thumb, 0 bytes, Stack size 0 bytes, startup_stm32f0xx.o(.text))
<BR>[Address Reference Count : 1]<UL><LI> startup_stm32f0xx.o(RESET)
</UL>
<P><STRONG><a name="[b]"></a>EXTI0_1_IRQHandler</STRONG> (Thumb, 0 bytes, Stack size 0 bytes, startup_stm32f0xx.o(.text))
<BR>[Address Reference Count : 1]<UL><LI> startup_stm32f0xx.o(RESET)
</UL>
<P><STRONG><a name="[c]"></a>EXTI2_3_IRQHandler</STRONG> (Thumb, 0 bytes, Stack size 0 bytes, startup_stm32f0xx.o(.text))
<BR>[Address Reference Count : 1]<UL><LI> startup_stm32f0xx.o(RESET)
</UL>
<P><STRONG><a name="[d]"></a>EXTI4_15_IRQHandler</STRONG> (Thumb, 0 bytes, Stack size 0 bytes, startup_stm32f0xx.o(.text))
<BR>[Address Reference Count : 1]<UL><LI> startup_stm32f0xx.o(RESET)
</UL>
<P><STRONG><a name="[9]"></a>FLASH_IRQHandler</STRONG> (Thumb, 0 bytes, Stack size 0 bytes, startup_stm32f0xx.o(.text))
<BR>[Address Reference Count : 1]<UL><LI> startup_stm32f0xx.o(RESET)
</UL>
<P><STRONG><a name="[1c]"></a>I2C1_IRQHandler</STRONG> (Thumb, 0 bytes, Stack size 0 bytes, startup_stm32f0xx.o(.text))
<BR>[Address Reference Count : 1]<UL><LI> startup_stm32f0xx.o(RESET)
</UL>
<P><STRONG><a name="[1d]"></a>I2C2_IRQHandler</STRONG> (Thumb, 0 bytes, Stack size 0 bytes, startup_stm32f0xx.o(.text))
<BR>[Address Reference Count : 1]<UL><LI> startup_stm32f0xx.o(RESET)
</UL>
<P><STRONG><a name="[7]"></a>PVD_IRQHandler</STRONG> (Thumb, 0 bytes, Stack size 0 bytes, startup_stm32f0xx.o(.text))
<BR>[Address Reference Count : 1]<UL><LI> startup_stm32f0xx.o(RESET)
</UL>
<P><STRONG><a name="[a]"></a>RCC_IRQHandler</STRONG> (Thumb, 0 bytes, Stack size 0 bytes, startup_stm32f0xx.o(.text))
<BR>[Address Reference Count : 1]<UL><LI> startup_stm32f0xx.o(RESET)
</UL>
<P><STRONG><a name="[1e]"></a>SPI1_IRQHandler</STRONG> (Thumb, 0 bytes, Stack size 0 bytes, startup_stm32f0xx.o(.text))
<BR>[Address Reference Count : 1]<UL><LI> startup_stm32f0xx.o(RESET)
</UL>
<P><STRONG><a name="[1f]"></a>SPI2_IRQHandler</STRONG> (Thumb, 0 bytes, Stack size 0 bytes, startup_stm32f0xx.o(.text))
<BR>[Address Reference Count : 1]<UL><LI> startup_stm32f0xx.o(RESET)
</UL>
<P><STRONG><a name="[18]"></a>TIM14_IRQHandler</STRONG> (Thumb, 0 bytes, Stack size 0 bytes, startup_stm32f0xx.o(.text))
<BR>[Address Reference Count : 1]<UL><LI> startup_stm32f0xx.o(RESET)
</UL>
<P><STRONG><a name="[19]"></a>TIM15_IRQHandler</STRONG> (Thumb, 0 bytes, Stack size 0 bytes, startup_stm32f0xx.o(.text))
<BR>[Address Reference Count : 1]<UL><LI> startup_stm32f0xx.o(RESET)
</UL>
<P><STRONG><a name="[1a]"></a>TIM16_IRQHandler</STRONG> (Thumb, 0 bytes, Stack size 0 bytes, startup_stm32f0xx.o(.text))
<BR>[Address Reference Count : 1]<UL><LI> startup_stm32f0xx.o(RESET)
</UL>
<P><STRONG><a name="[1b]"></a>TIM17_IRQHandler</STRONG> (Thumb, 0 bytes, Stack size 0 bytes, startup_stm32f0xx.o(.text))
<BR>[Address Reference Count : 1]<UL><LI> startup_stm32f0xx.o(RESET)
</UL>
<P><STRONG><a name="[13]"></a>TIM1_BRK_UP_TRG_COM_IRQHandler</STRONG> (Thumb, 0 bytes, Stack size 0 bytes, startup_stm32f0xx.o(.text))
<BR>[Address Reference Count : 1]<UL><LI> startup_stm32f0xx.o(RESET)
</UL>
<P><STRONG><a name="[14]"></a>TIM1_CC_IRQHandler</STRONG> (Thumb, 0 bytes, Stack size 0 bytes, startup_stm32f0xx.o(.text))
<BR>[Address Reference Count : 1]<UL><LI> startup_stm32f0xx.o(RESET)
</UL>
<P><STRONG><a name="[15]"></a>TIM2_IRQHandler</STRONG> (Thumb, 0 bytes, Stack size 0 bytes, startup_stm32f0xx.o(.text))
<BR>[Address Reference Count : 1]<UL><LI> startup_stm32f0xx.o(RESET)
</UL>
<P><STRONG><a name="[16]"></a>TIM3_IRQHandler</STRONG> (Thumb, 0 bytes, Stack size 0 bytes, startup_stm32f0xx.o(.text))
<BR>[Address Reference Count : 1]<UL><LI> startup_stm32f0xx.o(RESET)
</UL>
<P><STRONG><a name="[17]"></a>TIM6_DAC_IRQHandler</STRONG> (Thumb, 0 bytes, Stack size 0 bytes, startup_stm32f0xx.o(.text))
<BR>[Address Reference Count : 1]<UL><LI> startup_stm32f0xx.o(RESET)
</UL>
<P><STRONG><a name="[e]"></a>TS_IRQHandler</STRONG> (Thumb, 0 bytes, Stack size 0 bytes, startup_stm32f0xx.o(.text))
<BR>[Address Reference Count : 1]<UL><LI> startup_stm32f0xx.o(RESET)
</UL>
<P><STRONG><a name="[20]"></a>USART1_IRQHandler</STRONG> (Thumb, 0 bytes, Stack size 0 bytes, startup_stm32f0xx.o(.text))
<BR>[Address Reference Count : 1]<UL><LI> startup_stm32f0xx.o(RESET)
</UL>
<P><STRONG><a name="[21]"></a>USART2_IRQHandler</STRONG> (Thumb, 0 bytes, Stack size 0 bytes, startup_stm32f0xx.o(.text))
<BR>[Address Reference Count : 1]<UL><LI> startup_stm32f0xx.o(RESET)
</UL>
<P><STRONG><a name="[6]"></a>WWDG_IRQHandler</STRONG> (Thumb, 0 bytes, Stack size 0 bytes, startup_stm32f0xx.o(.text))
<BR>[Address Reference Count : 1]<UL><LI> startup_stm32f0xx.o(RESET)
</UL>
<P><STRONG><a name="[2c3]"></a>__aeabi_uidiv</STRONG> (Thumb, 0 bytes, Stack size 12 bytes, uidiv.o(.text), UNUSED)

<P><STRONG><a name="[7d]"></a>__aeabi_uidivmod</STRONG> (Thumb, 44 bytes, Stack size 12 bytes, uidiv.o(.text))
<BR><BR>[Stack]<UL><LI>Max Depth = 12<LI>Call Chain = __aeabi_uidivmod
</UL>
<BR>[Called By]<UL><LI><a href="#[90]">&gt;&gt;</a>&nbsp;&nbsp;&nbsp;boardInit
<LI><a href="#[20b]">&gt;&gt;</a>&nbsp;&nbsp;&nbsp;storageReadWriteFinish
<LI><a href="#[7c]">&gt;&gt;</a>&nbsp;&nbsp;&nbsp;_webserverPrintIp
<LI><a href="#[74]">&gt;&gt;</a>&nbsp;&nbsp;&nbsp;actualLevel_GrupoValoresGet
</UL>

<P><STRONG><a name="[1ce]"></a>__aeabi_memcpy</STRONG> (Thumb, 36 bytes, Stack size 0 bytes, memcpya.o(.text))
<BR><BR>[Called By]<UL><LI><a href="#[1a5]">&gt;&gt;</a>&nbsp;&nbsp;&nbsp;normaLinkSensores
<LI><a href="#[1da]">&gt;&gt;</a>&nbsp;&nbsp;&nbsp;sensoresNotificar
<LI><a href="#[1db]">&gt;&gt;</a>&nbsp;&nbsp;&nbsp;normaLinkSensoresEnviar
<LI><a href="#[1d5]">&gt;&gt;</a>&nbsp;&nbsp;&nbsp;interfacesIDNGEADEventoGet
<LI><a href="#[1d4]">&gt;&gt;</a>&nbsp;&nbsp;&nbsp;interfacesIDNG4PEventoGet
<LI><a href="#[1cc]">&gt;&gt;</a>&nbsp;&nbsp;&nbsp;interfacesConfiguracionGet
<LI><a href="#[1d7]">&gt;&gt;</a>&nbsp;&nbsp;&nbsp;interfacesSolicitar
<LI><a href="#[21d]">&gt;&gt;</a>&nbsp;&nbsp;&nbsp;sensoresConfiguracionGet
<LI><a href="#[76]">&gt;&gt;</a>&nbsp;&nbsp;&nbsp;sensoresGruposConfiguracionGet
</UL>

<P><STRONG><a name="[21e]"></a>__aeabi_memcpy4</STRONG> (Thumb, 0 bytes, Stack size 0 bytes, memcpya.o(.text))
<BR><BR>[Called By]<UL><LI><a href="#[1ec]">&gt;&gt;</a>&nbsp;&nbsp;&nbsp;sensoresInit
<LI><a href="#[1af]">&gt;&gt;</a>&nbsp;&nbsp;&nbsp;webServerDoTask
<LI><a href="#[1a5]">&gt;&gt;</a>&nbsp;&nbsp;&nbsp;normaLinkSensores
<LI><a href="#[1da]">&gt;&gt;</a>&nbsp;&nbsp;&nbsp;sensoresNotificar
<LI><a href="#[267]">&gt;&gt;</a>&nbsp;&nbsp;&nbsp;sensoresGruposDetectoresPresenciaInit
</UL>

<P><STRONG><a name="[2c4]"></a>__aeabi_memcpy8</STRONG> (Thumb, 0 bytes, Stack size 0 bytes, memcpya.o(.text), UNUSED)

<P><STRONG><a name="[29]"></a>__aeabi_memset</STRONG> (Thumb, 14 bytes, Stack size 0 bytes, memseta.o(.text), UNUSED)
<BR><BR>[Called By]<UL><LI><a href="#[2a]">&gt;&gt;</a>&nbsp;&nbsp;&nbsp;_memset$wrapper
<LI><a href="#[28]">&gt;&gt;</a>&nbsp;&nbsp;&nbsp;__aeabi_memclr
</UL>

<P><STRONG><a name="[2c5]"></a>__aeabi_memset4</STRONG> (Thumb, 0 bytes, Stack size 0 bytes, memseta.o(.text), UNUSED)

<P><STRONG><a name="[2c6]"></a>__aeabi_memset8</STRONG> (Thumb, 0 bytes, Stack size 0 bytes, memseta.o(.text), UNUSED)

<P><STRONG><a name="[28]"></a>__aeabi_memclr</STRONG> (Thumb, 4 bytes, Stack size 0 bytes, memseta.o(.text), UNUSED)
<BR><BR>[Calls]<UL><LI><a href="#[29]">&gt;&gt;</a>&nbsp;&nbsp;&nbsp;__aeabi_memset
</UL>

<P><STRONG><a name="[d4]"></a>__aeabi_memclr4</STRONG> (Thumb, 0 bytes, Stack size 0 bytes, memseta.o(.text))
<BR><BR>[Called By]<UL><LI><a href="#[b8]">&gt;&gt;</a>&nbsp;&nbsp;&nbsp;configStoreInFlash
</UL>

<P><STRONG><a name="[2c7]"></a>__aeabi_memclr8</STRONG> (Thumb, 0 bytes, Stack size 0 bytes, memseta.o(.text), UNUSED)

<P><STRONG><a name="[2a]"></a>_memset$wrapper</STRONG> (Thumb, 18 bytes, Stack size 8 bytes, memseta.o(.text), UNUSED)
<BR><BR>[Calls]<UL><LI><a href="#[29]">&gt;&gt;</a>&nbsp;&nbsp;&nbsp;__aeabi_memset
</UL>

<P><STRONG><a name="[7e]"></a>strcat</STRONG> (Thumb, 24 bytes, Stack size 0 bytes, strcat.o(.text))
<BR><BR>[Called By]<UL><LI><a href="#[1af]">&gt;&gt;</a>&nbsp;&nbsp;&nbsp;webServerDoTask
<LI><a href="#[7c]">&gt;&gt;</a>&nbsp;&nbsp;&nbsp;_webserverPrintIp
</UL>

<P><STRONG><a name="[82]"></a>strlen</STRONG> (Thumb, 14 bytes, Stack size 0 bytes, strlen.o(.text))
<BR><BR>[Called By]<UL><LI><a href="#[1af]">&gt;&gt;</a>&nbsp;&nbsp;&nbsp;webServerDoTask
<LI><a href="#[80]">&gt;&gt;</a>&nbsp;&nbsp;&nbsp;strindex
<LI><a href="#[81]">&gt;&gt;</a>&nbsp;&nbsp;&nbsp;_webserverUtilsStringToIp
</UL>

<P><STRONG><a name="[2b9]"></a>strcmp</STRONG> (Thumb, 28 bytes, Stack size 8 bytes, strcmp.o(.text))
<BR><BR>[Stack]<UL><LI>Max Depth = 8<LI>Call Chain = strcmp
</UL>
<BR>[Called By]<UL><LI><a href="#[1af]">&gt;&gt;</a>&nbsp;&nbsp;&nbsp;webServerDoTask
</UL>

<P><STRONG><a name="[2b8]"></a>strcpy</STRONG> (Thumb, 18 bytes, Stack size 0 bytes, strcpy.o(.text))
<BR><BR>[Called By]<UL><LI><a href="#[1af]">&gt;&gt;</a>&nbsp;&nbsp;&nbsp;webServerDoTask
</UL>

<P><STRONG><a name="[2ab]"></a>strncmp</STRONG> (Thumb, 30 bytes, Stack size 12 bytes, strncmp.o(.text))
<BR><BR>[Stack]<UL><LI>Max Depth = 12<LI>Call Chain = strncmp
</UL>
<BR>[Called By]<UL><LI><a href="#[80]">&gt;&gt;</a>&nbsp;&nbsp;&nbsp;strindex
</UL>

<P><STRONG><a name="[2b]"></a>atoi</STRONG> (Thumb, 26 bytes, Stack size 16 bytes, atoi.o(.text))
<BR><BR>[Stack]<UL><LI>Max Depth = 88<LI>Call Chain = atoi &rArr; strtol &rArr; _strtoul
</UL>
<BR>[Calls]<UL><LI><a href="#[2d]">&gt;&gt;</a>&nbsp;&nbsp;&nbsp;strtol
<LI><a href="#[2c]">&gt;&gt;</a>&nbsp;&nbsp;&nbsp;__aeabi_errno_addr
</UL>
<BR>[Called By]<UL><LI><a href="#[81]">&gt;&gt;</a>&nbsp;&nbsp;&nbsp;_webserverUtilsStringToIp
</UL>

<P><STRONG><a name="[2d]"></a>strtol</STRONG> (Thumb, 108 bytes, Stack size 32 bytes, strtol.o(.text))
<BR><BR>[Stack]<UL><LI>Max Depth = 72<LI>Call Chain = strtol &rArr; _strtoul
</UL>
<BR>[Calls]<UL><LI><a href="#[2f]">&gt;&gt;</a>&nbsp;&nbsp;&nbsp;_strtoul
<LI><a href="#[2e]">&gt;&gt;</a>&nbsp;&nbsp;&nbsp;__rt_ctype_table
<LI><a href="#[2c]">&gt;&gt;</a>&nbsp;&nbsp;&nbsp;__aeabi_errno_addr
</UL>
<BR>[Called By]<UL><LI><a href="#[2b]">&gt;&gt;</a>&nbsp;&nbsp;&nbsp;atoi
</UL>

<P><STRONG><a name="[27]"></a>__scatterload</STRONG> (Thumb, 28 bytes, Stack size 0 bytes, init.o(.text))
<BR><BR>[Calls]<UL><LI><a href="#[30]">&gt;&gt;</a>&nbsp;&nbsp;&nbsp;__main_after_scatterload
</UL>
<BR>[Called By]<UL><LI><a href="#[26]">&gt;&gt;</a>&nbsp;&nbsp;&nbsp;_main_scatterload
</UL>

<P><STRONG><a name="[2c8]"></a>__scatterload_rt2</STRONG> (Thumb, 0 bytes, Stack size 0 bytes, init.o(.text), UNUSED)

<P><STRONG><a name="[2e]"></a>__rt_ctype_table</STRONG> (Thumb, 4 bytes, Stack size 0 bytes, ctype_o.o(.text))
<BR><BR>[Called By]<UL><LI><a href="#[2d]">&gt;&gt;</a>&nbsp;&nbsp;&nbsp;strtol
</UL>

<P><STRONG><a name="[2f]"></a>_strtoul</STRONG> (Thumb, 166 bytes, Stack size 40 bytes, _strtoul.o(.text))
<BR><BR>[Stack]<UL><LI>Max Depth = 40<LI>Call Chain = _strtoul
</UL>
<BR>[Calls]<UL><LI><a href="#[31]">&gt;&gt;</a>&nbsp;&nbsp;&nbsp;_chval
<LI><a href="#[2c]">&gt;&gt;</a>&nbsp;&nbsp;&nbsp;__aeabi_errno_addr
</UL>
<BR>[Called By]<UL><LI><a href="#[2d]">&gt;&gt;</a>&nbsp;&nbsp;&nbsp;strtol
</UL>

<P><STRONG><a name="[31]"></a>_chval</STRONG> (Thumb, 30 bytes, Stack size 0 bytes, _chval.o(.text))
<BR><BR>[Called By]<UL><LI><a href="#[2f]">&gt;&gt;</a>&nbsp;&nbsp;&nbsp;_strtoul
</UL>

<P><STRONG><a name="[2c9]"></a>__decompress</STRONG> (Thumb, 0 bytes, Stack size unknown bytes, __dczerorl.o(.text), UNUSED)

<P><STRONG><a name="[2ca]"></a>__decompress0</STRONG> (Thumb, 58 bytes, Stack size unknown bytes, __dczerorl.o(.text), UNUSED)

<P><STRONG><a name="[44]"></a>EXTI_ClearITPendingBit</STRONG> (Thumb, 6 bytes, Stack size 0 bytes, stm32f0xx_exti.o(i.EXTI_ClearITPendingBit))
<BR><BR>[Called By]<UL><LI><a href="#[1e8]">&gt;&gt;</a>&nbsp;&nbsp;&nbsp;rtccInit
<LI><a href="#[8]">&gt;&gt;</a>&nbsp;&nbsp;&nbsp;RTC_IRQHandler
</UL>

<P><STRONG><a name="[245]"></a>EXTI_Init</STRONG> (Thumb, 102 bytes, Stack size 8 bytes, stm32f0xx_exti.o(i.EXTI_Init))
<BR><BR>[Stack]<UL><LI>Max Depth = 8<LI>Call Chain = EXTI_Init
</UL>
<BR>[Called By]<UL><LI><a href="#[1e8]">&gt;&gt;</a>&nbsp;&nbsp;&nbsp;rtccInit
</UL>

<P><STRONG><a name="[97]"></a>GPIO_Init</STRONG> (Thumb, 112 bytes, Stack size 20 bytes, stm32f0xx_gpio.o(i.GPIO_Init))
<BR><BR>[Stack]<UL><LI>Max Depth = 20<LI>Call Chain = GPIO_Init
</UL>
<BR>[Called By]<UL><LI><a href="#[90]">&gt;&gt;</a>&nbsp;&nbsp;&nbsp;boardInit
</UL>

<P><STRONG><a name="[9d]"></a>GPIO_PinAFConfig</STRONG> (Thumb, 32 bytes, Stack size 8 bytes, stm32f0xx_gpio.o(i.GPIO_PinAFConfig))
<BR><BR>[Stack]<UL><LI>Max Depth = 8<LI>Call Chain = GPIO_PinAFConfig
</UL>
<BR>[Called By]<UL><LI><a href="#[90]">&gt;&gt;</a>&nbsp;&nbsp;&nbsp;boardInit
</UL>

<P><STRONG><a name="[a9]"></a>GPIO_ReadInputDataBit</STRONG> (Thumb, 14 bytes, Stack size 0 bytes, stm32f0xx_gpio.o(i.GPIO_ReadInputDataBit))
<BR><BR>[Called By]<UL><LI><a href="#[a8]">&gt;&gt;</a>&nbsp;&nbsp;&nbsp;botoneraDoTask
<LI><a href="#[13c]">&gt;&gt;</a>&nbsp;&nbsp;&nbsp;daliTransceiverDoTask
</UL>

<P><STRONG><a name="[9e]"></a>GPIO_ResetBits</STRONG> (Thumb, 4 bytes, Stack size 0 bytes, stm32f0xx_gpio.o(i.GPIO_ResetBits))
<BR><BR>[Called By]<UL><LI><a href="#[39]">&gt;&gt;</a>&nbsp;&nbsp;&nbsp;spiIINCHIP_CSoff_w5100
<LI><a href="#[1aa]">&gt;&gt;</a>&nbsp;&nbsp;&nbsp;ethTransceiverDoTask
<LI><a href="#[a8]">&gt;&gt;</a>&nbsp;&nbsp;&nbsp;botoneraDoTask
<LI><a href="#[90]">&gt;&gt;</a>&nbsp;&nbsp;&nbsp;boardInit
<LI><a href="#[1de]">&gt;&gt;</a>&nbsp;&nbsp;&nbsp;spiIINCHIP_CSoff_m25p
<LI><a href="#[130]">&gt;&gt;</a>&nbsp;&nbsp;&nbsp;spi1Write
<LI><a href="#[16d]">&gt;&gt;</a>&nbsp;&nbsp;&nbsp;spi1Read
<LI><a href="#[13c]">&gt;&gt;</a>&nbsp;&nbsp;&nbsp;daliTransceiverDoTask
<LI><a href="#[a6]">&gt;&gt;</a>&nbsp;&nbsp;&nbsp;board_LedVerdeOff
<LI><a href="#[a4]">&gt;&gt;</a>&nbsp;&nbsp;&nbsp;board_LedRojoOff
<LI><a href="#[a3]">&gt;&gt;</a>&nbsp;&nbsp;&nbsp;board_AvrBootClear
<LI><a href="#[1a4]">&gt;&gt;</a>&nbsp;&nbsp;&nbsp;normaLinkDaliUtilsT4
</UL>

<P><STRONG><a name="[98]"></a>GPIO_SetBits</STRONG> (Thumb, 4 bytes, Stack size 0 bytes, stm32f0xx_gpio.o(i.GPIO_SetBits))
<BR><BR>[Called By]<UL><LI><a href="#[3c]">&gt;&gt;</a>&nbsp;&nbsp;&nbsp;spiIINCHIP_CSon_w5100
<LI><a href="#[39]">&gt;&gt;</a>&nbsp;&nbsp;&nbsp;spiIINCHIP_CSoff_w5100
<LI><a href="#[a8]">&gt;&gt;</a>&nbsp;&nbsp;&nbsp;botoneraDoTask
<LI><a href="#[90]">&gt;&gt;</a>&nbsp;&nbsp;&nbsp;boardInit
<LI><a href="#[1df]">&gt;&gt;</a>&nbsp;&nbsp;&nbsp;spiIINCHIP_CSon_m25p
<LI><a href="#[1de]">&gt;&gt;</a>&nbsp;&nbsp;&nbsp;spiIINCHIP_CSoff_m25p
<LI><a href="#[130]">&gt;&gt;</a>&nbsp;&nbsp;&nbsp;spi1Write
<LI><a href="#[16d]">&gt;&gt;</a>&nbsp;&nbsp;&nbsp;spi1Read
<LI><a href="#[a7]">&gt;&gt;</a>&nbsp;&nbsp;&nbsp;board_LedVerdeOn
<LI><a href="#[a5]">&gt;&gt;</a>&nbsp;&nbsp;&nbsp;board_LedRojoOn
<LI><a href="#[a0]">&gt;&gt;</a>&nbsp;&nbsp;&nbsp;board_AvrBootSet
<LI><a href="#[1ab]">&gt;&gt;</a>&nbsp;&nbsp;&nbsp;ethTransceiverW5100Init
<LI><a href="#[1a4]">&gt;&gt;</a>&nbsp;&nbsp;&nbsp;normaLinkDaliUtilsT4
</UL>

<P><STRONG><a name="[2]"></a>HardFault_Handler</STRONG> (Thumb, 52 bytes, Stack size 24 bytes, stm32f0xx_it.o(i.HardFault_Handler))
<BR><BR>[Stack]<UL><LI>Max Depth = 168<LI>Call Chain = HardFault_Handler &rArr; historicoAdd &rArr; historicoMapPtrUsedSet &rArr; m25pWriteBytes &rArr; spiIINCHIP_SpiSendData
</UL>
<BR>[Calls]<UL><LI><a href="#[34]">&gt;&gt;</a>&nbsp;&nbsp;&nbsp;rtccYearGet
<LI><a href="#[35]">&gt;&gt;</a>&nbsp;&nbsp;&nbsp;rtccMonthGet
<LI><a href="#[32]">&gt;&gt;</a>&nbsp;&nbsp;&nbsp;rtccMinutesGet
<LI><a href="#[33]">&gt;&gt;</a>&nbsp;&nbsp;&nbsp;rtccHourGet
<LI><a href="#[36]">&gt;&gt;</a>&nbsp;&nbsp;&nbsp;rtccDayGet
<LI><a href="#[37]">&gt;&gt;</a>&nbsp;&nbsp;&nbsp;historicoAdd
</UL>
<BR>[Address Reference Count : 1]<UL><LI> startup_stm32f0xx.o(RESET)
</UL>
<P><STRONG><a name="[a2]"></a>I2C_Cmd</STRONG> (Thumb, 20 bytes, Stack size 0 bytes, stm32f0xx_i2c.o(i.I2C_Cmd))
<BR><BR>[Called By]<UL><LI><a href="#[90]">&gt;&gt;</a>&nbsp;&nbsp;&nbsp;boardInit
</UL>

<P><STRONG><a name="[1e5]"></a>I2C_GenerateSTOP</STRONG> (Thumb, 20 bytes, Stack size 0 bytes, stm32f0xx_i2c.o(i.I2C_GenerateSTOP))
<BR><BR>[Called By]<UL><LI><a href="#[1e0]">&gt;&gt;</a>&nbsp;&nbsp;&nbsp;macInit
</UL>

<P><STRONG><a name="[1e2]"></a>I2C_GetFlagStatus</STRONG> (Thumb, 14 bytes, Stack size 0 bytes, stm32f0xx_i2c.o(i.I2C_GetFlagStatus))
<BR><BR>[Called By]<UL><LI><a href="#[1e0]">&gt;&gt;</a>&nbsp;&nbsp;&nbsp;macInit
</UL>

<P><STRONG><a name="[a1]"></a>I2C_Init</STRONG> (Thumb, 92 bytes, Stack size 8 bytes, stm32f0xx_i2c.o(i.I2C_Init))
<BR><BR>[Stack]<UL><LI>Max Depth = 8<LI>Call Chain = I2C_Init
</UL>
<BR>[Called By]<UL><LI><a href="#[90]">&gt;&gt;</a>&nbsp;&nbsp;&nbsp;boardInit
</UL>

<P><STRONG><a name="[1e4]"></a>I2C_ReceiveData</STRONG> (Thumb, 6 bytes, Stack size 0 bytes, stm32f0xx_i2c.o(i.I2C_ReceiveData))
<BR><BR>[Called By]<UL><LI><a href="#[1e0]">&gt;&gt;</a>&nbsp;&nbsp;&nbsp;macInit
</UL>

<P><STRONG><a name="[1e3]"></a>I2C_SendData</STRONG> (Thumb, 4 bytes, Stack size 0 bytes, stm32f0xx_i2c.o(i.I2C_SendData))
<BR><BR>[Called By]<UL><LI><a href="#[1e0]">&gt;&gt;</a>&nbsp;&nbsp;&nbsp;macInit
</UL>

<P><STRONG><a name="[1e1]"></a>I2C_TransferHandling</STRONG> (Thumb, 28 bytes, Stack size 16 bytes, stm32f0xx_i2c.o(i.I2C_TransferHandling))
<BR><BR>[Stack]<UL><LI>Max Depth = 16<LI>Call Chain = I2C_TransferHandling
</UL>
<BR>[Called By]<UL><LI><a href="#[1e0]">&gt;&gt;</a>&nbsp;&nbsp;&nbsp;macInit
</UL>

<P><STRONG><a name="[38]"></a>IINCHIP_READ</STRONG> (Thumb, 42 bytes, Stack size 8 bytes, w5100.o(i.IINCHIP_READ))
<BR><BR>[Stack]<UL><LI>Max Depth = 24<LI>Call Chain = IINCHIP_READ &rArr; spiIINCHIP_SpiSendData
</UL>
<BR>[Calls]<UL><LI><a href="#[3c]">&gt;&gt;</a>&nbsp;&nbsp;&nbsp;spiIINCHIP_CSon_w5100
<LI><a href="#[39]">&gt;&gt;</a>&nbsp;&nbsp;&nbsp;spiIINCHIP_CSoff_w5100
<LI><a href="#[3a]">&gt;&gt;</a>&nbsp;&nbsp;&nbsp;spiIINCHIP_SpiSendData
<LI><a href="#[3b]">&gt;&gt;</a>&nbsp;&nbsp;&nbsp;spiIINCHIP_SpiRecvData
</UL>
<BR>[Called By]<UL><LI><a href="#[196]">&gt;&gt;</a>&nbsp;&nbsp;&nbsp;socket
<LI><a href="#[5e]">&gt;&gt;</a>&nbsp;&nbsp;&nbsp;sendto
<LI><a href="#[250]">&gt;&gt;</a>&nbsp;&nbsp;&nbsp;send
<LI><a href="#[191]">&gt;&gt;</a>&nbsp;&nbsp;&nbsp;recv
<LI><a href="#[1dd]">&gt;&gt;</a>&nbsp;&nbsp;&nbsp;listen
<LI><a href="#[180]">&gt;&gt;</a>&nbsp;&nbsp;&nbsp;disconnect
<LI><a href="#[b6]">&gt;&gt;</a>&nbsp;&nbsp;&nbsp;close
<LI><a href="#[252]">&gt;&gt;</a>&nbsp;&nbsp;&nbsp;send_data_processing
<LI><a href="#[23c]">&gt;&gt;</a>&nbsp;&nbsp;&nbsp;recv_data_processing
<LI><a href="#[1bc]">&gt;&gt;</a>&nbsp;&nbsp;&nbsp;getSn_TX_FSR
<LI><a href="#[1bb]">&gt;&gt;</a>&nbsp;&nbsp;&nbsp;getSn_SR
<LI><a href="#[18f]">&gt;&gt;</a>&nbsp;&nbsp;&nbsp;getSn_RX_RSR
<LI><a href="#[b5]">&gt;&gt;</a>&nbsp;&nbsp;&nbsp;getSIPR
</UL>

<P><STRONG><a name="[3d]"></a>IINCHIP_WRITE</STRONG> (Thumb, 44 bytes, Stack size 16 bytes, w5100.o(i.IINCHIP_WRITE))
<BR><BR>[Stack]<UL><LI>Max Depth = 32<LI>Call Chain = IINCHIP_WRITE &rArr; spiIINCHIP_SpiSendData
</UL>
<BR>[Calls]<UL><LI><a href="#[3c]">&gt;&gt;</a>&nbsp;&nbsp;&nbsp;spiIINCHIP_CSon_w5100
<LI><a href="#[39]">&gt;&gt;</a>&nbsp;&nbsp;&nbsp;spiIINCHIP_CSoff_w5100
<LI><a href="#[3a]">&gt;&gt;</a>&nbsp;&nbsp;&nbsp;spiIINCHIP_SpiSendData
</UL>
<BR>[Called By]<UL><LI><a href="#[196]">&gt;&gt;</a>&nbsp;&nbsp;&nbsp;socket
<LI><a href="#[5e]">&gt;&gt;</a>&nbsp;&nbsp;&nbsp;sendto
<LI><a href="#[250]">&gt;&gt;</a>&nbsp;&nbsp;&nbsp;send
<LI><a href="#[191]">&gt;&gt;</a>&nbsp;&nbsp;&nbsp;recv
<LI><a href="#[1dd]">&gt;&gt;</a>&nbsp;&nbsp;&nbsp;listen
<LI><a href="#[180]">&gt;&gt;</a>&nbsp;&nbsp;&nbsp;disconnect
<LI><a href="#[b6]">&gt;&gt;</a>&nbsp;&nbsp;&nbsp;close
<LI><a href="#[1b9]">&gt;&gt;</a>&nbsp;&nbsp;&nbsp;sysinit
<LI><a href="#[195]">&gt;&gt;</a>&nbsp;&nbsp;&nbsp;setSn_PROTO
<LI><a href="#[1b8]">&gt;&gt;</a>&nbsp;&nbsp;&nbsp;setSIPR
<LI><a href="#[1b6]">&gt;&gt;</a>&nbsp;&nbsp;&nbsp;setSHAR
<LI><a href="#[1cb]">&gt;&gt;</a>&nbsp;&nbsp;&nbsp;setMR
<LI><a href="#[1b5]">&gt;&gt;</a>&nbsp;&nbsp;&nbsp;setGAR
<LI><a href="#[252]">&gt;&gt;</a>&nbsp;&nbsp;&nbsp;send_data_processing
<LI><a href="#[23c]">&gt;&gt;</a>&nbsp;&nbsp;&nbsp;recv_data_processing
<LI><a href="#[b4]">&gt;&gt;</a>&nbsp;&nbsp;&nbsp;clearSUBR
<LI><a href="#[8f]">&gt;&gt;</a>&nbsp;&nbsp;&nbsp;applySUBR
</UL>

<P><STRONG><a name="[2b7]"></a>IWDG_Enable</STRONG> (Thumb, 8 bytes, Stack size 0 bytes, stm32f0xx_iwdg.o(i.IWDG_Enable))
<BR><BR>[Called By]<UL><LI><a href="#[1e7]">&gt;&gt;</a>&nbsp;&nbsp;&nbsp;wdtInit
</UL>

<P><STRONG><a name="[2b2]"></a>IWDG_ReloadCounter</STRONG> (Thumb, 8 bytes, Stack size 0 bytes, stm32f0xx_iwdg.o(i.IWDG_ReloadCounter))
<BR><BR>[Called By]<UL><LI><a href="#[1e7]">&gt;&gt;</a>&nbsp;&nbsp;&nbsp;wdtInit
<LI><a href="#[1ee]">&gt;&gt;</a>&nbsp;&nbsp;&nbsp;wdtDoTask
</UL>

<P><STRONG><a name="[2b5]"></a>IWDG_SetPrescaler</STRONG> (Thumb, 6 bytes, Stack size 0 bytes, stm32f0xx_iwdg.o(i.IWDG_SetPrescaler))
<BR><BR>[Called By]<UL><LI><a href="#[1e7]">&gt;&gt;</a>&nbsp;&nbsp;&nbsp;wdtInit
</UL>

<P><STRONG><a name="[2b6]"></a>IWDG_SetReload</STRONG> (Thumb, 6 bytes, Stack size 0 bytes, stm32f0xx_iwdg.o(i.IWDG_SetReload))
<BR><BR>[Called By]<UL><LI><a href="#[1e7]">&gt;&gt;</a>&nbsp;&nbsp;&nbsp;wdtInit
</UL>

<P><STRONG><a name="[2b4]"></a>IWDG_WriteAccessCmd</STRONG> (Thumb, 6 bytes, Stack size 0 bytes, stm32f0xx_iwdg.o(i.IWDG_WriteAccessCmd))
<BR><BR>[Called By]<UL><LI><a href="#[1e7]">&gt;&gt;</a>&nbsp;&nbsp;&nbsp;wdtInit
</UL>

<P><STRONG><a name="[1]"></a>NMI_Handler</STRONG> (Thumb, 2 bytes, Stack size 0 bytes, stm32f0xx_it.o(i.NMI_Handler))
<BR>[Address Reference Count : 1]<UL><LI> startup_stm32f0xx.o(RESET)
</UL>
<P><STRONG><a name="[246]"></a>NVIC_Init</STRONG> (Thumb, 70 bytes, Stack size 12 bytes, stm32f0xx_misc.o(i.NVIC_Init))
<BR><BR>[Stack]<UL><LI>Max Depth = 12<LI>Call Chain = NVIC_Init
</UL>
<BR>[Called By]<UL><LI><a href="#[1e8]">&gt;&gt;</a>&nbsp;&nbsp;&nbsp;rtccInit
</UL>

<P><STRONG><a name="[23d]"></a>PWR_BackupAccessCmd</STRONG> (Thumb, 20 bytes, Stack size 0 bytes, stm32f0xx_pwr.o(i.PWR_BackupAccessCmd))
<BR><BR>[Called By]<UL><LI><a href="#[1e8]">&gt;&gt;</a>&nbsp;&nbsp;&nbsp;rtccInit
</UL>

<P><STRONG><a name="[4]"></a>PendSV_Handler</STRONG> (Thumb, 2 bytes, Stack size 0 bytes, stm32f0xx_it.o(i.PendSV_Handler))
<BR>[Address Reference Count : 1]<UL><LI> startup_stm32f0xx.o(RESET)
</UL>
<P><STRONG><a name="[154]"></a>QuerySensorEnabledCb</STRONG> (Thumb, 36 bytes, Stack size 8 bytes, sensorscanning.o(i.QuerySensorEnabledCb))
<BR><BR>[Stack]<UL><LI>Max Depth = 8<LI>Call Chain = QuerySensorEnabledCb
</UL>
<BR>[Called By]<UL><LI><a href="#[135]">&gt;&gt;</a>&nbsp;&nbsp;&nbsp;daliSensoresDaliNotifyCb
</UL>

<P><STRONG><a name="[155]"></a>QuerySensorModeCb</STRONG> (Thumb, 36 bytes, Stack size 8 bytes, sensorscanning.o(i.QuerySensorModeCb))
<BR><BR>[Stack]<UL><LI>Max Depth = 8<LI>Call Chain = QuerySensorModeCb
</UL>
<BR>[Called By]<UL><LI><a href="#[135]">&gt;&gt;</a>&nbsp;&nbsp;&nbsp;daliSensoresDaliNotifyCb
</UL>

<P><STRONG><a name="[156]"></a>QuerySensorSerial1Cb</STRONG> (Thumb, 40 bytes, Stack size 8 bytes, sensorscanning.o(i.QuerySensorSerial1Cb))
<BR><BR>[Stack]<UL><LI>Max Depth = 8<LI>Call Chain = QuerySensorSerial1Cb
</UL>
<BR>[Called By]<UL><LI><a href="#[135]">&gt;&gt;</a>&nbsp;&nbsp;&nbsp;daliSensoresDaliNotifyCb
</UL>

<P><STRONG><a name="[157]"></a>QuerySensorSerial2Cb</STRONG> (Thumb, 40 bytes, Stack size 8 bytes, sensorscanning.o(i.QuerySensorSerial2Cb))
<BR><BR>[Stack]<UL><LI>Max Depth = 8<LI>Call Chain = QuerySensorSerial2Cb
</UL>
<BR>[Called By]<UL><LI><a href="#[135]">&gt;&gt;</a>&nbsp;&nbsp;&nbsp;daliSensoresDaliNotifyCb
</UL>

<P><STRONG><a name="[158]"></a>QuerySensorSerial3Cb</STRONG> (Thumb, 40 bytes, Stack size 8 bytes, sensorscanning.o(i.QuerySensorSerial3Cb))
<BR><BR>[Stack]<UL><LI>Max Depth = 8<LI>Call Chain = QuerySensorSerial3Cb
</UL>
<BR>[Called By]<UL><LI><a href="#[135]">&gt;&gt;</a>&nbsp;&nbsp;&nbsp;daliSensoresDaliNotifyCb
</UL>

<P><STRONG><a name="[159]"></a>QuerySensorSerial4Cb</STRONG> (Thumb, 40 bytes, Stack size 8 bytes, sensorscanning.o(i.QuerySensorSerial4Cb))
<BR><BR>[Stack]<UL><LI>Max Depth = 8<LI>Call Chain = QuerySensorSerial4Cb
</UL>
<BR>[Called By]<UL><LI><a href="#[135]">&gt;&gt;</a>&nbsp;&nbsp;&nbsp;daliSensoresDaliNotifyCb
</UL>

<P><STRONG><a name="[153]"></a>QuerySensorTypeCb</STRONG> (Thumb, 36 bytes, Stack size 8 bytes, sensorscanning.o(i.QuerySensorTypeCb))
<BR><BR>[Stack]<UL><LI>Max Depth = 8<LI>Call Chain = QuerySensorTypeCb
</UL>
<BR>[Called By]<UL><LI><a href="#[135]">&gt;&gt;</a>&nbsp;&nbsp;&nbsp;daliSensoresDaliNotifyCb
</UL>

<P><STRONG><a name="[96]"></a>RCC_AHBPeriphClockCmd</STRONG> (Thumb, 18 bytes, Stack size 0 bytes, stm32f0xx_rcc.o(i.RCC_AHBPeriphClockCmd))
<BR><BR>[Called By]<UL><LI><a href="#[90]">&gt;&gt;</a>&nbsp;&nbsp;&nbsp;boardInit
</UL>

<P><STRONG><a name="[95]"></a>RCC_APB1PeriphClockCmd</STRONG> (Thumb, 18 bytes, Stack size 0 bytes, stm32f0xx_rcc.o(i.RCC_APB1PeriphClockCmd))
<BR><BR>[Called By]<UL><LI><a href="#[1e8]">&gt;&gt;</a>&nbsp;&nbsp;&nbsp;rtccInit
<LI><a href="#[90]">&gt;&gt;</a>&nbsp;&nbsp;&nbsp;boardInit
</UL>

<P><STRONG><a name="[4f]"></a>RCC_APB1PeriphResetCmd</STRONG> (Thumb, 18 bytes, Stack size 0 bytes, stm32f0xx_rcc.o(i.RCC_APB1PeriphResetCmd))
<BR><BR>[Called By]<UL><LI><a href="#[4d]">&gt;&gt;</a>&nbsp;&nbsp;&nbsp;SPI_I2S_DeInit
</UL>

<P><STRONG><a name="[9c]"></a>RCC_APB2PeriphClockCmd</STRONG> (Thumb, 18 bytes, Stack size 0 bytes, stm32f0xx_rcc.o(i.RCC_APB2PeriphClockCmd))
<BR><BR>[Called By]<UL><LI><a href="#[90]">&gt;&gt;</a>&nbsp;&nbsp;&nbsp;boardInit
</UL>

<P><STRONG><a name="[4e]"></a>RCC_APB2PeriphResetCmd</STRONG> (Thumb, 18 bytes, Stack size 0 bytes, stm32f0xx_rcc.o(i.RCC_APB2PeriphResetCmd))
<BR><BR>[Called By]<UL><LI><a href="#[23]">&gt;&gt;</a>&nbsp;&nbsp;&nbsp;main
<LI><a href="#[4d]">&gt;&gt;</a>&nbsp;&nbsp;&nbsp;SPI_I2S_DeInit
</UL>

<P><STRONG><a name="[91]"></a>RCC_DeInit</STRONG> (Thumb, 78 bytes, Stack size 0 bytes, stm32f0xx_rcc.o(i.RCC_DeInit))
<BR><BR>[Called By]<UL><LI><a href="#[1e8]">&gt;&gt;</a>&nbsp;&nbsp;&nbsp;rtccInit
<LI><a href="#[90]">&gt;&gt;</a>&nbsp;&nbsp;&nbsp;boardInit
</UL>

<P><STRONG><a name="[23f]"></a>RCC_GetFlagStatus</STRONG> (Thumb, 48 bytes, Stack size 0 bytes, stm32f0xx_rcc.o(i.RCC_GetFlagStatus))
<BR><BR>[Called By]<UL><LI><a href="#[1e7]">&gt;&gt;</a>&nbsp;&nbsp;&nbsp;wdtInit
<LI><a href="#[1e8]">&gt;&gt;</a>&nbsp;&nbsp;&nbsp;rtccInit
</UL>

<P><STRONG><a name="[9f]"></a>RCC_I2CCLKConfig</STRONG> (Thumb, 18 bytes, Stack size 0 bytes, stm32f0xx_rcc.o(i.RCC_I2CCLKConfig))
<BR><BR>[Called By]<UL><LI><a href="#[90]">&gt;&gt;</a>&nbsp;&nbsp;&nbsp;boardInit
</UL>

<P><STRONG><a name="[23e]"></a>RCC_LSEConfig</STRONG> (Thumb, 26 bytes, Stack size 0 bytes, stm32f0xx_rcc.o(i.RCC_LSEConfig))
<BR><BR>[Called By]<UL><LI><a href="#[1e8]">&gt;&gt;</a>&nbsp;&nbsp;&nbsp;rtccInit
</UL>

<P><STRONG><a name="[93]"></a>RCC_PLLCmd</STRONG> (Thumb, 22 bytes, Stack size 0 bytes, stm32f0xx_rcc.o(i.RCC_PLLCmd))
<BR><BR>[Called By]<UL><LI><a href="#[90]">&gt;&gt;</a>&nbsp;&nbsp;&nbsp;boardInit
</UL>

<P><STRONG><a name="[92]"></a>RCC_PLLConfig</STRONG> (Thumb, 24 bytes, Stack size 8 bytes, stm32f0xx_rcc.o(i.RCC_PLLConfig))
<BR><BR>[Stack]<UL><LI>Max Depth = 8<LI>Call Chain = RCC_PLLConfig
</UL>
<BR>[Called By]<UL><LI><a href="#[90]">&gt;&gt;</a>&nbsp;&nbsp;&nbsp;boardInit
</UL>

<P><STRONG><a name="[241]"></a>RCC_RTCCLKCmd</STRONG> (Thumb, 22 bytes, Stack size 0 bytes, stm32f0xx_rcc.o(i.RCC_RTCCLKCmd))
<BR><BR>[Called By]<UL><LI><a href="#[1e8]">&gt;&gt;</a>&nbsp;&nbsp;&nbsp;rtccInit
</UL>

<P><STRONG><a name="[240]"></a>RCC_RTCCLKConfig</STRONG> (Thumb, 10 bytes, Stack size 0 bytes, stm32f0xx_rcc.o(i.RCC_RTCCLKConfig))
<BR><BR>[Called By]<UL><LI><a href="#[1e8]">&gt;&gt;</a>&nbsp;&nbsp;&nbsp;rtccInit
</UL>

<P><STRONG><a name="[94]"></a>RCC_SYSCLKConfig</STRONG> (Thumb, 14 bytes, Stack size 0 bytes, stm32f0xx_rcc.o(i.RCC_SYSCLKConfig))
<BR><BR>[Called By]<UL><LI><a href="#[90]">&gt;&gt;</a>&nbsp;&nbsp;&nbsp;boardInit
</UL>

<P><STRONG><a name="[242]"></a>RTC_AlarmCmd</STRONG> (Thumb, 74 bytes, Stack size 12 bytes, stm32f0xx_rtc.o(i.RTC_AlarmCmd))
<BR><BR>[Stack]<UL><LI>Max Depth = 12<LI>Call Chain = RTC_AlarmCmd
</UL>
<BR>[Called By]<UL><LI><a href="#[1e8]">&gt;&gt;</a>&nbsp;&nbsp;&nbsp;rtccInit
</UL>

<P><STRONG><a name="[243]"></a>RTC_AlarmStructInit</STRONG> (Thumb, 20 bytes, Stack size 0 bytes, stm32f0xx_rtc.o(i.RTC_AlarmStructInit))
<BR><BR>[Called By]<UL><LI><a href="#[1e8]">&gt;&gt;</a>&nbsp;&nbsp;&nbsp;rtccInit
</UL>

<P><STRONG><a name="[244]"></a>RTC_CalibOutputCmd</STRONG> (Thumb, 34 bytes, Stack size 0 bytes, stm32f0xx_rtc.o(i.RTC_CalibOutputCmd))
<BR><BR>[Called By]<UL><LI><a href="#[1e8]">&gt;&gt;</a>&nbsp;&nbsp;&nbsp;rtccInit
</UL>

<P><STRONG><a name="[43]"></a>RTC_ClearITPendingBit</STRONG> (Thumb, 22 bytes, Stack size 0 bytes, stm32f0xx_rtc.o(i.RTC_ClearITPendingBit))
<BR><BR>[Called By]<UL><LI><a href="#[1e8]">&gt;&gt;</a>&nbsp;&nbsp;&nbsp;rtccInit
<LI><a href="#[8]">&gt;&gt;</a>&nbsp;&nbsp;&nbsp;RTC_IRQHandler
</UL>

<P><STRONG><a name="[46]"></a>RTC_EnterInitMode</STRONG> (Thumb, 56 bytes, Stack size 12 bytes, stm32f0xx_rtc.o(i.RTC_EnterInitMode))
<BR><BR>[Stack]<UL><LI>Max Depth = 12<LI>Call Chain = RTC_EnterInitMode
</UL>
<BR>[Called By]<UL><LI><a href="#[4c]">&gt;&gt;</a>&nbsp;&nbsp;&nbsp;RTC_SetTime
<LI><a href="#[4a]">&gt;&gt;</a>&nbsp;&nbsp;&nbsp;RTC_SetDate
<LI><a href="#[45]">&gt;&gt;</a>&nbsp;&nbsp;&nbsp;RTC_Init
</UL>

<P><STRONG><a name="[47]"></a>RTC_ExitInitMode</STRONG> (Thumb, 12 bytes, Stack size 0 bytes, stm32f0xx_rtc.o(i.RTC_ExitInitMode))
<BR><BR>[Called By]<UL><LI><a href="#[1e8]">&gt;&gt;</a>&nbsp;&nbsp;&nbsp;rtccInit
<LI><a href="#[4c]">&gt;&gt;</a>&nbsp;&nbsp;&nbsp;RTC_SetTime
<LI><a href="#[4a]">&gt;&gt;</a>&nbsp;&nbsp;&nbsp;RTC_SetDate
<LI><a href="#[45]">&gt;&gt;</a>&nbsp;&nbsp;&nbsp;RTC_Init
</UL>

<P><STRONG><a name="[3e]"></a>RTC_GetDate</STRONG> (Thumb, 68 bytes, Stack size 8 bytes, stm32f0xx_rtc.o(i.RTC_GetDate))
<BR><BR>[Stack]<UL><LI>Max Depth = 8<LI>Call Chain = RTC_GetDate
</UL>
<BR>[Calls]<UL><LI><a href="#[3f]">&gt;&gt;</a>&nbsp;&nbsp;&nbsp;RTC_Bcd2ToByte
</UL>
<BR>[Called By]<UL><LI><a href="#[34]">&gt;&gt;</a>&nbsp;&nbsp;&nbsp;rtccYearGet
<LI><a href="#[35]">&gt;&gt;</a>&nbsp;&nbsp;&nbsp;rtccMonthGet
<LI><a href="#[36]">&gt;&gt;</a>&nbsp;&nbsp;&nbsp;rtccDayGet
<LI><a href="#[211]">&gt;&gt;</a>&nbsp;&nbsp;&nbsp;rtccYearSet
<LI><a href="#[20e]">&gt;&gt;</a>&nbsp;&nbsp;&nbsp;rtccWeekdaySet
<LI><a href="#[204]">&gt;&gt;</a>&nbsp;&nbsp;&nbsp;rtccWeekdayGet
<LI><a href="#[210]">&gt;&gt;</a>&nbsp;&nbsp;&nbsp;rtccMonthSet
<LI><a href="#[20f]">&gt;&gt;</a>&nbsp;&nbsp;&nbsp;rtccDaySet
</UL>

<P><STRONG><a name="[41]"></a>RTC_GetITStatus</STRONG> (Thumb, 54 bytes, Stack size 16 bytes, stm32f0xx_rtc.o(i.RTC_GetITStatus))
<BR><BR>[Stack]<UL><LI>Max Depth = 16<LI>Call Chain = RTC_GetITStatus
</UL>
<BR>[Called By]<UL><LI><a href="#[8]">&gt;&gt;</a>&nbsp;&nbsp;&nbsp;RTC_IRQHandler
</UL>

<P><STRONG><a name="[40]"></a>RTC_GetTime</STRONG> (Thumb, 72 bytes, Stack size 16 bytes, stm32f0xx_rtc.o(i.RTC_GetTime))
<BR><BR>[Stack]<UL><LI>Max Depth = 16<LI>Call Chain = RTC_GetTime
</UL>
<BR>[Calls]<UL><LI><a href="#[3f]">&gt;&gt;</a>&nbsp;&nbsp;&nbsp;RTC_Bcd2ToByte
</UL>
<BR>[Called By]<UL><LI><a href="#[42]">&gt;&gt;</a>&nbsp;&nbsp;&nbsp;rtccSecondsTick
<LI><a href="#[32]">&gt;&gt;</a>&nbsp;&nbsp;&nbsp;rtccMinutesGet
<LI><a href="#[33]">&gt;&gt;</a>&nbsp;&nbsp;&nbsp;rtccHourGet
<LI><a href="#[214]">&gt;&gt;</a>&nbsp;&nbsp;&nbsp;rtccSecondsSet
<LI><a href="#[205]">&gt;&gt;</a>&nbsp;&nbsp;&nbsp;rtccSecondsGet
<LI><a href="#[213]">&gt;&gt;</a>&nbsp;&nbsp;&nbsp;rtccMinutesSet
<LI><a href="#[212]">&gt;&gt;</a>&nbsp;&nbsp;&nbsp;rtccHourSet
</UL>

<P><STRONG><a name="[8]"></a>RTC_IRQHandler</STRONG> (Thumb, 36 bytes, Stack size 8 bytes, stm32f0xx_it.o(i.RTC_IRQHandler))
<BR><BR>[Stack]<UL><LI>Max Depth = 544<LI>Call Chain = RTC_IRQHandler &rArr; rtccSecondsTick &rArr; sensoresRtcTick &rArr; interfacesRtcTick &rArr; normaLinkSensoresBuscarInterfacesSend &rArr; ethSendFrame &rArr; sendto &rArr; send_data_processing &rArr; write_data &rArr; wiz_write_buf &rArr; spiIINCHIP_SpiSendData
</UL>
<BR>[Calls]<UL><LI><a href="#[42]">&gt;&gt;</a>&nbsp;&nbsp;&nbsp;rtccSecondsTick
<LI><a href="#[41]">&gt;&gt;</a>&nbsp;&nbsp;&nbsp;RTC_GetITStatus
<LI><a href="#[43]">&gt;&gt;</a>&nbsp;&nbsp;&nbsp;RTC_ClearITPendingBit
<LI><a href="#[44]">&gt;&gt;</a>&nbsp;&nbsp;&nbsp;EXTI_ClearITPendingBit
</UL>
<BR>[Address Reference Count : 1]<UL><LI> startup_stm32f0xx.o(RESET)
</UL>
<P><STRONG><a name="[247]"></a>RTC_ITConfig</STRONG> (Thumb, 56 bytes, Stack size 12 bytes, stm32f0xx_rtc.o(i.RTC_ITConfig))
<BR><BR>[Stack]<UL><LI>Max Depth = 12<LI>Call Chain = RTC_ITConfig
</UL>
<BR>[Called By]<UL><LI><a href="#[1e8]">&gt;&gt;</a>&nbsp;&nbsp;&nbsp;rtccInit
</UL>

<P><STRONG><a name="[45]"></a>RTC_Init</STRONG> (Thumb, 68 bytes, Stack size 16 bytes, stm32f0xx_rtc.o(i.RTC_Init))
<BR><BR>[Stack]<UL><LI>Max Depth = 28<LI>Call Chain = RTC_Init &rArr; RTC_EnterInitMode
</UL>
<BR>[Calls]<UL><LI><a href="#[47]">&gt;&gt;</a>&nbsp;&nbsp;&nbsp;RTC_ExitInitMode
<LI><a href="#[46]">&gt;&gt;</a>&nbsp;&nbsp;&nbsp;RTC_EnterInitMode
</UL>
<BR>[Called By]<UL><LI><a href="#[1e8]">&gt;&gt;</a>&nbsp;&nbsp;&nbsp;rtccInit
</UL>

<P><STRONG><a name="[189]"></a>RTC_ReadBackupRegister</STRONG> (Thumb, 14 bytes, Stack size 8 bytes, stm32f0xx_rtc.o(i.RTC_ReadBackupRegister))
<BR><BR>[Stack]<UL><LI>Max Depth = 8<LI>Call Chain = RTC_ReadBackupRegister
</UL>
<BR>[Called By]<UL><LI><a href="#[188]">&gt;&gt;</a>&nbsp;&nbsp;&nbsp;embeddedBootloaderInit
</UL>

<P><STRONG><a name="[48]"></a>RTC_SetAlarm</STRONG> (Thumb, 130 bytes, Stack size 16 bytes, stm32f0xx_rtc.o(i.RTC_SetAlarm))
<BR><BR>[Stack]<UL><LI>Max Depth = 16<LI>Call Chain = RTC_SetAlarm
</UL>
<BR>[Calls]<UL><LI><a href="#[49]">&gt;&gt;</a>&nbsp;&nbsp;&nbsp;RTC_ByteToBcd2
<LI><a href="#[3f]">&gt;&gt;</a>&nbsp;&nbsp;&nbsp;RTC_Bcd2ToByte
</UL>
<BR>[Called By]<UL><LI><a href="#[1e8]">&gt;&gt;</a>&nbsp;&nbsp;&nbsp;rtccInit
</UL>

<P><STRONG><a name="[4a]"></a>RTC_SetDate</STRONG> (Thumb, 138 bytes, Stack size 16 bytes, stm32f0xx_rtc.o(i.RTC_SetDate))
<BR><BR>[Stack]<UL><LI>Max Depth = 28<LI>Call Chain = RTC_SetDate &rArr; RTC_WaitForSynchro
</UL>
<BR>[Calls]<UL><LI><a href="#[4b]">&gt;&gt;</a>&nbsp;&nbsp;&nbsp;RTC_WaitForSynchro
<LI><a href="#[47]">&gt;&gt;</a>&nbsp;&nbsp;&nbsp;RTC_ExitInitMode
<LI><a href="#[49]">&gt;&gt;</a>&nbsp;&nbsp;&nbsp;RTC_ByteToBcd2
<LI><a href="#[3f]">&gt;&gt;</a>&nbsp;&nbsp;&nbsp;RTC_Bcd2ToByte
<LI><a href="#[46]">&gt;&gt;</a>&nbsp;&nbsp;&nbsp;RTC_EnterInitMode
</UL>
<BR>[Called By]<UL><LI><a href="#[211]">&gt;&gt;</a>&nbsp;&nbsp;&nbsp;rtccYearSet
<LI><a href="#[20e]">&gt;&gt;</a>&nbsp;&nbsp;&nbsp;rtccWeekdaySet
<LI><a href="#[210]">&gt;&gt;</a>&nbsp;&nbsp;&nbsp;rtccMonthSet
<LI><a href="#[20f]">&gt;&gt;</a>&nbsp;&nbsp;&nbsp;rtccDaySet
</UL>

<P><STRONG><a name="[4c]"></a>RTC_SetTime</STRONG> (Thumb, 136 bytes, Stack size 24 bytes, stm32f0xx_rtc.o(i.RTC_SetTime))
<BR><BR>[Stack]<UL><LI>Max Depth = 36<LI>Call Chain = RTC_SetTime &rArr; RTC_WaitForSynchro
</UL>
<BR>[Calls]<UL><LI><a href="#[4b]">&gt;&gt;</a>&nbsp;&nbsp;&nbsp;RTC_WaitForSynchro
<LI><a href="#[47]">&gt;&gt;</a>&nbsp;&nbsp;&nbsp;RTC_ExitInitMode
<LI><a href="#[49]">&gt;&gt;</a>&nbsp;&nbsp;&nbsp;RTC_ByteToBcd2
<LI><a href="#[3f]">&gt;&gt;</a>&nbsp;&nbsp;&nbsp;RTC_Bcd2ToByte
<LI><a href="#[46]">&gt;&gt;</a>&nbsp;&nbsp;&nbsp;RTC_EnterInitMode
</UL>
<BR>[Called By]<UL><LI><a href="#[214]">&gt;&gt;</a>&nbsp;&nbsp;&nbsp;rtccSecondsSet
<LI><a href="#[213]">&gt;&gt;</a>&nbsp;&nbsp;&nbsp;rtccMinutesSet
<LI><a href="#[212]">&gt;&gt;</a>&nbsp;&nbsp;&nbsp;rtccHourSet
</UL>

<P><STRONG><a name="[4b]"></a>RTC_WaitForSynchro</STRONG> (Thumb, 74 bytes, Stack size 12 bytes, stm32f0xx_rtc.o(i.RTC_WaitForSynchro))
<BR><BR>[Stack]<UL><LI>Max Depth = 12<LI>Call Chain = RTC_WaitForSynchro
</UL>
<BR>[Called By]<UL><LI><a href="#[1e8]">&gt;&gt;</a>&nbsp;&nbsp;&nbsp;rtccInit
<LI><a href="#[4c]">&gt;&gt;</a>&nbsp;&nbsp;&nbsp;RTC_SetTime
<LI><a href="#[4a]">&gt;&gt;</a>&nbsp;&nbsp;&nbsp;RTC_SetDate
</UL>

<P><STRONG><a name="[183]"></a>RTC_WriteBackupRegister</STRONG> (Thumb, 14 bytes, Stack size 8 bytes, stm32f0xx_rtc.o(i.RTC_WriteBackupRegister))
<BR><BR>[Stack]<UL><LI>Max Depth = 8<LI>Call Chain = RTC_WriteBackupRegister
</UL>
<BR>[Called By]<UL><LI><a href="#[188]">&gt;&gt;</a>&nbsp;&nbsp;&nbsp;embeddedBootloaderInit
<LI><a href="#[187]">&gt;&gt;</a>&nbsp;&nbsp;&nbsp;embeddedBootloaderGo
<LI><a href="#[182]">&gt;&gt;</a>&nbsp;&nbsp;&nbsp;eBootloaderTransceiver_Go
</UL>

<P><STRONG><a name="[9b]"></a>SPI_Cmd</STRONG> (Thumb, 18 bytes, Stack size 0 bytes, stm32f0xx_spi.o(i.SPI_Cmd))
<BR><BR>[Called By]<UL><LI><a href="#[90]">&gt;&gt;</a>&nbsp;&nbsp;&nbsp;boardInit
</UL>

<P><STRONG><a name="[2a8]"></a>SPI_GetReceptionFIFOStatus</STRONG> (Thumb, 10 bytes, Stack size 0 bytes, stm32f0xx_spi.o(i.SPI_GetReceptionFIFOStatus))
<BR><BR>[Called By]<UL><LI><a href="#[3b]">&gt;&gt;</a>&nbsp;&nbsp;&nbsp;spiIINCHIP_SpiRecvData
<LI><a href="#[16d]">&gt;&gt;</a>&nbsp;&nbsp;&nbsp;spi1Read
</UL>

<P><STRONG><a name="[4d]"></a>SPI_I2S_DeInit</STRONG> (Thumb, 54 bytes, Stack size 8 bytes, stm32f0xx_spi.o(i.SPI_I2S_DeInit))
<BR><BR>[Stack]<UL><LI>Max Depth = 8<LI>Call Chain = SPI_I2S_DeInit
</UL>
<BR>[Calls]<UL><LI><a href="#[4e]">&gt;&gt;</a>&nbsp;&nbsp;&nbsp;RCC_APB2PeriphResetCmd
<LI><a href="#[4f]">&gt;&gt;</a>&nbsp;&nbsp;&nbsp;RCC_APB1PeriphResetCmd
</UL>
<BR>[Called By]<UL><LI><a href="#[90]">&gt;&gt;</a>&nbsp;&nbsp;&nbsp;boardInit
</UL>

<P><STRONG><a name="[2a9]"></a>SPI_I2S_GetFlagStatus</STRONG> (Thumb, 14 bytes, Stack size 0 bytes, stm32f0xx_spi.o(i.SPI_I2S_GetFlagStatus))
<BR><BR>[Called By]<UL><LI><a href="#[3a]">&gt;&gt;</a>&nbsp;&nbsp;&nbsp;spiIINCHIP_SpiSendData
<LI><a href="#[3b]">&gt;&gt;</a>&nbsp;&nbsp;&nbsp;spiIINCHIP_SpiRecvData
<LI><a href="#[2a6]">&gt;&gt;</a>&nbsp;&nbsp;&nbsp;spi1Send
<LI><a href="#[16d]">&gt;&gt;</a>&nbsp;&nbsp;&nbsp;spi1Read
</UL>

<P><STRONG><a name="[99]"></a>SPI_Init</STRONG> (Thumb, 74 bytes, Stack size 12 bytes, stm32f0xx_spi.o(i.SPI_Init))
<BR><BR>[Stack]<UL><LI>Max Depth = 12<LI>Call Chain = SPI_Init
</UL>
<BR>[Called By]<UL><LI><a href="#[90]">&gt;&gt;</a>&nbsp;&nbsp;&nbsp;boardInit
</UL>

<P><STRONG><a name="[2a7]"></a>SPI_ReceiveData8</STRONG> (Thumb, 4 bytes, Stack size 0 bytes, stm32f0xx_spi.o(i.SPI_ReceiveData8))
<BR><BR>[Called By]<UL><LI><a href="#[3b]">&gt;&gt;</a>&nbsp;&nbsp;&nbsp;spiIINCHIP_SpiRecvData
<LI><a href="#[16d]">&gt;&gt;</a>&nbsp;&nbsp;&nbsp;spi1Read
</UL>

<P><STRONG><a name="[9a]"></a>SPI_RxFIFOThresholdConfig</STRONG> (Thumb, 16 bytes, Stack size 0 bytes, stm32f0xx_spi.o(i.SPI_RxFIFOThresholdConfig))
<BR><BR>[Called By]<UL><LI><a href="#[90]">&gt;&gt;</a>&nbsp;&nbsp;&nbsp;boardInit
</UL>

<P><STRONG><a name="[2aa]"></a>SPI_SendData8</STRONG> (Thumb, 4 bytes, Stack size 0 bytes, stm32f0xx_spi.o(i.SPI_SendData8))
<BR><BR>[Called By]<UL><LI><a href="#[3a]">&gt;&gt;</a>&nbsp;&nbsp;&nbsp;spiIINCHIP_SpiSendData
<LI><a href="#[3b]">&gt;&gt;</a>&nbsp;&nbsp;&nbsp;spiIINCHIP_SpiRecvData
<LI><a href="#[2a6]">&gt;&gt;</a>&nbsp;&nbsp;&nbsp;spi1Send
<LI><a href="#[16d]">&gt;&gt;</a>&nbsp;&nbsp;&nbsp;spi1Read
</UL>

<P><STRONG><a name="[3]"></a>SVC_Handler</STRONG> (Thumb, 2 bytes, Stack size 0 bytes, stm32f0xx_it.o(i.SVC_Handler))
<BR>[Address Reference Count : 1]<UL><LI> startup_stm32f0xx.o(RESET)
</UL>
<P><STRONG><a name="[1e6]"></a>SYSCFG_MemoryRemapConfig</STRONG> (Thumb, 14 bytes, Stack size 0 bytes, stm32f0xx_syscfg.o(i.SYSCFG_MemoryRemapConfig))
<BR><BR>[Called By]<UL><LI><a href="#[23]">&gt;&gt;</a>&nbsp;&nbsp;&nbsp;main
</UL>

<P><STRONG><a name="[50]"></a>SendQuerySensorEnabled</STRONG> (Thumb, 52 bytes, Stack size 32 bytes, sensorscanning.o(i.SendQuerySensorEnabled))
<BR><BR>[Stack]<UL><LI>Max Depth = 56<LI>Call Chain = SendQuerySensorEnabled &rArr; sysTickDelay &rArr; wdtDoTask
</UL>
<BR>[Calls]<UL><LI><a href="#[51]">&gt;&gt;</a>&nbsp;&nbsp;&nbsp;sysTickDelay
<LI><a href="#[52]">&gt;&gt;</a>&nbsp;&nbsp;&nbsp;daliSend
</UL>
<BR>[Called By]<UL><LI><a href="#[1f5]">&gt;&gt;</a>&nbsp;&nbsp;&nbsp;sensorScanningDoTask
</UL>

<P><STRONG><a name="[53]"></a>SendQuerySensorMode</STRONG> (Thumb, 52 bytes, Stack size 32 bytes, sensorscanning.o(i.SendQuerySensorMode))
<BR><BR>[Stack]<UL><LI>Max Depth = 56<LI>Call Chain = SendQuerySensorMode &rArr; sysTickDelay &rArr; wdtDoTask
</UL>
<BR>[Calls]<UL><LI><a href="#[51]">&gt;&gt;</a>&nbsp;&nbsp;&nbsp;sysTickDelay
<LI><a href="#[52]">&gt;&gt;</a>&nbsp;&nbsp;&nbsp;daliSend
</UL>
<BR>[Called By]<UL><LI><a href="#[1f5]">&gt;&gt;</a>&nbsp;&nbsp;&nbsp;sensorScanningDoTask
</UL>

<P><STRONG><a name="[54]"></a>SendQuerySensorSerial1</STRONG> (Thumb, 52 bytes, Stack size 32 bytes, sensorscanning.o(i.SendQuerySensorSerial1))
<BR><BR>[Stack]<UL><LI>Max Depth = 56<LI>Call Chain = SendQuerySensorSerial1 &rArr; sysTickDelay &rArr; wdtDoTask
</UL>
<BR>[Calls]<UL><LI><a href="#[51]">&gt;&gt;</a>&nbsp;&nbsp;&nbsp;sysTickDelay
<LI><a href="#[52]">&gt;&gt;</a>&nbsp;&nbsp;&nbsp;daliSend
</UL>
<BR>[Called By]<UL><LI><a href="#[1f5]">&gt;&gt;</a>&nbsp;&nbsp;&nbsp;sensorScanningDoTask
</UL>

<P><STRONG><a name="[55]"></a>SendQuerySensorSerial2</STRONG> (Thumb, 52 bytes, Stack size 32 bytes, sensorscanning.o(i.SendQuerySensorSerial2))
<BR><BR>[Stack]<UL><LI>Max Depth = 56<LI>Call Chain = SendQuerySensorSerial2 &rArr; sysTickDelay &rArr; wdtDoTask
</UL>
<BR>[Calls]<UL><LI><a href="#[51]">&gt;&gt;</a>&nbsp;&nbsp;&nbsp;sysTickDelay
<LI><a href="#[52]">&gt;&gt;</a>&nbsp;&nbsp;&nbsp;daliSend
</UL>
<BR>[Called By]<UL><LI><a href="#[1f5]">&gt;&gt;</a>&nbsp;&nbsp;&nbsp;sensorScanningDoTask
</UL>

<P><STRONG><a name="[56]"></a>SendQuerySensorSerial3</STRONG> (Thumb, 52 bytes, Stack size 32 bytes, sensorscanning.o(i.SendQuerySensorSerial3))
<BR><BR>[Stack]<UL><LI>Max Depth = 56<LI>Call Chain = SendQuerySensorSerial3 &rArr; sysTickDelay &rArr; wdtDoTask
</UL>
<BR>[Calls]<UL><LI><a href="#[51]">&gt;&gt;</a>&nbsp;&nbsp;&nbsp;sysTickDelay
<LI><a href="#[52]">&gt;&gt;</a>&nbsp;&nbsp;&nbsp;daliSend
</UL>
<BR>[Called By]<UL><LI><a href="#[1f5]">&gt;&gt;</a>&nbsp;&nbsp;&nbsp;sensorScanningDoTask
</UL>

<P><STRONG><a name="[57]"></a>SendQuerySensorSerial4</STRONG> (Thumb, 52 bytes, Stack size 32 bytes, sensorscanning.o(i.SendQuerySensorSerial4))
<BR><BR>[Stack]<UL><LI>Max Depth = 56<LI>Call Chain = SendQuerySensorSerial4 &rArr; sysTickDelay &rArr; wdtDoTask
</UL>
<BR>[Calls]<UL><LI><a href="#[51]">&gt;&gt;</a>&nbsp;&nbsp;&nbsp;sysTickDelay
<LI><a href="#[52]">&gt;&gt;</a>&nbsp;&nbsp;&nbsp;daliSend
</UL>
<BR>[Called By]<UL><LI><a href="#[1f5]">&gt;&gt;</a>&nbsp;&nbsp;&nbsp;sensorScanningDoTask
</UL>

<P><STRONG><a name="[58]"></a>SendQuerySensorType</STRONG> (Thumb, 52 bytes, Stack size 32 bytes, sensorscanning.o(i.SendQuerySensorType))
<BR><BR>[Stack]<UL><LI>Max Depth = 56<LI>Call Chain = SendQuerySensorType &rArr; sysTickDelay &rArr; wdtDoTask
</UL>
<BR>[Calls]<UL><LI><a href="#[51]">&gt;&gt;</a>&nbsp;&nbsp;&nbsp;sysTickDelay
<LI><a href="#[52]">&gt;&gt;</a>&nbsp;&nbsp;&nbsp;daliSend
</UL>
<BR>[Called By]<UL><LI><a href="#[1f5]">&gt;&gt;</a>&nbsp;&nbsp;&nbsp;sensorScanningDoTask
</UL>

<P><STRONG><a name="[5]"></a>SysTick_Handler</STRONG> (Thumb, 8 bytes, Stack size 8 bytes, stm32f0xx_it.o(i.SysTick_Handler))
<BR><BR>[Stack]<UL><LI>Max Depth = 1496<LI>Call Chain = SysTick_Handler &rArr; sysTickTick &rArr; daliUtilsTick &rArr; daliUtilsBlinkTerminate &rArr; daliDoTask &rArr; daliAddressingDaliNotifyCb &rArr; dAQGroupsLowCb &rArr; configDaliLoopGroupLowSet &rArr; configStoreInFlash &rArr; m25pWriteBytes &rArr; spiIINCHIP_SpiSendData
</UL>
<BR>[Calls]<UL><LI><a href="#[59]">&gt;&gt;</a>&nbsp;&nbsp;&nbsp;sysTickTick
</UL>
<BR>[Address Reference Count : 1]<UL><LI> startup_stm32f0xx.o(RESET)
</UL>
<P><STRONG><a name="[24]"></a>SystemInit</STRONG> (Thumb, 84 bytes, Stack size 8 bytes, system_stm32f0xx.o(i.SystemInit))
<BR><BR>[Stack]<UL><LI>Max Depth = 20<LI>Call Chain = SystemInit &rArr; SetSysClock
</UL>
<BR>[Calls]<UL><LI><a href="#[5a]">&gt;&gt;</a>&nbsp;&nbsp;&nbsp;SetSysClock
</UL>
<BR>[Address Reference Count : 1]<UL><LI> startup_stm32f0xx.o(.text)
</UL>
<P><STRONG><a name="[1fe]"></a>Update_Groups</STRONG> (Thumb, 190 bytes, Stack size 12 bytes, normalink62386p102.o(i.Update_Groups))
<BR><BR>[Stack]<UL><LI>Max Depth = 12<LI>Call Chain = Update_Groups
</UL>
<BR>[Called By]<UL><LI><a href="#[19b]">&gt;&gt;</a>&nbsp;&nbsp;&nbsp;normaLink62386P102T1
</UL>

<P><STRONG><a name="[134]"></a>__ARM_common_switch8</STRONG> (Thumb, 26 bytes, Stack size 8 bytes, dali.o(i.__ARM_common_switch8))
<BR><BR>[Stack]<UL><LI>Max Depth = 8<LI>Call Chain = __ARM_common_switch8
</UL>
<BR>[Called By]<UL><LI><a href="#[1aa]">&gt;&gt;</a>&nbsp;&nbsp;&nbsp;ethTransceiverDoTask
<LI><a href="#[115]">&gt;&gt;</a>&nbsp;&nbsp;&nbsp;daliDoTask
<LI><a href="#[278]">&gt;&gt;</a>&nbsp;&nbsp;&nbsp;sensoresGruposNotificar
</UL>

<P><STRONG><a name="[2c]"></a>__aeabi_errno_addr</STRONG> (Thumb, 4 bytes, Stack size 0 bytes, errno.o(i.__aeabi_errno_addr))
<BR><BR>[Called By]<UL><LI><a href="#[2f]">&gt;&gt;</a>&nbsp;&nbsp;&nbsp;_strtoul
<LI><a href="#[2d]">&gt;&gt;</a>&nbsp;&nbsp;&nbsp;strtol
<LI><a href="#[2b]">&gt;&gt;</a>&nbsp;&nbsp;&nbsp;atoi
</UL>

<P><STRONG><a name="[2cb]"></a>__rt_errno_addr</STRONG> (Thumb, 0 bytes, Stack size 0 bytes, errno.o(i.__aeabi_errno_addr), UNUSED)

<P><STRONG><a name="[2cc]"></a>__scatterload_copy</STRONG> (Thumb, 14 bytes, Stack size unknown bytes, handlers.o(i.__scatterload_copy), UNUSED)

<P><STRONG><a name="[2cd]"></a>__scatterload_null</STRONG> (Thumb, 2 bytes, Stack size unknown bytes, handlers.o(i.__scatterload_null), UNUSED)

<P><STRONG><a name="[2ce]"></a>__scatterload_zeroinit</STRONG> (Thumb, 14 bytes, Stack size unknown bytes, handlers.o(i.__scatterload_zeroinit), UNUSED)

<P><STRONG><a name="[5b]"></a>_ping_request</STRONG> (Thumb, 96 bytes, Stack size 24 bytes, ethping.o(i._ping_request))
<BR><BR>[Stack]<UL><LI>Max Depth = 168<LI>Call Chain = _ping_request &rArr; sendto &rArr; send_data_processing &rArr; write_data &rArr; wiz_write_buf &rArr; spiIINCHIP_SpiSendData
</UL>
<BR>[Calls]<UL><LI><a href="#[5e]">&gt;&gt;</a>&nbsp;&nbsp;&nbsp;sendto
<LI><a href="#[5c]">&gt;&gt;</a>&nbsp;&nbsp;&nbsp;htons
<LI><a href="#[5d]">&gt;&gt;</a>&nbsp;&nbsp;&nbsp;checksum
</UL>
<BR>[Called By]<UL><LI><a href="#[194]">&gt;&gt;</a>&nbsp;&nbsp;&nbsp;ethICMPPingSend
</UL>

<P><STRONG><a name="[5f]"></a>_sensoresDALIcomandoArcoDirectoEnviar</STRONG> (Thumb, 8 bytes, Stack size 8 bytes, sensores.o(i._sensoresDALIcomandoArcoDirectoEnviar))
<BR><BR>[Stack]<UL><LI>Max Depth = 396<LI>Call Chain = _sensoresDALIcomandoArcoDirectoEnviar &rArr; daliSensoresComandoArcoDirectoEnviar &rArr; actualLevelCmdNotify &rArr; sensoresCambioActualLevelNotificar &rArr; sensoresGruposReguladoresLuzEstadoActualizar &rArr; _sensoresGruposAlgunEquipoApagadoGet &rArr; actualLevel_GrupoValoresGet &rArr; daliLoopActualLevelGet &rArr; configDaliLoopDeviceTypeGet
</UL>
<BR>[Calls]<UL><LI><a href="#[60]">&gt;&gt;</a>&nbsp;&nbsp;&nbsp;daliSensoresComandoArcoDirectoEnviar
</UL>
<BR>[Called By]<UL><LI><a href="#[261]">&gt;&gt;</a>&nbsp;&nbsp;&nbsp;sensoresGruposDoTask
</UL>

<P><STRONG><a name="[61]"></a>_sensoresDALIdownEnviar</STRONG> (Thumb, 8 bytes, Stack size 8 bytes, sensores.o(i._sensoresDALIdownEnviar))
<BR><BR>[Stack]<UL><LI>Max Depth = 388<LI>Call Chain = _sensoresDALIdownEnviar &rArr; daliSensoresDownEnviar &rArr; actualLevelCmdNotify &rArr; sensoresCambioActualLevelNotificar &rArr; sensoresGruposReguladoresLuzEstadoActualizar &rArr; _sensoresGruposAlgunEquipoApagadoGet &rArr; actualLevel_GrupoValoresGet &rArr; daliLoopActualLevelGet &rArr; configDaliLoopDeviceTypeGet
</UL>
<BR>[Calls]<UL><LI><a href="#[62]">&gt;&gt;</a>&nbsp;&nbsp;&nbsp;daliSensoresDownEnviar
</UL>
<BR>[Called By]<UL><LI><a href="#[261]">&gt;&gt;</a>&nbsp;&nbsp;&nbsp;sensoresGruposDoTask
</UL>

<P><STRONG><a name="[63]"></a>_sensoresDALIgoToSceneEnviar</STRONG> (Thumb, 10 bytes, Stack size 8 bytes, sensores.o(i._sensoresDALIgoToSceneEnviar))
<BR><BR>[Stack]<UL><LI>Max Depth = 396<LI>Call Chain = _sensoresDALIgoToSceneEnviar &rArr; daliSensoresGoToSceneEnviar &rArr; actualLevelCmdNotify &rArr; sensoresCambioActualLevelNotificar &rArr; sensoresGruposReguladoresLuzEstadoActualizar &rArr; _sensoresGruposAlgunEquipoApagadoGet &rArr; actualLevel_GrupoValoresGet &rArr; daliLoopActualLevelGet &rArr; configDaliLoopDeviceTypeGet
</UL>
<BR>[Calls]<UL><LI><a href="#[64]">&gt;&gt;</a>&nbsp;&nbsp;&nbsp;daliSensoresGoToSceneEnviar
</UL>
<BR>[Called By]<UL><LI><a href="#[261]">&gt;&gt;</a>&nbsp;&nbsp;&nbsp;sensoresGruposDoTask
</UL>

<P><STRONG><a name="[65]"></a>_sensoresDALIoffEnviar</STRONG> (Thumb, 8 bytes, Stack size 8 bytes, sensores.o(i._sensoresDALIoffEnviar))
<BR><BR>[Stack]<UL><LI>Max Depth = 388<LI>Call Chain = _sensoresDALIoffEnviar &rArr; daliSensoresOffEnviar &rArr; actualLevelCmdNotify &rArr; sensoresCambioActualLevelNotificar &rArr; sensoresGruposReguladoresLuzEstadoActualizar &rArr; _sensoresGruposAlgunEquipoApagadoGet &rArr; actualLevel_GrupoValoresGet &rArr; daliLoopActualLevelGet &rArr; configDaliLoopDeviceTypeGet
</UL>
<BR>[Calls]<UL><LI><a href="#[66]">&gt;&gt;</a>&nbsp;&nbsp;&nbsp;daliSensoresOffEnviar
</UL>
<BR>[Called By]<UL><LI><a href="#[261]">&gt;&gt;</a>&nbsp;&nbsp;&nbsp;sensoresGruposDoTask
</UL>

<P><STRONG><a name="[67]"></a>_sensoresDALIonAndStepUpEnviar</STRONG> (Thumb, 10 bytes, Stack size 8 bytes, sensores.o(i._sensoresDALIonAndStepUpEnviar))
<BR><BR>[Stack]<UL><LI>Max Depth = 88<LI>Call Chain = _sensoresDALIonAndStepUpEnviar &rArr; daliSensoresOnAndStepUpEnviar &rArr; daliStop &rArr; daliTransceiverStop &rArr; spi1Write &rArr; spi1Send
</UL>
<BR>[Calls]<UL><LI><a href="#[68]">&gt;&gt;</a>&nbsp;&nbsp;&nbsp;daliSensoresOnAndStepUpEnviar
</UL>
<BR>[Called By]<UL><LI><a href="#[261]">&gt;&gt;</a>&nbsp;&nbsp;&nbsp;sensoresGruposDoTask
</UL>

<P><STRONG><a name="[69]"></a>_sensoresDALIquerySensorStatusEnviar</STRONG> (Thumb, 8 bytes, Stack size 8 bytes, sensores.o(i._sensoresDALIquerySensorStatusEnviar))
<BR><BR>[Stack]<UL><LI>Max Depth = 88<LI>Call Chain = _sensoresDALIquerySensorStatusEnviar &rArr; daliSensoresQuerySensorStatusEnviar &rArr; daliStop &rArr; daliTransceiverStop &rArr; spi1Write &rArr; spi1Send
</UL>
<BR>[Calls]<UL><LI><a href="#[6a]">&gt;&gt;</a>&nbsp;&nbsp;&nbsp;daliSensoresQuerySensorStatusEnviar
</UL>
<BR>[Called By]<UL><LI><a href="#[261]">&gt;&gt;</a>&nbsp;&nbsp;&nbsp;sensoresGruposDoTask
</UL>

<P><STRONG><a name="[6b]"></a>_sensoresDALIrecallMaxLevelEnviar</STRONG> (Thumb, 8 bytes, Stack size 8 bytes, sensores.o(i._sensoresDALIrecallMaxLevelEnviar))
<BR><BR>[Stack]<UL><LI>Max Depth = 388<LI>Call Chain = _sensoresDALIrecallMaxLevelEnviar &rArr; daliSensoresRecallMaxLevelEnviar &rArr; actualLevelCmdNotify &rArr; sensoresCambioActualLevelNotificar &rArr; sensoresGruposReguladoresLuzEstadoActualizar &rArr; _sensoresGruposAlgunEquipoApagadoGet &rArr; actualLevel_GrupoValoresGet &rArr; daliLoopActualLevelGet &rArr; configDaliLoopDeviceTypeGet
</UL>
<BR>[Calls]<UL><LI><a href="#[6c]">&gt;&gt;</a>&nbsp;&nbsp;&nbsp;daliSensoresRecallMaxLevelEnviar
</UL>
<BR>[Called By]<UL><LI><a href="#[261]">&gt;&gt;</a>&nbsp;&nbsp;&nbsp;sensoresGruposDoTask
</UL>

<P><STRONG><a name="[6d]"></a>_sensoresDALItcStepDownEnviar</STRONG> (Thumb, 10 bytes, Stack size 8 bytes, sensores.o(i._sensoresDALItcStepDownEnviar))
<BR><BR>[Stack]<UL><LI>Max Depth = 200<LI>Call Chain = _sensoresDALItcStepDownEnviar &rArr; daliSensoresTcStepDownEnviar &rArr; daliStop &rArr; daliTransceiverStop &rArr; spi1Write &rArr; spi1Send
</UL>
<BR>[Calls]<UL><LI><a href="#[6e]">&gt;&gt;</a>&nbsp;&nbsp;&nbsp;daliSensoresTcStepDownEnviar
</UL>
<BR>[Called By]<UL><LI><a href="#[261]">&gt;&gt;</a>&nbsp;&nbsp;&nbsp;sensoresGruposDoTask
</UL>

<P><STRONG><a name="[6f]"></a>_sensoresDALItcStepUpEnviar</STRONG> (Thumb, 10 bytes, Stack size 8 bytes, sensores.o(i._sensoresDALItcStepUpEnviar))
<BR><BR>[Stack]<UL><LI>Max Depth = 200<LI>Call Chain = _sensoresDALItcStepUpEnviar &rArr; daliSensoresTcStepUpEnviar &rArr; daliStop &rArr; daliTransceiverStop &rArr; spi1Write &rArr; spi1Send
</UL>
<BR>[Calls]<UL><LI><a href="#[70]">&gt;&gt;</a>&nbsp;&nbsp;&nbsp;daliSensoresTcStepUpEnviar
</UL>
<BR>[Called By]<UL><LI><a href="#[261]">&gt;&gt;</a>&nbsp;&nbsp;&nbsp;sensoresGruposDoTask
</UL>

<P><STRONG><a name="[71]"></a>_sensoresDALIupEnviar</STRONG> (Thumb, 8 bytes, Stack size 8 bytes, sensores.o(i._sensoresDALIupEnviar))
<BR><BR>[Stack]<UL><LI>Max Depth = 396<LI>Call Chain = _sensoresDALIupEnviar &rArr; daliSensoresUpEnviar &rArr; actualLevelCmdNotify &rArr; sensoresCambioActualLevelNotificar &rArr; sensoresGruposReguladoresLuzEstadoActualizar &rArr; _sensoresGruposAlgunEquipoApagadoGet &rArr; actualLevel_GrupoValoresGet &rArr; daliLoopActualLevelGet &rArr; configDaliLoopDeviceTypeGet
</UL>
<BR>[Calls]<UL><LI><a href="#[72]">&gt;&gt;</a>&nbsp;&nbsp;&nbsp;daliSensoresUpEnviar
</UL>
<BR>[Called By]<UL><LI><a href="#[261]">&gt;&gt;</a>&nbsp;&nbsp;&nbsp;sensoresGruposDoTask
</UL>

<P><STRONG><a name="[28f]"></a>_sensoresGruposAccionDAPCSet</STRONG> (Thumb, 86 bytes, Stack size 20 bytes, sensoresgrupos.o(i._sensoresGruposAccionDAPCSet))
<BR><BR>[Stack]<UL><LI>Max Depth = 20<LI>Call Chain = _sensoresGruposAccionDAPCSet
</UL>
<BR>[Called By]<UL><LI><a href="#[28e]">&gt;&gt;</a>&nbsp;&nbsp;&nbsp;sensoresGruposReguladoresLuzAccionSolicitar
</UL>

<P><STRONG><a name="[284]"></a>_sensoresGruposAccionDownSet</STRONG> (Thumb, 14 bytes, Stack size 0 bytes, sensoresgrupos.o(i._sensoresGruposAccionDownSet))
<BR><BR>[Called By]<UL><LI><a href="#[283]">&gt;&gt;</a>&nbsp;&nbsp;&nbsp;sensoresGruposPulsadoresAccionRegulacionAccionSolicitar
</UL>

<P><STRONG><a name="[78]"></a>_sensoresGruposAccionGoToSceneSet</STRONG> (Thumb, 14 bytes, Stack size 0 bytes, sensoresgrupos.o(i._sensoresGruposAccionGoToSceneSet))
<BR><BR>[Called By]<UL><LI><a href="#[282]">&gt;&gt;</a>&nbsp;&nbsp;&nbsp;sensoresGruposPulsadoresAccionFijaAccionSolicitar
<LI><a href="#[7b]">&gt;&gt;</a>&nbsp;&nbsp;&nbsp;_sensoresGruposOnActionCall
<LI><a href="#[75]">&gt;&gt;</a>&nbsp;&nbsp;&nbsp;_sensoresGruposOffActionCall
</UL>

<P><STRONG><a name="[79]"></a>_sensoresGruposAccionOffSet</STRONG> (Thumb, 36 bytes, Stack size 0 bytes, sensoresgrupos.o(i._sensoresGruposAccionOffSet))
<BR><BR>[Called By]<UL><LI><a href="#[282]">&gt;&gt;</a>&nbsp;&nbsp;&nbsp;sensoresGruposPulsadoresAccionFijaAccionSolicitar
<LI><a href="#[27f]">&gt;&gt;</a>&nbsp;&nbsp;&nbsp;sensoresGruposPulsadoresAccionBasculanteAccionSolicitar
<LI><a href="#[264]">&gt;&gt;</a>&nbsp;&nbsp;&nbsp;sensoresGruposDetectoresPresenciaAccionSolicitar
<LI><a href="#[7b]">&gt;&gt;</a>&nbsp;&nbsp;&nbsp;_sensoresGruposOnActionCall
<LI><a href="#[75]">&gt;&gt;</a>&nbsp;&nbsp;&nbsp;_sensoresGruposOffActionCall
</UL>

<P><STRONG><a name="[288]"></a>_sensoresGruposAccionOnAndStepUpSet</STRONG> (Thumb, 8 bytes, Stack size 0 bytes, sensoresgrupos.o(i._sensoresGruposAccionOnAndStepUpSet))
<BR><BR>[Called By]<UL><LI><a href="#[27c]">&gt;&gt;</a>&nbsp;&nbsp;&nbsp;sensoresGruposPulsadoresAccionRegulacionNotificar
</UL>

<P><STRONG><a name="[287]"></a>_sensoresGruposAccionQuerySensorStatusSet</STRONG> (Thumb, 14 bytes, Stack size 0 bytes, sensoresgrupos.o(i._sensoresGruposAccionQuerySensorStatusSet))
<BR><BR>[Called By]<UL><LI><a href="#[286]">&gt;&gt;</a>&nbsp;&nbsp;&nbsp;sensoresGruposPulsadoresAccionRegulacionActualizarNivel
<LI><a href="#[270]">&gt;&gt;</a>&nbsp;&nbsp;&nbsp;sensoresGruposPulsadoresTWDoTask
<LI><a href="#[26f]">&gt;&gt;</a>&nbsp;&nbsp;&nbsp;sensoresGruposPulsadoresAccionRegulacionDoTask
<LI><a href="#[28d]">&gt;&gt;</a>&nbsp;&nbsp;&nbsp;sensoresGruposPulsadoresTWActualizarNivel
</UL>

<P><STRONG><a name="[7a]"></a>_sensoresGruposAccionRecallMaxLevelSet</STRONG> (Thumb, 36 bytes, Stack size 0 bytes, sensoresgrupos.o(i._sensoresGruposAccionRecallMaxLevelSet))
<BR><BR>[Called By]<UL><LI><a href="#[282]">&gt;&gt;</a>&nbsp;&nbsp;&nbsp;sensoresGruposPulsadoresAccionFijaAccionSolicitar
<LI><a href="#[27f]">&gt;&gt;</a>&nbsp;&nbsp;&nbsp;sensoresGruposPulsadoresAccionBasculanteAccionSolicitar
<LI><a href="#[264]">&gt;&gt;</a>&nbsp;&nbsp;&nbsp;sensoresGruposDetectoresPresenciaAccionSolicitar
<LI><a href="#[7b]">&gt;&gt;</a>&nbsp;&nbsp;&nbsp;_sensoresGruposOnActionCall
<LI><a href="#[75]">&gt;&gt;</a>&nbsp;&nbsp;&nbsp;_sensoresGruposOffActionCall
</UL>

<P><STRONG><a name="[28c]"></a>_sensoresGruposAccionTcStepDownSet</STRONG> (Thumb, 14 bytes, Stack size 0 bytes, sensoresgrupos.o(i._sensoresGruposAccionTcStepDownSet))
<BR><BR>[Called By]<UL><LI><a href="#[28a]">&gt;&gt;</a>&nbsp;&nbsp;&nbsp;sensoresGruposPulsadoresTWAccionSolicitar
</UL>

<P><STRONG><a name="[28b]"></a>_sensoresGruposAccionTcStepUpSet</STRONG> (Thumb, 14 bytes, Stack size 0 bytes, sensoresgrupos.o(i._sensoresGruposAccionTcStepUpSet))
<BR><BR>[Called By]<UL><LI><a href="#[28a]">&gt;&gt;</a>&nbsp;&nbsp;&nbsp;sensoresGruposPulsadoresTWAccionSolicitar
</UL>

<P><STRONG><a name="[285]"></a>_sensoresGruposAccionUpSet</STRONG> (Thumb, 14 bytes, Stack size 0 bytes, sensoresgrupos.o(i._sensoresGruposAccionUpSet))
<BR><BR>[Called By]<UL><LI><a href="#[283]">&gt;&gt;</a>&nbsp;&nbsp;&nbsp;sensoresGruposPulsadoresAccionRegulacionAccionSolicitar
</UL>

<P><STRONG><a name="[73]"></a>_sensoresGruposAlgunEquipoApagadoGet</STRONG> (Thumb, 28 bytes, Stack size 16 bytes, sensoresgrupos.o(i._sensoresGruposAlgunEquipoApagadoGet))
<BR><BR>[Stack]<UL><LI>Max Depth = 268<LI>Call Chain = _sensoresGruposAlgunEquipoApagadoGet &rArr; actualLevel_GrupoValoresGet &rArr; daliLoopActualLevelGet &rArr; configDaliLoopDeviceTypeGet
</UL>
<BR>[Calls]<UL><LI><a href="#[74]">&gt;&gt;</a>&nbsp;&nbsp;&nbsp;actualLevel_GrupoValoresGet
</UL>
<BR>[Called By]<UL><LI><a href="#[14a]">&gt;&gt;</a>&nbsp;&nbsp;&nbsp;sensoresGruposReguladoresLuzEstadoActualizar
<LI><a href="#[19b]">&gt;&gt;</a>&nbsp;&nbsp;&nbsp;normaLink62386P102T1
<LI><a href="#[27a]">&gt;&gt;</a>&nbsp;&nbsp;&nbsp;sensoresGruposPulsadoresAccionBasculanteNotificar
<LI><a href="#[265]">&gt;&gt;</a>&nbsp;&nbsp;&nbsp;sensoresGruposDetectoresPresenciaDoTask
<LI><a href="#[b0]">&gt;&gt;</a>&nbsp;&nbsp;&nbsp;circActualizar
</UL>

<P><STRONG><a name="[2a0]"></a>_sensoresGruposAlgunoOperativoClear</STRONG> (Thumb, 20 bytes, Stack size 0 bytes, sensoresgrupos.o(i._sensoresGruposAlgunoOperativoClear))
<BR><BR>[Called By]<UL><LI><a href="#[1ec]">&gt;&gt;</a>&nbsp;&nbsp;&nbsp;sensoresInit
</UL>

<P><STRONG><a name="[268]"></a>_sensoresGruposAlgunoOperativoGet</STRONG> (Thumb, 16 bytes, Stack size 0 bytes, sensoresgrupos.o(i._sensoresGruposAlgunoOperativoGet))
<BR><BR>[Called By]<UL><LI><a href="#[275]">&gt;&gt;</a>&nbsp;&nbsp;&nbsp;sensoresGruposReguladoresLuzInit
<LI><a href="#[277]">&gt;&gt;</a>&nbsp;&nbsp;&nbsp;sensoresGruposPulsadoresTWInit
<LI><a href="#[274]">&gt;&gt;</a>&nbsp;&nbsp;&nbsp;sensoresGruposPulsadoresAccionTemporizadaInit
<LI><a href="#[276]">&gt;&gt;</a>&nbsp;&nbsp;&nbsp;sensoresGruposPulsadoresAccionRegulacionInit
<LI><a href="#[267]">&gt;&gt;</a>&nbsp;&nbsp;&nbsp;sensoresGruposDetectoresPresenciaInit
</UL>

<P><STRONG><a name="[2a1]"></a>_sensoresGruposAlgunoOperativoSet</STRONG> (Thumb, 18 bytes, Stack size 8 bytes, sensoresgrupos.o(i._sensoresGruposAlgunoOperativoSet))
<BR><BR>[Stack]<UL><LI>Max Depth = 8<LI>Call Chain = _sensoresGruposAlgunoOperativoSet
</UL>
<BR>[Called By]<UL><LI><a href="#[1ec]">&gt;&gt;</a>&nbsp;&nbsp;&nbsp;sensoresInit
</UL>

<P><STRONG><a name="[26a]"></a>_sensoresGruposForMeGet</STRONG> (Thumb, 10 bytes, Stack size 0 bytes, sensoresgrupos.o(i._sensoresGruposForMeGet))
<BR><BR>[Called By]<UL><LI><a href="#[14a]">&gt;&gt;</a>&nbsp;&nbsp;&nbsp;sensoresGruposReguladoresLuzEstadoActualizar
<LI><a href="#[27d]">&gt;&gt;</a>&nbsp;&nbsp;&nbsp;sensoresGruposReguladoresLuzNotificar
<LI><a href="#[27e]">&gt;&gt;</a>&nbsp;&nbsp;&nbsp;sensoresGruposPulsadoresTWNotificar
<LI><a href="#[27b]">&gt;&gt;</a>&nbsp;&nbsp;&nbsp;sensoresGruposPulsadoresAccionTemporizadaNotificar
<LI><a href="#[27c]">&gt;&gt;</a>&nbsp;&nbsp;&nbsp;sensoresGruposPulsadoresAccionRegulacionNotificar
<LI><a href="#[279]">&gt;&gt;</a>&nbsp;&nbsp;&nbsp;sensoresGruposPulsadoresAccionFijaNotificar
<LI><a href="#[27a]">&gt;&gt;</a>&nbsp;&nbsp;&nbsp;sensoresGruposPulsadoresAccionBasculanteNotificar
<LI><a href="#[269]">&gt;&gt;</a>&nbsp;&nbsp;&nbsp;sensoresGruposDetectoresPresenciaNotificar
</UL>

<P><STRONG><a name="[75]"></a>_sensoresGruposOffActionCall</STRONG> (Thumb, 96 bytes, Stack size 40 bytes, sensoresgrupos.o(i._sensoresGruposOffActionCall))
<BR><BR>[Stack]<UL><LI>Max Depth = 152<LI>Call Chain = _sensoresGruposOffActionCall &rArr; sensoresGruposConfiguracionGet &rArr; configSensoresGruposConfiguracionGet &rArr; m25pReadBytes &rArr; spiIINCHIP_SpiSendData
</UL>
<BR>[Calls]<UL><LI><a href="#[77]">&gt;&gt;</a>&nbsp;&nbsp;&nbsp;circGruposInhibidosSet
<LI><a href="#[76]">&gt;&gt;</a>&nbsp;&nbsp;&nbsp;sensoresGruposConfiguracionGet
<LI><a href="#[7a]">&gt;&gt;</a>&nbsp;&nbsp;&nbsp;_sensoresGruposAccionRecallMaxLevelSet
<LI><a href="#[79]">&gt;&gt;</a>&nbsp;&nbsp;&nbsp;_sensoresGruposAccionOffSet
<LI><a href="#[78]">&gt;&gt;</a>&nbsp;&nbsp;&nbsp;_sensoresGruposAccionGoToSceneSet
</UL>
<BR>[Called By]<UL><LI><a href="#[289]">&gt;&gt;</a>&nbsp;&nbsp;&nbsp;sensoresGruposPulsadoresAccionTemporizadaAccionSolicitar
</UL>

<P><STRONG><a name="[7b]"></a>_sensoresGruposOnActionCall</STRONG> (Thumb, 96 bytes, Stack size 40 bytes, sensoresgrupos.o(i._sensoresGruposOnActionCall))
<BR><BR>[Stack]<UL><LI>Max Depth = 152<LI>Call Chain = _sensoresGruposOnActionCall &rArr; sensoresGruposConfiguracionGet &rArr; configSensoresGruposConfiguracionGet &rArr; m25pReadBytes &rArr; spiIINCHIP_SpiSendData
</UL>
<BR>[Calls]<UL><LI><a href="#[77]">&gt;&gt;</a>&nbsp;&nbsp;&nbsp;circGruposInhibidosSet
<LI><a href="#[76]">&gt;&gt;</a>&nbsp;&nbsp;&nbsp;sensoresGruposConfiguracionGet
<LI><a href="#[7a]">&gt;&gt;</a>&nbsp;&nbsp;&nbsp;_sensoresGruposAccionRecallMaxLevelSet
<LI><a href="#[79]">&gt;&gt;</a>&nbsp;&nbsp;&nbsp;_sensoresGruposAccionOffSet
<LI><a href="#[78]">&gt;&gt;</a>&nbsp;&nbsp;&nbsp;_sensoresGruposAccionGoToSceneSet
</UL>
<BR>[Called By]<UL><LI><a href="#[289]">&gt;&gt;</a>&nbsp;&nbsp;&nbsp;sensoresGruposPulsadoresAccionTemporizadaAccionSolicitar
</UL>

<P><STRONG><a name="[7c]"></a>_webserverPrintIp</STRONG> (Thumb, 552 bytes, Stack size 128 bytes, webserver.o(i._webserverPrintIp))
<BR><BR>[Stack]<UL><LI>Max Depth = 140<LI>Call Chain = _webserverPrintIp &rArr; __aeabi_uidivmod
</UL>
<BR>[Calls]<UL><LI><a href="#[7e]">&gt;&gt;</a>&nbsp;&nbsp;&nbsp;strcat
<LI><a href="#[7d]">&gt;&gt;</a>&nbsp;&nbsp;&nbsp;__aeabi_uidivmod
</UL>
<BR>[Called By]<UL><LI><a href="#[1af]">&gt;&gt;</a>&nbsp;&nbsp;&nbsp;webServerDoTask
</UL>

<P><STRONG><a name="[7f]"></a>_webserverUtilsStringFromBufferGet</STRONG> (Thumb, 230 bytes, Stack size 32 bytes, webserver.o(i._webserverUtilsStringFromBufferGet))
<BR><BR>[Stack]<UL><LI>Max Depth = 68<LI>Call Chain = _webserverUtilsStringFromBufferGet &rArr; strindex &rArr; strncmp
</UL>
<BR>[Calls]<UL><LI><a href="#[80]">&gt;&gt;</a>&nbsp;&nbsp;&nbsp;strindex
</UL>
<BR>[Called By]<UL><LI><a href="#[1af]">&gt;&gt;</a>&nbsp;&nbsp;&nbsp;webServerDoTask
</UL>

<P><STRONG><a name="[81]"></a>_webserverUtilsStringToIp</STRONG> (Thumb, 216 bytes, Stack size 40 bytes, webserver.o(i._webserverUtilsStringToIp))
<BR><BR>[Stack]<UL><LI>Max Depth = 128<LI>Call Chain = _webserverUtilsStringToIp &rArr; atoi &rArr; strtol &rArr; _strtoul
</UL>
<BR>[Calls]<UL><LI><a href="#[2b]">&gt;&gt;</a>&nbsp;&nbsp;&nbsp;atoi
<LI><a href="#[82]">&gt;&gt;</a>&nbsp;&nbsp;&nbsp;strlen
</UL>
<BR>[Called By]<UL><LI><a href="#[1af]">&gt;&gt;</a>&nbsp;&nbsp;&nbsp;webServerDoTask
</UL>

<P><STRONG><a name="[88]"></a>actualLevelAddressPerteneceGrupoGet</STRONG> (Thumb, 32 bytes, Stack size 0 bytes, actuallevel.o(i.actualLevelAddressPerteneceGrupoGet))
<BR><BR>[Called By]<UL><LI><a href="#[83]">&gt;&gt;</a>&nbsp;&nbsp;&nbsp;actualLevelCmdNotify
<LI><a href="#[1c6]">&gt;&gt;</a>&nbsp;&nbsp;&nbsp;historicoTest_PeticionManual
<LI><a href="#[74]">&gt;&gt;</a>&nbsp;&nbsp;&nbsp;actualLevel_GrupoValoresGet
</UL>

<P><STRONG><a name="[83]"></a>actualLevelCmdNotify</STRONG> (Thumb, 146 bytes, Stack size 48 bytes, actuallevel.o(i.actualLevelCmdNotify))
<BR><BR>[Stack]<UL><LI>Max Depth = 348<LI>Call Chain = actualLevelCmdNotify &rArr; sensoresCambioActualLevelNotificar &rArr; sensoresGruposReguladoresLuzEstadoActualizar &rArr; _sensoresGruposAlgunEquipoApagadoGet &rArr; actualLevel_GrupoValoresGet &rArr; daliLoopActualLevelGet &rArr; configDaliLoopDeviceTypeGet
</UL>
<BR>[Calls]<UL><LI><a href="#[86]">&gt;&gt;</a>&nbsp;&nbsp;&nbsp;daliLoopActualLevelSet
<LI><a href="#[89]">&gt;&gt;</a>&nbsp;&nbsp;&nbsp;daliLoopActualLevelDiscard
<LI><a href="#[8b]">&gt;&gt;</a>&nbsp;&nbsp;&nbsp;sensoresCambioActualLevelNotificar
<LI><a href="#[85]">&gt;&gt;</a>&nbsp;&nbsp;&nbsp;actualLevelLvlToStoreGet
<LI><a href="#[8a]">&gt;&gt;</a>&nbsp;&nbsp;&nbsp;actualLevelGruposAfectadosGet
<LI><a href="#[87]">&gt;&gt;</a>&nbsp;&nbsp;&nbsp;actualLevelGrupoGet
<LI><a href="#[84]">&gt;&gt;</a>&nbsp;&nbsp;&nbsp;actualLevelDestTipoGet
<LI><a href="#[88]">&gt;&gt;</a>&nbsp;&nbsp;&nbsp;actualLevelAddressPerteneceGrupoGet
</UL>
<BR>[Called By]<UL><LI><a href="#[19e]">&gt;&gt;</a>&nbsp;&nbsp;&nbsp;normaLink62386P102T3
<LI><a href="#[19b]">&gt;&gt;</a>&nbsp;&nbsp;&nbsp;normaLink62386P102T1
<LI><a href="#[1a2]">&gt;&gt;</a>&nbsp;&nbsp;&nbsp;normaLink62386209T4
<LI><a href="#[72]">&gt;&gt;</a>&nbsp;&nbsp;&nbsp;daliSensoresUpEnviar
<LI><a href="#[6c]">&gt;&gt;</a>&nbsp;&nbsp;&nbsp;daliSensoresRecallMaxLevelEnviar
<LI><a href="#[66]">&gt;&gt;</a>&nbsp;&nbsp;&nbsp;daliSensoresOffEnviar
<LI><a href="#[64]">&gt;&gt;</a>&nbsp;&nbsp;&nbsp;daliSensoresGoToSceneEnviar
<LI><a href="#[62]">&gt;&gt;</a>&nbsp;&nbsp;&nbsp;daliSensoresDownEnviar
<LI><a href="#[60]">&gt;&gt;</a>&nbsp;&nbsp;&nbsp;daliSensoresComandoArcoDirectoEnviar
</UL>

<P><STRONG><a name="[84]"></a>actualLevelDestTipoGet</STRONG> (Thumb, 32 bytes, Stack size 0 bytes, actuallevel.o(i.actualLevelDestTipoGet))
<BR><BR>[Called By]<UL><LI><a href="#[83]">&gt;&gt;</a>&nbsp;&nbsp;&nbsp;actualLevelCmdNotify
<LI><a href="#[1c6]">&gt;&gt;</a>&nbsp;&nbsp;&nbsp;historicoTest_PeticionManual
<LI><a href="#[8a]">&gt;&gt;</a>&nbsp;&nbsp;&nbsp;actualLevelGruposAfectadosGet
</UL>

<P><STRONG><a name="[87]"></a>actualLevelGrupoGet</STRONG> (Thumb, 130 bytes, Stack size 0 bytes, actuallevel.o(i.actualLevelGrupoGet))
<BR><BR>[Called By]<UL><LI><a href="#[83]">&gt;&gt;</a>&nbsp;&nbsp;&nbsp;actualLevelCmdNotify
<LI><a href="#[1c6]">&gt;&gt;</a>&nbsp;&nbsp;&nbsp;historicoTest_PeticionManual
<LI><a href="#[8a]">&gt;&gt;</a>&nbsp;&nbsp;&nbsp;actualLevelGruposAfectadosGet
</UL>

<P><STRONG><a name="[8a]"></a>actualLevelGruposAfectadosGet</STRONG> (Thumb, 78 bytes, Stack size 16 bytes, actuallevel.o(i.actualLevelGruposAfectadosGet))
<BR><BR>[Stack]<UL><LI>Max Depth = 36<LI>Call Chain = actualLevelGruposAfectadosGet &rArr; actualLevelGruposPerteneceGet
</UL>
<BR>[Calls]<UL><LI><a href="#[8c]">&gt;&gt;</a>&nbsp;&nbsp;&nbsp;actualLevelGruposPerteneceGet
<LI><a href="#[87]">&gt;&gt;</a>&nbsp;&nbsp;&nbsp;actualLevelGrupoGet
<LI><a href="#[84]">&gt;&gt;</a>&nbsp;&nbsp;&nbsp;actualLevelDestTipoGet
</UL>
<BR>[Called By]<UL><LI><a href="#[83]">&gt;&gt;</a>&nbsp;&nbsp;&nbsp;actualLevelCmdNotify
</UL>

<P><STRONG><a name="[8c]"></a>actualLevelGruposPerteneceGet</STRONG> (Thumb, 64 bytes, Stack size 20 bytes, actuallevel.o(i.actualLevelGruposPerteneceGet))
<BR><BR>[Stack]<UL><LI>Max Depth = 20<LI>Call Chain = actualLevelGruposPerteneceGet
</UL>
<BR>[Called By]<UL><LI><a href="#[8a]">&gt;&gt;</a>&nbsp;&nbsp;&nbsp;actualLevelGruposAfectadosGet
</UL>

<P><STRONG><a name="[85]"></a>actualLevelLvlToStoreGet</STRONG> (Thumb, 34 bytes, Stack size 0 bytes, actuallevel.o(i.actualLevelLvlToStoreGet))
<BR><BR>[Called By]<UL><LI><a href="#[83]">&gt;&gt;</a>&nbsp;&nbsp;&nbsp;actualLevelCmdNotify
</UL>

<P><STRONG><a name="[74]"></a>actualLevel_GrupoValoresGet</STRONG> (Thumb, 98 bytes, Stack size 32 bytes, actuallevel.o(i.actualLevel_GrupoValoresGet))
<BR><BR>[Stack]<UL><LI>Max Depth = 252<LI>Call Chain = actualLevel_GrupoValoresGet &rArr; daliLoopActualLevelGet &rArr; configDaliLoopDeviceTypeGet
</UL>
<BR>[Calls]<UL><LI><a href="#[8d]">&gt;&gt;</a>&nbsp;&nbsp;&nbsp;daliLoopActualLevelValidGet
<LI><a href="#[8e]">&gt;&gt;</a>&nbsp;&nbsp;&nbsp;daliLoopActualLevelGet
<LI><a href="#[88]">&gt;&gt;</a>&nbsp;&nbsp;&nbsp;actualLevelAddressPerteneceGrupoGet
<LI><a href="#[7d]">&gt;&gt;</a>&nbsp;&nbsp;&nbsp;__aeabi_uidivmod
</UL>
<BR>[Called By]<UL><LI><a href="#[73]">&gt;&gt;</a>&nbsp;&nbsp;&nbsp;_sensoresGruposAlgunEquipoApagadoGet
</UL>

<P><STRONG><a name="[8f]"></a>applySUBR</STRONG> (Thumb, 38 bytes, Stack size 8 bytes, w5100.o(i.applySUBR))
<BR><BR>[Stack]<UL><LI>Max Depth = 40<LI>Call Chain = applySUBR &rArr; IINCHIP_WRITE &rArr; spiIINCHIP_SpiSendData
</UL>
<BR>[Calls]<UL><LI><a href="#[3d]">&gt;&gt;</a>&nbsp;&nbsp;&nbsp;IINCHIP_WRITE
</UL>
<BR>[Called By]<UL><LI><a href="#[5e]">&gt;&gt;</a>&nbsp;&nbsp;&nbsp;sendto
<LI><a href="#[1ab]">&gt;&gt;</a>&nbsp;&nbsp;&nbsp;ethTransceiverW5100Init
</UL>

<P><STRONG><a name="[1cf]"></a>arrayPop</STRONG> (Thumb, 26 bytes, Stack size 12 bytes, utils.o(i.arrayPop))
<BR><BR>[Stack]<UL><LI>Max Depth = 12<LI>Call Chain = arrayPop
</UL>
<BR>[Called By]<UL><LI><a href="#[1a5]">&gt;&gt;</a>&nbsp;&nbsp;&nbsp;normaLinkSensores
<LI><a href="#[1a1]">&gt;&gt;</a>&nbsp;&nbsp;&nbsp;normaLinkCfgInfoPasarelaT4
<LI><a href="#[1cc]">&gt;&gt;</a>&nbsp;&nbsp;&nbsp;interfacesConfiguracionGet
<LI><a href="#[21d]">&gt;&gt;</a>&nbsp;&nbsp;&nbsp;sensoresConfiguracionGet
</UL>

<P><STRONG><a name="[201]"></a>arrayPush</STRONG> (Thumb, 26 bytes, Stack size 12 bytes, utils.o(i.arrayPush))
<BR><BR>[Stack]<UL><LI>Max Depth = 12<LI>Call Chain = arrayPush
</UL>
<BR>[Called By]<UL><LI><a href="#[1a3]">&gt;&gt;</a>&nbsp;&nbsp;&nbsp;normaLinkSingleLoopT4
<LI><a href="#[1a5]">&gt;&gt;</a>&nbsp;&nbsp;&nbsp;normaLinkSensores
<LI><a href="#[197]">&gt;&gt;</a>&nbsp;&nbsp;&nbsp;normaLinkCfgInfoPasarelaT0
<LI><a href="#[1dc]">&gt;&gt;</a>&nbsp;&nbsp;&nbsp;normaLinkSensoresDoTask
</UL>

<P><STRONG><a name="[229]"></a>belongsGroupGet</STRONG> (Thumb, 70 bytes, Stack size 20 bytes, config.o(i.belongsGroupGet))
<BR><BR>[Stack]<UL><LI>Max Depth = 20<LI>Call Chain = belongsGroupGet
</UL>
<BR>[Called By]<UL><LI><a href="#[1a3]">&gt;&gt;</a>&nbsp;&nbsp;&nbsp;normaLinkSingleLoopT4
</UL>

<P><STRONG><a name="[22b]"></a>belongsGroupSet</STRONG> (Thumb, 92 bytes, Stack size 12 bytes, config.o(i.belongsGroupSet))
<BR><BR>[Stack]<UL><LI>Max Depth = 12<LI>Call Chain = belongsGroupSet
</UL>
<BR>[Called By]<UL><LI><a href="#[1a3]">&gt;&gt;</a>&nbsp;&nbsp;&nbsp;normaLinkSingleLoopT4
</UL>

<P><STRONG><a name="[90]"></a>boardInit</STRONG> (Thumb, 686 bytes, Stack size 200 bytes, board.o(i.boardInit))
<BR><BR>[Stack]<UL><LI>Max Depth = 220<LI>Call Chain = boardInit &rArr; GPIO_Init
</UL>
<BR>[Calls]<UL><LI><a href="#[98]">&gt;&gt;</a>&nbsp;&nbsp;&nbsp;GPIO_SetBits
<LI><a href="#[9e]">&gt;&gt;</a>&nbsp;&nbsp;&nbsp;GPIO_ResetBits
<LI><a href="#[9a]">&gt;&gt;</a>&nbsp;&nbsp;&nbsp;SPI_RxFIFOThresholdConfig
<LI><a href="#[99]">&gt;&gt;</a>&nbsp;&nbsp;&nbsp;SPI_Init
<LI><a href="#[4d]">&gt;&gt;</a>&nbsp;&nbsp;&nbsp;SPI_I2S_DeInit
<LI><a href="#[9b]">&gt;&gt;</a>&nbsp;&nbsp;&nbsp;SPI_Cmd
<LI><a href="#[94]">&gt;&gt;</a>&nbsp;&nbsp;&nbsp;RCC_SYSCLKConfig
<LI><a href="#[92]">&gt;&gt;</a>&nbsp;&nbsp;&nbsp;RCC_PLLConfig
<LI><a href="#[93]">&gt;&gt;</a>&nbsp;&nbsp;&nbsp;RCC_PLLCmd
<LI><a href="#[9f]">&gt;&gt;</a>&nbsp;&nbsp;&nbsp;RCC_I2CCLKConfig
<LI><a href="#[91]">&gt;&gt;</a>&nbsp;&nbsp;&nbsp;RCC_DeInit
[...]
</UL>

<P><STRONG><a name="[2ba]"></a>wiz_write_buf</STRONG> (Thumb, 58 bytes, Stack size 32 bytes, w5100.o(i.wiz_write_buf))
<BR><BR>[Stack]<UL><LI>Max Depth = 48<LI>Call Chain = wiz_write_buf &rArr; spiIINCHIP_SpiSendData
</UL>
<BR>[Calls]<UL><LI><a href="#[3c]">&gt;&gt;</a>&nbsp;&nbsp;&nbsp;spiIINCHIP_CSon_w5100
<LI><a href="#[39]">&gt;&gt;</a>&nbsp;&nbsp;&nbsp;spiIINCHIP_CSoff_w5100
<LI><a href="#[3a]">&gt;&gt;</a>&nbsp;&nbsp;&nbsp;spiIINCHIP_SpiSendData
</UL>
<BR>[Called By]<UL><LI><a href="#[25c]">&gt;&gt;</a>&nbsp;&nbsp;&nbsp;write_data
</UL>

<P><STRONG><a name="[25c]"></a>write_data</STRONG> (Thumb, 82 bytes, Stack size 24 bytes, w5100.o(i.write_data))
<BR><BR>[Stack]<UL><LI>Max Depth = 72<LI>Call Chain = write_data &rArr; wiz_write_buf &rArr; spiIINCHIP_SpiSendData
</UL>
<BR>[Calls]<UL><LI><a href="#[2ba]">&gt;&gt;</a>&nbsp;&nbsp;&nbsp;wiz_write_buf
<LI><a href="#[251]">&gt;&gt;</a>&nbsp;&nbsp;&nbsp;getIINCHIP_TxMAX
<LI><a href="#[2bb]">&gt;&gt;</a>&nbsp;&nbsp;&nbsp;getIINCHIP_TxMASK
<LI><a href="#[2bc]">&gt;&gt;</a>&nbsp;&nbsp;&nbsp;getIINCHIP_TxBASE
</UL>
<BR>[Called By]<UL><LI><a href="#[252]">&gt;&gt;</a>&nbsp;&nbsp;&nbsp;send_data_processing
</UL>
<P>
<H3>
Local Symbols
</H3>
<P><STRONG><a name="[5a]"></a>SetSysClock</STRONG> (Thumb, 88 bytes, Stack size 12 bytes, system_stm32f0xx.o(i.SetSysClock))
<BR><BR>[Stack]<UL><LI>Max Depth = 12<LI>Call Chain = SetSysClock
</UL>
<BR>[Called By]<UL><LI><a href="#[24]">&gt;&gt;</a>&nbsp;&nbsp;&nbsp;SystemInit
</UL>

<P><STRONG><a name="[170]"></a>daliTransceiverIncomingFrameStore</STRONG> (Thumb, 60 bytes, Stack size 20 bytes, dalitransceiver.o(i.daliTransceiverIncomingFrameStore))
<BR><BR>[Stack]<UL><LI>Max Depth = 20<LI>Call Chain = daliTransceiverIncomingFrameStore
</UL>
<BR>[Called By]<UL><LI><a href="#[13c]">&gt;&gt;</a>&nbsp;&nbsp;&nbsp;daliTransceiverDoTask
</UL>

<P><STRONG><a name="[231]"></a>polling_CntInc</STRONG> (Thumb, 68 bytes, Stack size 8 bytes, polling.o(i.polling_CntInc))
<BR><BR>[Stack]<UL><LI>Max Depth = 8<LI>Call Chain = polling_CntInc
</UL>
<BR>[Called By]<UL><LI><a href="#[1ef]">&gt;&gt;</a>&nbsp;&nbsp;&nbsp;polling_DoTask
<LI><a href="#[13b]">&gt;&gt;</a>&nbsp;&nbsp;&nbsp;polling_DaliNotifyCb
</UL>

<P><STRONG><a name="[234]"></a>polling_IncompleteCheck</STRONG> (Thumb, 44 bytes, Stack size 16 bytes, polling.o(i.polling_IncompleteCheck))
<BR><BR>[Stack]<UL><LI>Max Depth = 16<LI>Call Chain = polling_IncompleteCheck
</UL>
<BR>[Called By]<UL><LI><a href="#[1ef]">&gt;&gt;</a>&nbsp;&nbsp;&nbsp;polling_DoTask
</UL>

<P><STRONG><a name="[232]"></a>polling_IncompleteSet</STRONG> (Thumb, 50 bytes, Stack size 16 bytes, polling.o(i.polling_IncompleteSet))
<BR><BR>[Stack]<UL><LI>Max Depth = 16<LI>Call Chain = polling_IncompleteSet
</UL>
<BR>[Called By]<UL><LI><a href="#[13b]">&gt;&gt;</a>&nbsp;&nbsp;&nbsp;polling_DaliNotifyCb
</UL>

<P><STRONG><a name="[263]"></a>sensoresGruposDetectoresPreseciaModoNivelEstadoActualizar</STRONG> (Thumb, 166 bytes, Stack size 64 bytes, sensoresgruposdetectorespresencia.o(i.sensoresGruposDetectoresPreseciaModoNivelEstadoActualizar))
<BR><BR>[Stack]<UL><LI>Max Depth = 372<LI>Call Chain = sensoresGruposDetectoresPreseciaModoNivelEstadoActualizar &rArr; sensoresGruposDetectoresPresenciaAccionSolicitar &rArr; sensoresGruposReguladoresLuzEstadoActualizar &rArr; _sensoresGruposAlgunEquipoApagadoGet &rArr; actualLevel_GrupoValoresGet &rArr; daliLoopActualLevelGet &rArr; configDaliLoopDeviceTypeGet
</UL>
<BR>[Calls]<UL><LI><a href="#[264]">&gt;&gt;</a>&nbsp;&nbsp;&nbsp;sensoresGruposDetectoresPresenciaAccionSolicitar
<LI><a href="#[76]">&gt;&gt;</a>&nbsp;&nbsp;&nbsp;sensoresGruposConfiguracionGet
</UL>
<BR>[Called By]<UL><LI><a href="#[269]">&gt;&gt;</a>&nbsp;&nbsp;&nbsp;sensoresGruposDetectoresPresenciaNotificar
</UL>

<P><STRONG><a name="[264]"></a>sensoresGruposDetectoresPresenciaAccionSolicitar</STRONG> (Thumb, 80 bytes, Stack size 16 bytes, sensoresgruposdetectorespresencia.o(i.sensoresGruposDetectoresPresenciaAccionSolicitar))
<BR><BR>[Stack]<UL><LI>Max Depth = 308<LI>Call Chain = sensoresGruposDetectoresPresenciaAccionSolicitar &rArr; sensoresGruposReguladoresLuzEstadoActualizar &rArr; _sensoresGruposAlgunEquipoApagadoGet &rArr; actualLevel_GrupoValoresGet &rArr; daliLoopActualLevelGet &rArr; configDaliLoopDeviceTypeGet
</UL>
<BR>[Calls]<UL><LI><a href="#[14a]">&gt;&gt;</a>&nbsp;&nbsp;&nbsp;sensoresGruposReguladoresLuzEstadoActualizar
<LI><a href="#[1f8]">&gt;&gt;</a>&nbsp;&nbsp;&nbsp;sensoresGruposReguladoresLuzEstadoGet
<LI><a href="#[b2]">&gt;&gt;</a>&nbsp;&nbsp;&nbsp;sensoresGruposPulsadoresAccionTemporizadaEstadoGet
<LI><a href="#[7a]">&gt;&gt;</a>&nbsp;&nbsp;&nbsp;_sensoresGruposAccionRecallMaxLevelSet
<LI><a href="#[79]">&gt;&gt;</a>&nbsp;&nbsp;&nbsp;_sensoresGruposAccionOffSet
</UL>
<BR>[Called By]<UL><LI><a href="#[266]">&gt;&gt;</a>&nbsp;&nbsp;&nbsp;sensoresGruposDetectoresPresenciaModoFlancoEstadoActualizar
<LI><a href="#[263]">&gt;&gt;</a>&nbsp;&nbsp;&nbsp;sensoresGruposDetectoresPreseciaModoNivelEstadoActualizar
<LI><a href="#[265]">&gt;&gt;</a>&nbsp;&nbsp;&nbsp;sensoresGruposDetectoresPresenciaDoTask
</UL>

<P><STRONG><a name="[266]"></a>sensoresGruposDetectoresPresenciaModoFlancoEstadoActualizar</STRONG> (Thumb, 174 bytes, Stack size 56 bytes, sensoresgruposdetectorespresencia.o(i.sensoresGruposDetectoresPresenciaModoFlancoEstadoActualizar))
<BR><BR>[Stack]<UL><LI>Max Depth = 364<LI>Call Chain = sensoresGruposDetectoresPresenciaModoFlancoEstadoActualizar &rArr; sensoresGruposDetectoresPresenciaAccionSolicitar &rArr; sensoresGruposReguladoresLuzEstadoActualizar &rArr; _sensoresGruposAlgunEquipoApagadoGet &rArr; actualLevel_GrupoValoresGet &rArr; daliLoopActualLevelGet &rArr; configDaliLoopDeviceTypeGet
</UL>
<BR>[Calls]<UL><LI><a href="#[264]">&gt;&gt;</a>&nbsp;&nbsp;&nbsp;sensoresGruposDetectoresPresenciaAccionSolicitar
<LI><a href="#[76]">&gt;&gt;</a>&nbsp;&nbsp;&nbsp;sensoresGruposConfiguracionGet
</UL>
<BR>[Called By]<UL><LI><a href="#[269]">&gt;&gt;</a>&nbsp;&nbsp;&nbsp;sensoresGruposDetectoresPresenciaNotificar
<LI><a href="#[265]">&gt;&gt;</a>&nbsp;&nbsp;&nbsp;sensoresGruposDetectoresPresenciaDoTask
</UL>

<P><STRONG><a name="[27f]"></a>sensoresGruposPulsadoresAccionBasculanteAccionSolicitar</STRONG> (Thumb, 220 bytes, Stack size 32 bytes, sensoresgrupospulsadoresaccionbasculante.o(i.sensoresGruposPulsadoresAccionBasculanteAccionSolicitar))
<BR><BR>[Stack]<UL><LI>Max Depth = 324<LI>Call Chain = sensoresGruposPulsadoresAccionBasculanteAccionSolicitar &rArr; sensoresGruposReguladoresLuzEstadoActualizar &rArr; _sensoresGruposAlgunEquipoApagadoGet &rArr; actualLevel_GrupoValoresGet &rArr; daliLoopActualLevelGet &rArr; configDaliLoopDeviceTypeGet
</UL>
<BR>[Calls]<UL><LI><a href="#[14a]">&gt;&gt;</a>&nbsp;&nbsp;&nbsp;sensoresGruposReguladoresLuzEstadoActualizar
<LI><a href="#[280]">&gt;&gt;</a>&nbsp;&nbsp;&nbsp;sensoresGruposPulsadoresAccionRegulacionEstadoGet
<LI><a href="#[1f8]">&gt;&gt;</a>&nbsp;&nbsp;&nbsp;sensoresGruposReguladoresLuzEstadoGet
<LI><a href="#[b2]">&gt;&gt;</a>&nbsp;&nbsp;&nbsp;sensoresGruposPulsadoresAccionTemporizadaEstadoGet
<LI><a href="#[281]">&gt;&gt;</a>&nbsp;&nbsp;&nbsp;sensoresGruposDetectoresPresenciaReiteracionPeriodoCntReinicializar
<LI><a href="#[b1]">&gt;&gt;</a>&nbsp;&nbsp;&nbsp;sensoresGruposDetectoresPresenciaEstadoGet
<LI><a href="#[7a]">&gt;&gt;</a>&nbsp;&nbsp;&nbsp;_sensoresGruposAccionRecallMaxLevelSet
<LI><a href="#[79]">&gt;&gt;</a>&nbsp;&nbsp;&nbsp;_sensoresGruposAccionOffSet
</UL>
<BR>[Called By]<UL><LI><a href="#[27a]">&gt;&gt;</a>&nbsp;&nbsp;&nbsp;sensoresGruposPulsadoresAccionBasculanteNotificar
</UL>

<P><STRONG><a name="[282]"></a>sensoresGruposPulsadoresAccionFijaAccionSolicitar</STRONG> (Thumb, 318 bytes, Stack size 32 bytes, sensoresgrupospulsadoresaccionfija.o(i.sensoresGruposPulsadoresAccionFijaAccionSolicitar))
<BR><BR>[Stack]<UL><LI>Max Depth = 324<LI>Call Chain = sensoresGruposPulsadoresAccionFijaAccionSolicitar &rArr; sensoresGruposReguladoresLuzEstadoActualizar &rArr; _sensoresGruposAlgunEquipoApagadoGet &rArr; actualLevel_GrupoValoresGet &rArr; daliLoopActualLevelGet &rArr; configDaliLoopDeviceTypeGet
</UL>
<BR>[Calls]<UL><LI><a href="#[14a]">&gt;&gt;</a>&nbsp;&nbsp;&nbsp;sensoresGruposReguladoresLuzEstadoActualizar
<LI><a href="#[77]">&gt;&gt;</a>&nbsp;&nbsp;&nbsp;circGruposInhibidosSet
<LI><a href="#[1fb]">&gt;&gt;</a>&nbsp;&nbsp;&nbsp;circGruposInhibidosClear
<LI><a href="#[280]">&gt;&gt;</a>&nbsp;&nbsp;&nbsp;sensoresGruposPulsadoresAccionRegulacionEstadoGet
<LI><a href="#[1f8]">&gt;&gt;</a>&nbsp;&nbsp;&nbsp;sensoresGruposReguladoresLuzEstadoGet
<LI><a href="#[b2]">&gt;&gt;</a>&nbsp;&nbsp;&nbsp;sensoresGruposPulsadoresAccionTemporizadaEstadoGet
<LI><a href="#[281]">&gt;&gt;</a>&nbsp;&nbsp;&nbsp;sensoresGruposDetectoresPresenciaReiteracionPeriodoCntReinicializar
<LI><a href="#[b1]">&gt;&gt;</a>&nbsp;&nbsp;&nbsp;sensoresGruposDetectoresPresenciaEstadoGet
<LI><a href="#[7a]">&gt;&gt;</a>&nbsp;&nbsp;&nbsp;_sensoresGruposAccionRecallMaxLevelSet
<LI><a href="#[79]">&gt;&gt;</a>&nbsp;&nbsp;&nbsp;_sensoresGruposAccionOffSet
<LI><a href="#[78]">&gt;&gt;</a>&nbsp;&nbsp;&nbsp;_sensoresGruposAccionGoToSceneSet
</UL>
<BR>[Called By]<UL><LI><a href="#[279]">&gt;&gt;</a>&nbsp;&nbsp;&nbsp;sensoresGruposPulsadoresAccionFijaNotificar
</UL>

<P><STRONG><a name="[283]"></a>sensoresGruposPulsadoresAccionRegulacionAccionSolicitar</STRONG> (Thumb, 234 bytes, Stack size 32 bytes, sensoresgrupospulsadoresaccionregulacion.o(i.sensoresGruposPulsadoresAccionRegulacionAccionSolicitar))
<BR><BR>[Stack]<UL><LI>Max Depth = 40<LI>Call Chain = sensoresGruposPulsadoresAccionRegulacionAccionSolicitar &rArr; circGruposInhibidosSet
</UL>
<BR>[Calls]<UL><LI><a href="#[77]">&gt;&gt;</a>&nbsp;&nbsp;&nbsp;circGruposInhibidosSet
<LI><a href="#[1f9]">&gt;&gt;</a>&nbsp;&nbsp;&nbsp;sensoresGruposReguladoresLuzInhibir
<LI><a href="#[1f8]">&gt;&gt;</a>&nbsp;&nbsp;&nbsp;sensoresGruposReguladoresLuzEstadoGet
<LI><a href="#[b2]">&gt;&gt;</a>&nbsp;&nbsp;&nbsp;sensoresGruposPulsadoresAccionTemporizadaEstadoGet
<LI><a href="#[281]">&gt;&gt;</a>&nbsp;&nbsp;&nbsp;sensoresGruposDetectoresPresenciaReiteracionPeriodoCntReinicializar
<LI><a href="#[b1]">&gt;&gt;</a>&nbsp;&nbsp;&nbsp;sensoresGruposDetectoresPresenciaEstadoGet
<LI><a href="#[285]">&gt;&gt;</a>&nbsp;&nbsp;&nbsp;_sensoresGruposAccionUpSet
<LI><a href="#[284]">&gt;&gt;</a>&nbsp;&nbsp;&nbsp;_sensoresGruposAccionDownSet
</UL>
<BR>[Called By]<UL><LI><a href="#[286]">&gt;&gt;</a>&nbsp;&nbsp;&nbsp;sensoresGruposPulsadoresAccionRegulacionActualizarNivel
</UL>

<P><STRONG><a name="[286]"></a>sensoresGruposPulsadoresAccionRegulacionActualizarNivel</STRONG> (Thumb, 80 bytes, Stack size 24 bytes, sensoresgrupospulsadoresaccionregulacion.o(i.sensoresGruposPulsadoresAccionRegulacionActualizarNivel))
<BR><BR>[Stack]<UL><LI>Max Depth = 64<LI>Call Chain = sensoresGruposPulsadoresAccionRegulacionActualizarNivel &rArr; sensoresGruposPulsadoresAccionRegulacionAccionSolicitar &rArr; circGruposInhibidosSet
</UL>
<BR>[Calls]<UL><LI><a href="#[283]">&gt;&gt;</a>&nbsp;&nbsp;&nbsp;sensoresGruposPulsadoresAccionRegulacionAccionSolicitar
<LI><a href="#[287]">&gt;&gt;</a>&nbsp;&nbsp;&nbsp;_sensoresGruposAccionQuerySensorStatusSet
</UL>
<BR>[Called By]<UL><LI><a href="#[26f]">&gt;&gt;</a>&nbsp;&nbsp;&nbsp;sensoresGruposPulsadoresAccionRegulacionDoTask
</UL>

<P><STRONG><a name="[289]"></a>sensoresGruposPulsadoresAccionTemporizadaAccionSolicitar</STRONG> (Thumb, 120 bytes, Stack size 32 bytes, sensoresgrupospulsadoresacciontemporizada.o(i.sensoresGruposPulsadoresAccionTemporizadaAccionSolicitar))
<BR><BR>[Stack]<UL><LI>Max Depth = 324<LI>Call Chain = sensoresGruposPulsadoresAccionTemporizadaAccionSolicitar &rArr; sensoresGruposReguladoresLuzEstadoActualizar &rArr; _sensoresGruposAlgunEquipoApagadoGet &rArr; actualLevel_GrupoValoresGet &rArr; daliLoopActualLevelGet &rArr; configDaliLoopDeviceTypeGet
</UL>
<BR>[Calls]<UL><LI><a href="#[14a]">&gt;&gt;</a>&nbsp;&nbsp;&nbsp;sensoresGruposReguladoresLuzEstadoActualizar
<LI><a href="#[280]">&gt;&gt;</a>&nbsp;&nbsp;&nbsp;sensoresGruposPulsadoresAccionRegulacionEstadoGet
<LI><a href="#[1f8]">&gt;&gt;</a>&nbsp;&nbsp;&nbsp;sensoresGruposReguladoresLuzEstadoGet
<LI><a href="#[b1]">&gt;&gt;</a>&nbsp;&nbsp;&nbsp;sensoresGruposDetectoresPresenciaEstadoGet
<LI><a href="#[7b]">&gt;&gt;</a>&nbsp;&nbsp;&nbsp;_sensoresGruposOnActionCall
<LI><a href="#[75]">&gt;&gt;</a>&nbsp;&nbsp;&nbsp;_sensoresGruposOffActionCall
</UL>
<BR>[Called By]<UL><LI><a href="#[27b]">&gt;&gt;</a>&nbsp;&nbsp;&nbsp;sensoresGruposPulsadoresAccionTemporizadaNotificar
<LI><a href="#[26d]">&gt;&gt;</a>&nbsp;&nbsp;&nbsp;sensoresGruposPulsadoresAccionTemporizadaDoTask
</UL>

<P><STRONG><a name="[28e]"></a>sensoresGruposReguladoresLuzAccionSolicitar</STRONG> (Thumb, 192 bytes, Stack size 32 bytes, sensoresgruposreguladoresluz.o(i.sensoresGruposReguladoresLuzAccionSolicitar))
<BR><BR>[Stack]<UL><LI>Max Depth = 52<LI>Call Chain = sensoresGruposReguladoresLuzAccionSolicitar &rArr; _sensoresGruposAccionDAPCSet
</UL>
<BR>[Calls]<UL><LI><a href="#[280]">&gt;&gt;</a>&nbsp;&nbsp;&nbsp;sensoresGruposPulsadoresAccionRegulacionEstadoGet
<LI><a href="#[b2]">&gt;&gt;</a>&nbsp;&nbsp;&nbsp;sensoresGruposPulsadoresAccionTemporizadaEstadoGet
<LI><a href="#[b1]">&gt;&gt;</a>&nbsp;&nbsp;&nbsp;sensoresGruposDetectoresPresenciaEstadoGet
<LI><a href="#[28f]">&gt;&gt;</a>&nbsp;&nbsp;&nbsp;_sensoresGruposAccionDAPCSet
</UL>
<BR>[Called By]<UL><LI><a href="#[27d]">&gt;&gt;</a>&nbsp;&nbsp;&nbsp;sensoresGruposReguladoresLuzNotificar
<LI><a href="#[26e]">&gt;&gt;</a>&nbsp;&nbsp;&nbsp;sensoresGruposReguladoresLuzDoTask
</UL>

<P><STRONG><a name="[1d7]"></a>interfacesSolicitar</STRONG> (Thumb, 158 bytes, Stack size 64 bytes, interfaces.o(i.interfacesSolicitar))
<BR><BR>[Stack]<UL><LI>Max Depth = 804<LI>Call Chain = interfacesSolicitar &rArr; sensoresNotificar &rArr; sensoresGruposNotificar &rArr; sensoresGruposDetectoresPresenciaNotificar &rArr; sensoresGruposDetectoresPreseciaModoNivelEstadoActualizar &rArr; sensoresGruposDetectoresPresenciaAccionSolicitar &rArr; sensoresGruposReguladoresLuzEstadoActualizar &rArr; _sensoresGruposAlgunEquipoApagadoGet &rArr; actualLevel_GrupoValoresGet &rArr; daliLoopActualLevelGet &rArr; configDaliLoopDeviceTypeGet
</UL>
<BR>[Calls]<UL><LI><a href="#[1da]">&gt;&gt;</a>&nbsp;&nbsp;&nbsp;sensoresNotificar
<LI><a href="#[1db]">&gt;&gt;</a>&nbsp;&nbsp;&nbsp;normaLinkSensoresEnviar
<LI><a href="#[1dc]">&gt;&gt;</a>&nbsp;&nbsp;&nbsp;normaLinkSensoresDoTask
<LI><a href="#[1d5]">&gt;&gt;</a>&nbsp;&nbsp;&nbsp;interfacesIDNGEADEventoGet
<LI><a href="#[1d4]">&gt;&gt;</a>&nbsp;&nbsp;&nbsp;interfacesIDNG4PEventoGet
<LI><a href="#[1ce]">&gt;&gt;</a>&nbsp;&nbsp;&nbsp;__aeabi_memcpy
</UL>
<BR>[Called By]<UL><LI><a href="#[1d3]">&gt;&gt;</a>&nbsp;&nbsp;&nbsp;interfacesNotificar
</UL>

<P><STRONG><a name="[2a2]"></a>numeroSerieIdCoincideGet</STRONG> (Thumb, 78 bytes, Stack size 32 bytes, sensores.o(i.numeroSerieIdCoincideGet))
<BR><BR>[Stack]<UL><LI>Max Depth = 32<LI>Call Chain = numeroSerieIdCoincideGet
</UL>
<BR>[Called By]<UL><LI><a href="#[1da]">&gt;&gt;</a>&nbsp;&nbsp;&nbsp;sensoresNotificar
</UL>

<P><STRONG><a name="[14f]"></a>daliSensoresModoInterfazRecibidoProcesar</STRONG> (Thumb, 36 bytes, Stack size 24 bytes, dalisensores.o(i.daliSensoresModoInterfazRecibidoProcesar))
<BR><BR>[Stack]<UL><LI>Max Depth = 44<LI>Call Chain = daliSensoresModoInterfazRecibidoProcesar &rArr; daliSend
</UL>
<BR>[Calls]<UL><LI><a href="#[52]">&gt;&gt;</a>&nbsp;&nbsp;&nbsp;daliSend
</UL>
<BR>[Called By]<UL><LI><a href="#[135]">&gt;&gt;</a>&nbsp;&nbsp;&nbsp;daliSensoresDaliNotifyCb
</UL>

<P><STRONG><a name="[ec]"></a>dANIGotoStage</STRONG> (Thumb, 22 bytes, Stack size 8 bytes, dani.o(i.dANIGotoStage))
<BR><BR>[Stack]<UL><LI>Max Depth = 8<LI>Call Chain = dANIGotoStage
</UL>
<BR>[Calls]<UL><LI><a href="#[f2]">&gt;&gt;</a>&nbsp;&nbsp;&nbsp;dASRADoneFlagClear
<LI><a href="#[f3]">&gt;&gt;</a>&nbsp;&nbsp;&nbsp;dAPSADoneFlagClear
<LI><a href="#[f1]">&gt;&gt;</a>&nbsp;&nbsp;&nbsp;dADSADoneFlagClear
</UL>
<BR>[Called By]<UL><LI><a href="#[f4]">&gt;&gt;</a>&nbsp;&nbsp;&nbsp;dANIStart
<LI><a href="#[eb]">&gt;&gt;</a>&nbsp;&nbsp;&nbsp;dANIDoTask
</UL>

<P><STRONG><a name="[f6]"></a>dAPSAGotoStage</STRONG> (Thumb, 36 bytes, Stack size 0 bytes, dapsa.o(i.dAPSAGotoStage))
<BR><BR>[Called By]<UL><LI><a href="#[f5]">&gt;&gt;</a>&nbsp;&nbsp;&nbsp;dAPSADoTask
<LI><a href="#[ef]">&gt;&gt;</a>&nbsp;&nbsp;&nbsp;dAPSAStart
</UL>

<P><STRONG><a name="[10d]"></a>dASEGotoStage</STRONG> (Thumb, 22 bytes, Stack size 8 bytes, dase.o(i.dASEGotoStage))
<BR><BR>[Stack]<UL><LI>Max Depth = 8<LI>Call Chain = dASEGotoStage
</UL>
<BR>[Calls]<UL><LI><a href="#[f2]">&gt;&gt;</a>&nbsp;&nbsp;&nbsp;dASRADoneFlagClear
<LI><a href="#[f3]">&gt;&gt;</a>&nbsp;&nbsp;&nbsp;dAPSADoneFlagClear
<LI><a href="#[e9]">&gt;&gt;</a>&nbsp;&nbsp;&nbsp;dAQCGLDoneFlagClear
</UL>
<BR>[Called By]<UL><LI><a href="#[10e]">&gt;&gt;</a>&nbsp;&nbsp;&nbsp;dASEStart
<LI><a href="#[10c]">&gt;&gt;</a>&nbsp;&nbsp;&nbsp;dASEDoTask
</UL>

<P><STRONG><a name="[110]"></a>dASRAGotoStage</STRONG> (Thumb, 44 bytes, Stack size 0 bytes, dasra.o(i.dASRAGotoStage))
<BR><BR>[Called By]<UL><LI><a href="#[10f]">&gt;&gt;</a>&nbsp;&nbsp;&nbsp;dASRADoTask
<LI><a href="#[ed]">&gt;&gt;</a>&nbsp;&nbsp;&nbsp;dASRAStart
</UL>

<P><STRONG><a name="[236]"></a>qSNReadMemoryLocationSend</STRONG> (Thumb, 44 bytes, Stack size 32 bytes, qsn.o(i.qSNReadMemoryLocationSend))
<BR><BR>[Stack]<UL><LI>Max Depth = 52<LI>Call Chain = qSNReadMemoryLocationSend &rArr; daliSend
</UL>
<BR>[Calls]<UL><LI><a href="#[52]">&gt;&gt;</a>&nbsp;&nbsp;&nbsp;daliSend
</UL>
<BR>[Called By]<UL><LI><a href="#[12a]">&gt;&gt;</a>&nbsp;&nbsp;&nbsp;qSNDoTask
</UL>

<P><STRONG><a name="[28a]"></a>sensoresGruposPulsadoresTWAccionSolicitar</STRONG> (Thumb, 30 bytes, Stack size 16 bytes, sensoresgrupospulsadorestw.o(i.sensoresGruposPulsadoresTWAccionSolicitar))
<BR><BR>[Stack]<UL><LI>Max Depth = 24<LI>Call Chain = sensoresGruposPulsadoresTWAccionSolicitar &rArr; circGruposInhibidosSet
</UL>
<BR>[Calls]<UL><LI><a href="#[77]">&gt;&gt;</a>&nbsp;&nbsp;&nbsp;circGruposInhibidosSet
<LI><a href="#[28b]">&gt;&gt;</a>&nbsp;&nbsp;&nbsp;_sensoresGruposAccionTcStepUpSet
<LI><a href="#[28c]">&gt;&gt;</a>&nbsp;&nbsp;&nbsp;_sensoresGruposAccionTcStepDownSet
</UL>
<BR>[Called By]<UL><LI><a href="#[28d]">&gt;&gt;</a>&nbsp;&nbsp;&nbsp;sensoresGruposPulsadoresTWActualizarNivel
</UL>

<P><STRONG><a name="[28d]"></a>sensoresGruposPulsadoresTWActualizarNivel</STRONG> (Thumb, 80 bytes, Stack size 24 bytes, sensoresgrupospulsadorestw.o(i.sensoresGruposPulsadoresTWActualizarNivel))
<BR><BR>[Stack]<UL><LI>Max Depth = 48<LI>Call Chain = sensoresGruposPulsadoresTWActualizarNivel &rArr; sensoresGruposPulsadoresTWAccionSolicitar &rArr; circGruposInhibidosSet
</UL>
<BR>[Calls]<UL><LI><a href="#[287]">&gt;&gt;</a>&nbsp;&nbsp;&nbsp;_sensoresGruposAccionQuerySensorStatusSet
<LI><a href="#[28a]">&gt;&gt;</a>&nbsp;&nbsp;&nbsp;sensoresGruposPulsadoresTWAccionSolicitar
</UL>
<BR>[Called By]<UL><LI><a href="#[270]">&gt;&gt;</a>&nbsp;&nbsp;&nbsp;sensoresGruposPulsadoresTWDoTask
</UL>

<P><STRONG><a name="[3f]"></a>RTC_Bcd2ToByte</STRONG> (Thumb, 16 bytes, Stack size 0 bytes, stm32f0xx_rtc.o(i.RTC_Bcd2ToByte))
<BR><BR>[Called By]<UL><LI><a href="#[4c]">&gt;&gt;</a>&nbsp;&nbsp;&nbsp;RTC_SetTime
<LI><a href="#[4a]">&gt;&gt;</a>&nbsp;&nbsp;&nbsp;RTC_SetDate
<LI><a href="#[48]">&gt;&gt;</a>&nbsp;&nbsp;&nbsp;RTC_SetAlarm
<LI><a href="#[40]">&gt;&gt;</a>&nbsp;&nbsp;&nbsp;RTC_GetTime
<LI><a href="#[3e]">&gt;&gt;</a>&nbsp;&nbsp;&nbsp;RTC_GetDate
</UL>

<P><STRONG><a name="[49]"></a>RTC_ByteToBcd2</STRONG> (Thumb, 24 bytes, Stack size 0 bytes, stm32f0xx_rtc.o(i.RTC_ByteToBcd2))
<BR><BR>[Called By]<UL><LI><a href="#[4c]">&gt;&gt;</a>&nbsp;&nbsp;&nbsp;RTC_SetTime
<LI><a href="#[4a]">&gt;&gt;</a>&nbsp;&nbsp;&nbsp;RTC_SetDate
<LI><a href="#[48]">&gt;&gt;</a>&nbsp;&nbsp;&nbsp;RTC_SetAlarm
</UL>
<P>
<H3>
Undefined Global Symbols
</H3><HR></body></html>
